V/WindowManager(21515): Remove Window{47e77a00 SurfaceView paused=false}: mSurface=null mExiting=false isAnimating=false app-animation=null inPendingTransaction=false mDisplayFrozen=false
V/WindowManager(21515): Remove Window{47b19f08 com.kingvidbina.test/com.kingvidbina.test.Cam paused=false}: mSurface=null mExiting=false isAnimating=false app-animation=null inPendingTransaction=false mDisplayFrozen=false
V/WindowManager(21515): Remove Window{47e72828 com.kingvidbina.test/com.kingvidbina.test.Main paused=false}: mSurface=Surface(name=com.kingvidbina.test/com.kingvidbina.test.Main, identity=188) mExiting=false isAnimating=false app-animation=null inPendingTransaction=false mDisplayFrozen=false
D/ConnectivityService(21515): getMobileDataEnabled returning true
D/TelephonyRegistry(21515): notifyDataConnection() state=2isDataConnectivityPossible()true, reason=null
D/TelephonyRegistry(21515): broadcastDataConnectionStateChanged()  state=CONNECTEDtypes=default,dun,supl, interfaceName=rmnet0
D/ConnectivityService(21515): getMobileDataEnabled returning true
I/ActivityManager(21515): Force stopping package com.kingvidbina.test uid=10261
I/PackageManager(21515): Package com.kingvidbina.test codePath changed from /data/app/com.kingvidbina.test-1.apk to /data/app/com.kingvidbina.test-2.apk; Retaining data and using new
D/ConnectivityService(21515): getMobileDataEnabled returning true
D/TelephonyRegistry(21515): notifyDataConnection() state=2isDataConnectivityPossible()true, reason=null
D/TelephonyRegistry(21515): broadcastDataConnectionStateChanged()  state=CONNECTEDtypes=default,dun,supl, interfaceName=rmnet0
D/ConnectivityService(21515): getMobileDataEnabled returning true
I/ActivityManager(21515): Force stopping package com.kingvidbina.test uid=10261
W/PackageManager(21515): Code path for pkg : com.kingvidbina.test changing from /data/app/com.kingvidbina.test-1.apk to /data/app/com.kingvidbina.test-2.apk
W/PackageManager(21515): Resource path for pkg : com.kingvidbina.test changing from /data/app/com.kingvidbina.test-1.apk to /data/app/com.kingvidbina.test-2.apk
I/ActivityManager(21515): Force stopping package com.kingvidbina.test uid=10261
D/WifiService(21515): acquireWifiLockLocked: WifiLock{NetworkLocationProvider type=2 binder=android.os.Binder@47b3eb28}
D/WifiService(21515): enable and start wifi due to updateWifiState
I/ActivityManager(21515): Starting activity: Intent { act=android.intent.action.MAIN flg=0x10000000 cmp=com.kingvidbina.test/.Main }
I/ActivityManager(21515): Start proc com.kingvidbina.test for activity com.kingvidbina.test/.Main: pid=25689 uid=10261 gids={1006, 1015}
V/WindowManager(21515): Remove Window{47b19f08 Starting com.kingvidbina.test paused=false}: mSurface=Surface(name=Starting com.kingvidbina.test, identity=190) mExiting=false isAnimating=false app-animation=null inPendingTransaction=false mDisplayFrozen=false
E/WindowManager(21515): return in removeWindowLocked
D/ConnectivityService(21515): getMobileDataEnabled returning true
D/TelephonyRegistry(21515): notifyDataConnection() state=2isDataConnectivityPossible()true, reason=null
D/TelephonyRegistry(21515): broadcastDataConnectionStateChanged()  state=CONNECTEDtypes=default,dun,supl, interfaceName=rmnet0
D/ConnectivityService(21515): getMobileDataEnabled returning true
I/ActivityManager(21515): Starting activity: Intent { cmp=com.kingvidbina.test/.Cam }
D/WifiService(21515): releaseWifiLockLocked: WifiLock{NetworkLocationProvider type=2 binder=android.os.Binder@47b3eb28}
D/WifiService(21515): enable and start wifi due to updateWifiState
I/WindowManager(21515): Setting rotation to 1, animFlags=0
I/ActivityManager(21515): Config changed: { scale=1.0 imsi=204/4 loc=en_NL touch=3 keys=1/1/2 nav=1/1 orien=2 layout=34 uiMode=17 seq=12 skin=com.htc.skin.Slate}
I/UsageStats(21515): Unexpected resume of com.kingvidbina.test while already resumed in com.kingvidbina.test
V/WindowManager(21515): Remove Window{47e72828 SurfaceView paused=false}: mSurface=null mExiting=false isAnimating=false app-animation=null inPendingTransaction=false mDisplayFrozen=true
V/WindowManager(21515): Remove Window{47e043d0 com.kingvidbina.test/com.kingvidbina.test.Cam paused=false}: mSurface=Surface(name=com.kingvidbina.test/com.kingvidbina.test.Cam, identity=192) mExiting=false isAnimating=false app-animation=null inPendingTransaction=false mDisplayFrozen=true
I/WindowManager(21515): Setting rotation to 0, animFlags=0
I/ActivityManager(21515): Config changed: { scale=1.0 imsi=204/4 loc=en_NL touch=3 keys=1/1/2 nav=1/1 orien=1 layout=34 uiMode=17 seq=13 skin=com.htc.skin.Slate}
I/UsageStats(21515): Unexpected resume of com.kingvidbina.test while already resumed in com.kingvidbina.test
D/ConnectivityService(21515): getMobileDataEnabled returning true
D/TelephonyRegistry(21515): notifyDataConnection() state=2isDataConnectivityPossible()true, reason=null
D/TelephonyRegistry(21515): broadcastDataConnectionStateChanged()  state=CONNECTEDtypes=default,dun,supl, interfaceName=rmnet0
D/ConnectivityService(21515): getMobileDataEnabled returning true
V/WindowManager(21515): Remove Window{4806c3c0 SurfaceView paused=false}: mSurface=null mExiting=false isAnimating=false app-animation=null inPendingTransaction=false mDisplayFrozen=true
V/WindowManager(21515): Remove Window{47d64a10 com.kingvidbina.test/com.kingvidbina.test.Cam paused=false}: mSurface=Surface(name=com.kingvidbina.test/com.kingvidbina.test.Cam, identity=194) mExiting=false isAnimating=false app-animation=null inPendingTransaction=false mDisplayFrozen=true
D/WifiService(21515): acquireWifiLockLocked: WifiLock{NetworkLocationProvider type=2 binder=android.os.Binder@47b3eb28}
D/WifiService(21515): enable and start wifi due to updateWifiState
D/ConnectivityService(21515): getMobileDataEnabled returning true
D/TelephonyRegistry(21515): notifyDataConnection() state=2isDataConnectivityPossible()true, reason=null
D/TelephonyRegistry(21515): broadcastDataConnectionStateChanged()  state=CONNECTEDtypes=default,dun,supl, interfaceName=rmnet0
D/ConnectivityService(21515): getMobileDataEnabled returning true
D/WifiService(21515): releaseWifiLockLocked: WifiLock{NetworkLocationProvider type=2 binder=android.os.Binder@47b3eb28}
D/WifiService(21515): enable and start wifi due to updateWifiState
V/WindowManager(21515): Remove Window{47e043d0 SurfaceView paused=false}: mSurface=null mExiting=false isAnimating=false app-animation=null inPendingTransaction=false mDisplayFrozen=false
V/WindowManager(21515): Remove Window{47b19f08 com.kingvidbina.test/com.kingvidbina.test.Cam paused=false}: mSurface=null mExiting=false isAnimating=false app-animation=null inPendingTransaction=false mDisplayFrozen=false
D/ConnectivityService(21515): getMobileDataEnabled returning true
D/TelephonyRegistry(21515): notifyDataConnection() state=2isDataConnectivityPossible()true, reason=null
D/TelephonyRegistry(21515): broadcastDataConnectionStateChanged()  state=CONNECTEDtypes=default,dun,supl, interfaceName=rmnet0
D/ConnectivityService(21515): getMobileDataEnabled returning true
V/WindowManager(21515): Remove Window{47d64078 com.kingvidbina.test/com.kingvidbina.test.Main paused=false}: mSurface=null mExiting=false isAnimating=false app-animation=null inPendingTransaction=false mDisplayFrozen=false
D/ConnectivityService(21515): getMobileDataEnabled returning true
D/TelephonyRegistry(21515): notifyDataConnection() state=2isDataConnectivityPossible()true, reason=null
D/TelephonyRegistry(21515): broadcastDataConnectionStateChanged()  state=CONNECTEDtypes=default,dun,supl, interfaceName=rmnet0
D/ConnectivityService(21515): getMobileDataEnabled returning true
D/ConnectivityService(21515): getMobileDataEnabled returning true
D/TelephonyRegistry(21515): notifyDataConnection() state=2isDataConnectivityPossible()true, reason=null
D/TelephonyRegistry(21515): broadcastDataConnectionStateChanged()  state=CONNECTEDtypes=default,dun,supl, interfaceName=rmnet0
D/ConnectivityService(21515): getMobileDataEnabled returning true
D/ConnectivityService(21515): getMobileDataEnabled returning true
D/TelephonyRegistry(21515): notifyDataConnection() state=2isDataConnectivityPossible()true, reason=null
D/TelephonyRegistry(21515): broadcastDataConnectionStateChanged()  state=CONNECTEDtypes=default,dun,supl, interfaceName=rmnet0
D/ConnectivityService(21515): getMobileDataEnabled returning true
D/ConnectivityService(21515): getMobileDataEnabled returning true
D/TelephonyRegistry(21515): notifyDataConnection() state=2isDataConnectivityPossible()true, reason=null
D/TelephonyRegistry(21515): broadcastDataConnectionStateChanged()  state=CONNECTEDtypes=default,dun,supl, interfaceName=rmnet0
D/ConnectivityService(21515): getMobileDataEnabled returning true
D/ConnectivityService(21515): getMobileDataEnabled returning true
D/TelephonyRegistry(21515): notifyDataConnection() state=2isDataConnectivityPossible()true, reason=null
D/TelephonyRegistry(21515): broadcastDataConnectionStateChanged()  state=CONNECTEDtypes=default,dun,supl, interfaceName=rmnet0
D/ConnectivityService(21515): getMobileDataEnabled returning true
D/ConnectivityService(21515): getMobileDataEnabled returning true
D/TelephonyRegistry(21515): notifyDataConnection() state=2isDataConnectivityPossible()true, reason=null
D/TelephonyRegistry(21515): broadcastDataConnectionStateChanged()  state=CONNECTEDtypes=default,dun,supl, interfaceName=rmnet0
D/ConnectivityService(21515): getMobileDataEnabled returning true
D/WifiService(21515): acquireWifiLockLocked: WifiLock{NetworkLocationProvider type=2 binder=android.os.Binder@47b3eb28}
D/WifiService(21515): enable and start wifi due to updateWifiState
D/ConnectivityService(21515): getMobileDataEnabled returning true
D/TelephonyRegistry(21515): notifyDataConnection() state=2isDataConnectivityPossible()true, reason=null
D/TelephonyRegistry(21515): broadcastDataConnectionStateChanged()  state=CONNECTEDtypes=default,dun,supl, interfaceName=rmnet0
D/ConnectivityService(21515): getMobileDataEnabled returning true
D/WifiService(21515): releaseWifiLockLocked: WifiLock{NetworkLocationProvider type=2 binder=android.os.Binder@47b3eb28}
D/WifiService(21515): enable and start wifi due to updateWifiState
D/ConnectivityService(21515): getMobileDataEnabled returning true
D/TelephonyRegistry(21515): notifyDataConnection() state=2isDataConnectivityPossible()true, reason=null
D/TelephonyRegistry(21515): broadcastDataConnectionStateChanged()  state=CONNECTEDtypes=default,dun,supl, interfaceName=rmnet0
D/ConnectivityService(21515): getMobileDataEnabled returning true
D/ConnectivityService(21515): getMobileDataEnabled returning true
D/TelephonyRegistry(21515): notifyDataConnection() state=2isDataConnectivityPossible()true, reason=null
D/TelephonyRegistry(21515): broadcastDataConnectionStateChanged()  state=CONNECTEDtypes=default,dun,supl, interfaceName=rmnet0
D/ConnectivityService(21515): getMobileDataEnabled returning true
D/ConnectivityService(21515): getMobileDataEnabled returning true
D/TelephonyRegistry(21515): notifyDataConnection() state=2isDataConnectivityPossible()true, reason=null
D/TelephonyRegistry(21515): broadcastDataConnectionStateChanged()  state=CONNECTEDtypes=default,dun,supl, interfaceName=rmnet0
D/ConnectivityService(21515): getMobileDataEnabled returning true
D/WifiService(21515): acquireWifiLockLocked: WifiLock{MAIL_WIFI_LOCK type=1 binder=android.os.BinderProxy@4811f388}
D/WifiService(21515): enable and start wifi due to updateWifiState
D/ConnectivityService(21515): getMobileDataEnabled returning true
D/TelephonyRegistry(21515): notifyDataConnection() state=2isDataConnectivityPossible()true, reason=null
D/TelephonyRegistry(21515): broadcastDataConnectionStateChanged()  state=CONNECTEDtypes=default,dun,supl, interfaceName=rmnet0
D/ConnectivityService(21515): getMobileDataEnabled returning true
D/WifiService(21515): releaseWifiLockLocked: WifiLock{MAIL_WIFI_LOCK type=1 binder=android.os.BinderProxy@4811f388}
D/WifiService(21515): enable and start wifi due to updateWifiState
D/WifiService(21515): acquireWifiLockLocked: WifiLock{NetworkLocationProvider type=2 binder=android.os.Binder@47b3eb28}
D/WifiService(21515): enable and start wifi due to updateWifiState
D/ConnectivityService(21515): getMobileDataEnabled returning true
D/TelephonyRegistry(21515): notifyDataConnection() state=2isDataConnectivityPossible()true, reason=null
D/TelephonyRegistry(21515): broadcastDataConnectionStateChanged()  state=CONNECTEDtypes=default,dun,supl, interfaceName=rmnet0
D/ConnectivityService(21515): getMobileDataEnabled returning true
D/WifiService(21515): releaseWifiLockLocked: WifiLock{NetworkLocationProvider type=2 binder=android.os.Binder@47b3eb28}
D/WifiService(21515): enable and start wifi due to updateWifiState
D/ConnectivityService(21515): getMobileDataEnabled returning true
D/TelephonyRegistry(21515): notifyDataConnection() state=2isDataConnectivityPossible()true, reason=null
D/TelephonyRegistry(21515): broadcastDataConnectionStateChanged()  state=CONNECTEDtypes=default,dun,supl, interfaceName=rmnet0
D/ConnectivityService(21515): getMobileDataEnabled returning true
D/ConnectivityService(21515): getMobileDataEnabled returning true
D/TelephonyRegistry(21515): notifyDataConnection() state=2isDataConnectivityPossible()true, reason=null
D/TelephonyRegistry(21515): broadcastDataConnectionStateChanged()  state=CONNECTEDtypes=default,dun,supl, interfaceName=rmnet0
D/ConnectivityService(21515): getMobileDataEnabled returning true
D/ConnectivityService(21515): getMobileDataEnabled returning true
D/TelephonyRegistry(21515): notifyDataConnection() state=2isDataConnectivityPossible()true, reason=null
D/TelephonyRegistry(21515): broadcastDataConnectionStateChanged()  state=CONNECTEDtypes=default,dun,supl, interfaceName=rmnet0
D/ConnectivityService(21515): getMobileDataEnabled returning true
D/ConnectivityService(21515): getMobileDataEnabled returning true
D/TelephonyRegistry(21515): notifyDataConnection() state=2isDataConnectivityPossible()true, reason=null
D/TelephonyRegistry(21515): broadcastDataConnectionStateChanged()  state=CONNECTEDtypes=default,dun,supl, interfaceName=rmnet0
D/ConnectivityService(21515): getMobileDataEnabled returning true
D/WifiService(21515): acquireWifiLockLocked: WifiLock{NetworkLocationProvider type=2 binder=android.os.Binder@47b3eb28}
D/WifiService(21515): enable and start wifi due to updateWifiState
D/WifiService(21515): ACTION_BATTERY_CHANGED pluggedType: 2
D/WifiService(21515): releaseWifiLockLocked: WifiLock{NetworkLocationProvider type=2 binder=android.os.Binder@47b3eb28}
D/WifiService(21515): enable and start wifi due to updateWifiState
D/ConnectivityService(21515): getMobileDataEnabled returning true
D/TelephonyRegistry(21515): notifyDataConnection() state=2isDataConnectivityPossible()true, reason=null
D/TelephonyRegistry(21515): broadcastDataConnectionStateChanged()  state=CONNECTEDtypes=default,dun,supl, interfaceName=rmnet0
D/ConnectivityService(21515): getMobileDataEnabled returning true
D/ConnectivityService(21515): getMobileDataEnabled returning true
D/TelephonyRegistry(21515): notifyDataConnection() state=2isDataConnectivityPossible()true, reason=null
D/TelephonyRegistry(21515): broadcastDataConnectionStateChanged()  state=CONNECTEDtypes=default,dun,supl, interfaceName=rmnet0
D/ConnectivityService(21515): getMobileDataEnabled returning true
D/ConnectivityService(21515): getMobileDataEnabled returning true
D/TelephonyRegistry(21515): notifyDataConnection() state=2isDataConnectivityPossible()true, reason=null
D/TelephonyRegistry(21515): broadcastDataConnectionStateChanged()  state=CONNECTEDtypes=default,dun,supl, interfaceName=rmnet0
D/ConnectivityService(21515): getMobileDataEnabled returning true
D/ConnectivityService(21515): getMobileDataEnabled returning true
D/TelephonyRegistry(21515): notifyDataConnection() state=2isDataConnectivityPossible()true, reason=null
D/TelephonyRegistry(21515): broadcastDataConnectionStateChanged()  state=CONNECTEDtypes=default,dun,supl, interfaceName=rmnet0
D/ConnectivityService(21515): getMobileDataEnabled returning true
D/WifiService(21515): acquireWifiLockLocked: WifiLock{NetworkLocationProvider type=2 binder=android.os.Binder@47b3eb28}
D/WifiService(21515): enable and start wifi due to updateWifiState
D/WifiService(21515): releaseWifiLockLocked: WifiLock{NetworkLocationProvider type=2 binder=android.os.Binder@47b3eb28}
D/WifiService(21515): enable and start wifi due to updateWifiState
D/ConnectivityService(21515): getMobileDataEnabled returning true
D/TelephonyRegistry(21515): notifyDataConnection() state=2isDataConnectivityPossible()true, reason=null
D/TelephonyRegistry(21515): broadcastDataConnectionStateChanged()  state=CONNECTEDtypes=default,dun,supl, interfaceName=rmnet0
D/ConnectivityService(21515): getMobileDataEnabled returning true
D/ConnectivityService(21515): getMobileDataEnabled returning true
D/TelephonyRegistry(21515): notifyDataConnection() state=2isDataConnectivityPossible()true, reason=null
D/TelephonyRegistry(21515): broadcastDataConnectionStateChanged()  state=CONNECTEDtypes=default,dun,supl, interfaceName=rmnet0
D/ConnectivityService(21515): getMobileDataEnabled returning true
D/ConnectivityService(21515): getMobileDataEnabled returning true
D/TelephonyRegistry(21515): notifyDataConnection() state=2isDataConnectivityPossible()true, reason=null
D/TelephonyRegistry(21515): broadcastDataConnectionStateChanged()  state=CONNECTEDtypes=default,dun,supl, interfaceName=rmnet0
D/ConnectivityService(21515): getMobileDataEnabled returning true
D/ConnectivityService(21515): getMobileDataEnabled returning true
D/TelephonyRegistry(21515): notifyDataConnection() state=2isDataConnectivityPossible()true, reason=null
D/TelephonyRegistry(21515): broadcastDataConnectionStateChanged()  state=CONNECTEDtypes=default,dun,supl, interfaceName=rmnet0
D/ConnectivityService(21515): getMobileDataEnabled returning true
D/WifiService(21515): acquireWifiLockLocked: WifiLock{NetworkLocationProvider type=2 binder=android.os.Binder@47b3eb28}
D/WifiService(21515): enable and start wifi due to updateWifiState
D/WifiService(21515): releaseWifiLockLocked: WifiLock{NetworkLocationProvider type=2 binder=android.os.Binder@47b3eb28}
D/WifiService(21515): enable and start wifi due to updateWifiState
D/ConnectivityService(21515): getMobileDataEnabled returning true
D/TelephonyRegistry(21515): notifyDataConnection() state=2isDataConnectivityPossible()true, reason=null
D/TelephonyRegistry(21515): broadcastDataConnectionStateChanged()  state=CONNECTEDtypes=default,dun,supl, interfaceName=rmnet0
D/ConnectivityService(21515): getMobileDataEnabled returning true
D/ConnectivityService(21515): getMobileDataEnabled returning true
D/TelephonyRegistry(21515): notifyDataConnection() state=2isDataConnectivityPossible()true, reason=null
D/TelephonyRegistry(21515): broadcastDataConnectionStateChanged()  state=CONNECTEDtypes=default,dun,supl, interfaceName=rmnet0
D/ConnectivityService(21515): getMobileDataEnabled returning true
D/ConnectivityService(21515): getMobileDataEnabled returning true
D/TelephonyRegistry(21515): notifyDataConnection() state=2isDataConnectivityPossible()true, reason=null
D/TelephonyRegistry(21515): broadcastDataConnectionStateChanged()  state=CONNECTEDtypes=default,dun,supl, interfaceName=rmnet0
D/ConnectivityService(21515): getMobileDataEnabled returning true
D/ConnectivityService(21515): getMobileDataEnabled returning true
D/TelephonyRegistry(21515): notifyDataConnection() state=2isDataConnectivityPossible()true, reason=null
D/TelephonyRegistry(21515): broadcastDataConnectionStateChanged()  state=CONNECTEDtypes=default,dun,supl, interfaceName=rmnet0
D/ConnectivityService(21515): getMobileDataEnabled returning true
D/WifiService(21515): acquireWifiLockLocked: WifiLock{NetworkLocationProvider type=2 binder=android.os.Binder@47b3eb28}
D/WifiService(21515): enable and start wifi due to updateWifiState
D/WifiService(21515): releaseWifiLockLocked: WifiLock{NetworkLocationProvider type=2 binder=android.os.Binder@47b3eb28}
D/WifiService(21515): enable and start wifi due to updateWifiState
D/ConnectivityService(21515): getMobileDataEnabled returning true
D/TelephonyRegistry(21515): notifyDataConnection() state=2isDataConnectivityPossible()true, reason=null
D/TelephonyRegistry(21515): broadcastDataConnectionStateChanged()  state=CONNECTEDtypes=default,dun,supl, interfaceName=rmnet0
D/ConnectivityService(21515): getMobileDataEnabled returning true
D/ConnectivityService(21515): getMobileDataEnabled returning true
D/TelephonyRegistry(21515): notifyDataConnection() state=2isDataConnectivityPossible()true, reason=null
D/TelephonyRegistry(21515): broadcastDataConnectionStateChanged()  state=CONNECTEDtypes=default,dun,supl, interfaceName=rmnet0
D/ConnectivityService(21515): getMobileDataEnabled returning true
D/ConnectivityService(21515): getMobileDataEnabled returning true
D/TelephonyRegistry(21515): notifyDataConnection() state=2isDataConnectivityPossible()true, reason=null
D/TelephonyRegistry(21515): broadcastDataConnectionStateChanged()  state=CONNECTEDtypes=default,dun,supl, interfaceName=rmnet0
D/ConnectivityService(21515): getMobileDataEnabled returning true
D/ConnectivityService(21515): getMobileDataEnabled returning true
D/TelephonyRegistry(21515): notifyDataConnection() state=2isDataConnectivityPossible()true, reason=null
D/TelephonyRegistry(21515): broadcastDataConnectionStateChanged()  state=CONNECTEDtypes=default,dun,supl, interfaceName=rmnet0
D/ConnectivityService(21515): getMobileDataEnabled returning true
D/WifiService(21515): acquireWifiLockLocked: WifiLock{NetworkLocationProvider type=2 binder=android.os.Binder@47b3eb28}
D/WifiService(21515): enable and start wifi due to updateWifiState
D/WifiService(21515): releaseWifiLockLocked: WifiLock{NetworkLocationProvider type=2 binder=android.os.Binder@47b3eb28}
D/WifiService(21515): enable and start wifi due to updateWifiState
D/ConnectivityService(21515): getMobileDataEnabled returning true
D/TelephonyRegistry(21515): notifyDataConnection() state=2isDataConnectivityPossible()true, reason=null
D/TelephonyRegistry(21515): broadcastDataConnectionStateChanged()  state=CONNECTEDtypes=default,dun,supl, interfaceName=rmnet0
D/ConnectivityService(21515): getMobileDataEnabled returning true
D/ConnectivityService(21515): getMobileDataEnabled returning true
D/TelephonyRegistry(21515): notifyDataConnection() state=2isDataConnectivityPossible()true, reason=null
D/TelephonyRegistry(21515): broadcastDataConnectionStateChanged()  state=CONNECTEDtypes=default,dun,supl, interfaceName=rmnet0
D/ConnectivityService(21515): getMobileDataEnabled returning true
D/ConnectivityService(21515): getMobileDataEnabled returning true
D/TelephonyRegistry(21515): notifyDataConnection() state=2isDataConnectivityPossible()true, reason=null
D/TelephonyRegistry(21515): broadcastDataConnectionStateChanged()  state=CONNECTEDtypes=default,dun,supl, interfaceName=rmnet0
D/ConnectivityService(21515): getMobileDataEnabled returning true
D/ConnectivityService(21515): getMobileDataEnabled returning true
D/TelephonyRegistry(21515): notifyDataConnection() state=2isDataConnectivityPossible()true, reason=null
D/TelephonyRegistry(21515): broadcastDataConnectionStateChanged()  state=CONNECTEDtypes=default,dun,supl, interfaceName=rmnet0
D/ConnectivityService(21515): getMobileDataEnabled returning true
D/WifiService(21515): acquireWifiLockLocked: WifiLock{NetworkLocationProvider type=2 binder=android.os.Binder@47b3eb28}
D/WifiService(21515): enable and start wifi due to updateWifiState
D/WifiService(21515): releaseWifiLockLocked: WifiLock{NetworkLocationProvider type=2 binder=android.os.Binder@47b3eb28}
D/WifiService(21515): enable and start wifi due to updateWifiState
D/ConnectivityService(21515): getMobileDataEnabled returning true
D/TelephonyRegistry(21515): notifyDataConnection() state=2isDataConnectivityPossible()true, reason=null
D/TelephonyRegistry(21515): broadcastDataConnectionStateChanged()  state=CONNECTEDtypes=default,dun,supl, interfaceName=rmnet0
D/ConnectivityService(21515): getMobileDataEnabled returning true
D/ConnectivityService(21515): getMobileDataEnabled returning true
D/TelephonyRegistry(21515): notifyDataConnection() state=2isDataConnectivityPossible()true, reason=null
D/TelephonyRegistry(21515): broadcastDataConnectionStateChanged()  state=CONNECTEDtypes=default,dun,supl, interfaceName=rmnet0
D/ConnectivityService(21515): getMobileDataEnabled returning true
D/ConnectivityService(21515): getMobileDataEnabled returning true
D/TelephonyRegistry(21515): notifyDataConnection() state=2isDataConnectivityPossible()true, reason=null
D/TelephonyRegistry(21515): broadcastDataConnectionStateChanged()  state=CONNECTEDtypes=default,dun,supl, interfaceName=rmnet0
D/ConnectivityService(21515): getMobileDataEnabled returning true
D/ConnectivityService(21515): getMobileDataEnabled returning true
D/TelephonyRegistry(21515): notifyDataConnection() state=2isDataConnectivityPossible()true, reason=null
D/TelephonyRegistry(21515): broadcastDataConnectionStateChanged()  state=CONNECTEDtypes=default,dun,supl, interfaceName=rmnet0
D/ConnectivityService(21515): getMobileDataEnabled returning true
D/WifiService(21515): acquireWifiLockLocked: WifiLock{NetworkLocationProvider type=2 binder=android.os.Binder@47b3eb28}
D/WifiService(21515): enable and start wifi due to updateWifiState
D/WifiService(21515): releaseWifiLockLocked: WifiLock{NetworkLocationProvider type=2 binder=android.os.Binder@47b3eb28}
D/WifiService(21515): enable and start wifi due to updateWifiState
D/ConnectivityService(21515): getMobileDataEnabled returning true
D/TelephonyRegistry(21515): notifyDataConnection() state=2isDataConnectivityPossible()true, reason=null
D/TelephonyRegistry(21515): broadcastDataConnectionStateChanged()  state=CONNECTEDtypes=default,dun,supl, interfaceName=rmnet0
D/ConnectivityService(21515): getMobileDataEnabled returning true
D/ConnectivityService(21515): getMobileDataEnabled returning true
D/TelephonyRegistry(21515): notifyDataConnection() state=2isDataConnectivityPossible()true, reason=null
D/TelephonyRegistry(21515): broadcastDataConnectionStateChanged()  state=CONNECTEDtypes=default,dun,supl, interfaceName=rmnet0
D/ConnectivityService(21515): getMobileDataEnabled returning true
D/ConnectivityService(21515): getMobileDataEnabled returning true
D/TelephonyRegistry(21515): notifyDataConnection() state=2isDataConnectivityPossible()true, reason=null
D/TelephonyRegistry(21515): broadcastDataConnectionStateChanged()  state=CONNECTEDtypes=default,dun,supl, interfaceName=rmnet0
D/ConnectivityService(21515): getMobileDataEnabled returning true
D/ConnectivityService(21515): getMobileDataEnabled returning true
D/TelephonyRegistry(21515): notifyDataConnection() state=2isDataConnectivityPossible()true, reason=null
D/TelephonyRegistry(21515): broadcastDataConnectionStateChanged()  state=CONNECTEDtypes=default,dun,supl, interfaceName=rmnet0
D/ConnectivityService(21515): getMobileDataEnabled returning true
D/WifiService(21515): acquireWifiLockLocked: WifiLock{NetworkLocationProvider type=2 binder=android.os.Binder@47b3eb28}
D/WifiService(21515): enable and start wifi due to updateWifiState
D/WifiService(21515): releaseWifiLockLocked: WifiLock{NetworkLocationProvider type=2 binder=android.os.Binder@47b3eb28}
D/WifiService(21515): enable and start wifi due to updateWifiState
D/ConnectivityService(21515): getMobileDataEnabled returning true
D/TelephonyRegistry(21515): notifyDataConnection() state=2isDataConnectivityPossible()true, reason=null
D/TelephonyRegistry(21515): broadcastDataConnectionStateChanged()  state=CONNECTEDtypes=default,dun,supl, interfaceName=rmnet0
D/ConnectivityService(21515): getMobileDataEnabled returning true
D/ConnectivityService(21515): getMobileDataEnabled returning true
D/TelephonyRegistry(21515): notifyDataConnection() state=2isDataConnectivityPossible()true, reason=null
D/TelephonyRegistry(21515): broadcastDataConnectionStateChanged()  state=CONNECTEDtypes=default,dun,supl, interfaceName=rmnet0
D/ConnectivityService(21515): getMobileDataEnabled returning true
I/ActivityManager(21515): Force stopping package com.kingvidbina.test uid=10261
I/PackageManager(21515): Package com.kingvidbina.test codePath changed from /data/app/com.kingvidbina.test-2.apk to /data/app/com.kingvidbina.test-1.apk; Retaining data and using new
I/ActivityManager(21515): Force stopping package com.kingvidbina.test uid=10261
W/PackageManager(21515): Code path for pkg : com.kingvidbina.test changing from /data/app/com.kingvidbina.test-2.apk to /data/app/com.kingvidbina.test-1.apk
W/PackageManager(21515): Resource path for pkg : com.kingvidbina.test changing from /data/app/com.kingvidbina.test-2.apk to /data/app/com.kingvidbina.test-1.apk
I/ActivityManager(21515): Force stopping package com.kingvidbina.test uid=10261
D/WifiService(21515): acquireWifiLockLocked: WifiLock{NetworkLocationProvider type=2 binder=android.os.Binder@47b3eb28}
D/WifiService(21515): enable and start wifi due to updateWifiState
D/WifiService(21515): releaseWifiLockLocked: WifiLock{NetworkLocationProvider type=2 binder=android.os.Binder@47b3eb28}
D/WifiService(21515): enable and start wifi due to updateWifiState
D/ConnectivityService(21515): getMobileDataEnabled returning true
D/TelephonyRegistry(21515): notifyDataConnection() state=2isDataConnectivityPossible()true, reason=null
D/TelephonyRegistry(21515): broadcastDataConnectionStateChanged()  state=CONNECTEDtypes=default,dun,supl, interfaceName=rmnet0
D/ConnectivityService(21515): getMobileDataEnabled returning true
D/ConnectivityService(21515): getMobileDataEnabled returning true
D/TelephonyRegistry(21515): notifyDataConnection() state=2isDataConnectivityPossible()true, reason=null
D/TelephonyRegistry(21515): broadcastDataConnectionStateChanged()  state=CONNECTEDtypes=default,dun,supl, interfaceName=rmnet0
D/ConnectivityService(21515): getMobileDataEnabled returning true
D/ConnectivityService(21515): getMobileDataEnabled returning true
D/TelephonyRegistry(21515): notifyDataConnection() state=2isDataConnectivityPossible()true, reason=null
D/TelephonyRegistry(21515): broadcastDataConnectionStateChanged()  state=CONNECTEDtypes=default,dun,supl, interfaceName=rmnet0
D/ConnectivityService(21515): getMobileDataEnabled returning true
I/ActivityManager(21515): Starting activity: Intent { act=android.intent.action.MAIN flg=0x10000000 cmp=com.kingvidbina.test/.Main }
I/ActivityManager(21515): Start proc com.kingvidbina.test for activity com.kingvidbina.test/.Main: pid=25807 uid=10261 gids={1006, 1015}
V/WindowManager(21515): Remove Window{481143f8 Starting com.kingvidbina.test paused=false}: mSurface=Surface(name=Starting com.kingvidbina.test, identity=200) mExiting=false isAnimating=false app-animation=null inPendingTransaction=false mDisplayFrozen=false
E/WindowManager(21515): return in removeWindowLocked
D/ConnectivityService(21515): getMobileDataEnabled returning true
D/TelephonyRegistry(21515): notifyDataConnection() state=2isDataConnectivityPossible()true, reason=null
D/TelephonyRegistry(21515): broadcastDataConnectionStateChanged()  state=CONNECTEDtypes=default,dun,supl, interfaceName=rmnet0
D/ConnectivityService(21515): getMobileDataEnabled returning true
D/WifiService(21515): acquireWifiLockLocked: WifiLock{NetworkLocationProvider type=2 binder=android.os.Binder@47b3eb28}
D/WifiService(21515): enable and start wifi due to updateWifiState
D/WifiService(21515): ACTION_BATTERY_CHANGED pluggedType: 2
D/WifiService(21515): releaseWifiLockLocked: WifiLock{NetworkLocationProvider type=2 binder=android.os.Binder@47b3eb28}
D/WifiService(21515): enable and start wifi due to updateWifiState
I/ActivityManager(21515): Starting activity: Intent { cmp=com.kingvidbina.test/.Cam }
E/AndroidRuntime(25807): FATAL EXCEPTION: main
E/AndroidRuntime(25807): java.lang.NullPointerException
E/AndroidRuntime(25807): 	at com.kingvidbina.test.ScopeView.surfaceCreated(ScopeView.java:64)
E/AndroidRuntime(25807): 	at android.view.SurfaceView.updateWindow(SurfaceView.java:540)
E/AndroidRuntime(25807): 	at android.view.SurfaceView.dispatchDraw(SurfaceView.java:339)
E/AndroidRuntime(25807): 	at android.view.View.draw(View.java:6764)
E/AndroidRuntime(25807): 	at android.view.SurfaceView.draw(SurfaceView.java:325)
E/AndroidRuntime(25807): 	at com.kingvidbina.test.ScopeView.draw(ScopeView.java:54)
E/AndroidRuntime(25807): 	at android.view.ViewGroup.drawChild(ViewGroup.java:1663)
E/AndroidRuntime(25807): 	at android.view.ViewGroup.dispatchDraw(ViewGroup.java:1390)
E/AndroidRuntime(25807): 	at android.view.View.draw(View.java:6764)
E/AndroidRuntime(25807): 	at android.widget.FrameLayout.draw(FrameLayout.java:352)
E/AndroidRuntime(25807): 	at android.view.ViewGroup.drawChild(ViewGroup.java:1663)
E/AndroidRuntime(25807): 	at android.view.ViewGroup.dispatchDraw(ViewGroup.java:1390)
E/AndroidRuntime(25807): 	at android.view.View.draw(View.java:6764)
E/AndroidRuntime(25807): 	at android.view.ViewGroup.drawChild(ViewGroup.java:1663)
E/AndroidRuntime(25807): 	at android.view.ViewGroup.dispatchDraw(ViewGroup.java:1390)
E/AndroidRuntime(25807): 	at android.view.View.draw(View.java:6764)
E/AndroidRuntime(25807): 	at android.widget.FrameLayout.draw(FrameLayout.java:352)
E/AndroidRuntime(25807): 	at android.view.ViewGroup.drawChild(ViewGroup.java:1663)
E/AndroidRuntime(25807): 	at android.view.ViewGroup.dispatchDraw(ViewGroup.java:1390)
E/AndroidRuntime(25807): 	at android.view.ViewGroup.drawChild(ViewGroup.java:1661)
E/AndroidRuntime(25807): 	at android.view.ViewGroup.dispatchDraw(ViewGroup.java:1390)
E/AndroidRuntime(25807): 	at android.view.View.draw(View.java:6764)
E/AndroidRuntime(25807): 	at android.widget.FrameLayout.draw(FrameLayout.java:352)
E/AndroidRuntime(25807): 	at com.android.internal.policy.impl.PhoneWindow$DecorView.draw(PhoneWindow.java:1887)
E/AndroidRuntime(25807): 	at android.view.ViewRoot.draw(ViewRoot.java:1432)
E/AndroidRuntime(25807): 	at android.view.ViewRoot.performTraversals(ViewRoot.java:1167)
E/AndroidRuntime(25807): 	at android.view.ViewRoot.handleMessage(ViewRoot.java:1764)
E/AndroidRuntime(25807): 	at android.os.Handler.dispatchMessage(Handler.java:99)
E/AndroidRuntime(25807): 	at android.os.Looper.loop(Looper.java:143)
E/AndroidRuntime(25807): 	at android.app.ActivityThread.main(ActivityThread.java:5068)
E/AndroidRuntime(25807): 	at java.lang.reflect.Method.invokeNative(Native Method)
E/AndroidRuntime(25807): 	at java.lang.reflect.Method.invoke(Method.java:521)
E/AndroidRuntime(25807): 	at com.android.internal.os.ZygoteInit$MethodAndArgsCaller.run(ZygoteInit.java:858)
E/AndroidRuntime(25807): 	at com.android.internal.os.ZygoteInit.main(ZygoteInit.java:616)
E/AndroidRuntime(25807): 	at dalvik.system.NativeStart.main(Native Method)
W/ActivityManager(21515):   Force finishing activity com.kingvidbina.test/.Cam
W/ActivityManager(21515):   Force finishing activity com.kingvidbina.test/.Main
W/ActivityManager(21515): Activity pause timeout for HistoryRecord{47f97d18 com.kingvidbina.test/.Cam}
V/WindowManager(21515): Remove Window{480e03f8 Sorry! paused=false}: mSurface=Surface(name=Sorry!, identity=204) mExiting=false isAnimating=false app-animation=null inPendingTransaction=false mDisplayFrozen=false
E/WindowManager(21515): return in removeWindowLocked
I/ActivityManager(21515): Process com.kingvidbina.test (pid 25807) has died.
I/WindowManager(21515): WIN DEATH: Window{480887f8 com.kingvidbina.test/com.kingvidbina.test.Main paused=true}
V/WindowManager(21515): Remove Window{480887f8 com.kingvidbina.test/com.kingvidbina.test.Main paused=true}: mSurface=Surface(name=com.kingvidbina.test/com.kingvidbina.test.Main, identity=201) mExiting=false isAnimating=false app-animation=null inPendingTransaction=false mDisplayFrozen=false
I/WindowManager(21515): WIN DEATH: Window{47fe64e0 com.kingvidbina.test/com.kingvidbina.test.Cam paused=false}
V/WindowManager(21515): Remove Window{47fe64e0 com.kingvidbina.test/com.kingvidbina.test.Cam paused=false}: mSurface=Surface(name=com.kingvidbina.test/com.kingvidbina.test.Cam, identity=202) mExiting=false isAnimating=false app-animation=null inPendingTransaction=false mDisplayFrozen=false
I/WindowManager(21515): WIN DEATH: Window{48052de8 SurfaceView paused=false}
V/WindowManager(21515): Remove Window{48052de8 SurfaceView paused=false}: mSurface=Surface(name=SurfaceView, identity=203) mExiting=false isAnimating=false app-animation=null inPendingTransaction=false mDisplayFrozen=false
D/ConnectivityService(21515): getMobileDataEnabled returning true
D/TelephonyRegistry(21515): notifyDataConnection() state=2isDataConnectivityPossible()true, reason=null
D/TelephonyRegistry(21515): broadcastDataConnectionStateChanged()  state=CONNECTEDtypes=default,dun,supl, interfaceName=rmnet0
D/ConnectivityService(21515): getMobileDataEnabled returning true
W/ActivityManager(21515): Activity destroy timeout for HistoryRecord{48037488 com.kingvidbina.test/.Main}
W/ActivityManager(21515): Activity destroy timeout for HistoryRecord{47f97d18 com.kingvidbina.test/.Cam}
D/ConnectivityService(21515): getMobileDataEnabled returning true
D/TelephonyRegistry(21515): notifyDataConnection() state=2isDataConnectivityPossible()true, reason=null
D/TelephonyRegistry(21515): broadcastDataConnectionStateChanged()  state=CONNECTEDtypes=default,dun,supl, interfaceName=rmnet0
D/ConnectivityService(21515): getMobileDataEnabled returning true
--------- beginning of /dev/log/main
I/wpa_supplicant(23702): Received 1402 bytes of scan results (4 BSSes)
I/wpa_supplicant(23702): wpa_driver_wext_get_scan_results---
I/wpa_supplicant(23702): WPS-AP-AVAILABLE 
I/wpa_supplicant(23702): wpa_disabled_ssid_list_clear
I/wpa_supplicant(23702): No suitable AP found.
V/WifiMonitor(21515): Event [WPS-AP-AVAILABLE ]
V/WifiMonitor(21515): Event [wpa_disabled_ssid_list_clear]
D/dalvikvm(24944): GC_EXPLICIT freed 2441 objects / 240864 bytes in 88ms
D/dalvikvm(24092): GC_EXPLICIT freed 47 objects / 2256 bytes in 102ms
D/ConnectivityService(21515): getMobileDataEnabled returning true
D/NetworkLocationProvider(21515): onDataConnectionStateChanged 3
D/TelephonyRegistry(21515): notifyDataConnection() state=2isDataConnectivityPossible()true, reason=null
D/TelephonyRegistry(21515): broadcastDataConnectionStateChanged()  state=CONNECTEDtypes=default,dun,supl, interfaceName=rmnet0
D/ConnectivityService(21515): getMobileDataEnabled returning true
D/MobileDataStateTracker(21515): replacing old mInterfaceName (rmnet0) with rmnet0 for hipri
D/MobileDataStateTracker(21515): replacing old mInterfaceName (rmnet0) with rmnet0 for supl
D/MobileDataStateTracker(21515): replacing old mInterfaceName (rmnet0) with rmnet0 for dun
D/MyHTC   (24046): CSSyncMaster -  SyncAdapter onPerformSync end SyncAdapterThread-1
I/wpa_supplicant(23702): Scan requested (ret=0) - scan timeout 30 seconds
I/wpa_supplicant(23702): got scan complete
I/wpa_supplicant(23702): wpa_supplicant_get_scan_results:return scan results2
I/wpa_supplicant(23702): AP:ssid[Waly-Salsero],rssi[-84],BSSID=00:25:9c:4d:1e:a8
I/wpa_supplicant(23702): AP:ssid[Theepot],rssi[-87],BSSID=00:22:75:a6:db:9c
I/wpa_supplicant(23702): AP:ssid[Lagabo Ku Gana],rssi[-87],BSSID=00:12:17:77:3c:3f
I/wpa_supplicant(23702): AP:ssid[wifi from rag],rssi[-84],BSSID=00:0c:f6:94:36:1c
I/wpa_supplicant(23702): Received 1402 bytes of scan results (4 BSSes)
I/wpa_supplicant(23702): wpa_driver_wext_get_scan_results---
I/wpa_supplicant(23702): WPS-AP-AVAILABLE 
I/wpa_supplicant(23702): wpa_disabled_ssid_list_clear
I/wpa_supplicant(23702): No suitable AP found.
V/WifiMonitor(21515): Event [WPS-AP-AVAILABLE ]
V/WifiMonitor(21515): Event [wpa_disabled_ssid_list_clear]
D/LocationMasfClient(21515): getNetworkLocation(): Returning cache location with accuracy 593.0
D/lib_locapi(21515): loc_eng_inject_location, accuracy = 593.0
D/dalvikvm(23574): GC_FOR_MALLOC freed 4779 objects / 467592 bytes in 61ms
D/dalvikvm(21515): GC_FOR_MALLOC freed 40778 objects / 1904776 bytes in 207ms
D/dalvikvm(23599): GC_FOR_MALLOC freed 7447 objects / 524464 bytes in 58ms
D/PowerManagerService(21515): New lightsensor value:90, lcdValue:163
D/ConnectivityService(21515): getMobileDataEnabled returning true
D/TelephonyRegistry(21515): notifyDataConnection() state=2isDataConnectivityPossible()true, reason=null
D/TelephonyRegistry(21515): broadcastDataConnectionStateChanged()  state=CONNECTEDtypes=default,dun,supl, interfaceName=rmnet0
D/NetworkLocationProvider(21515): onDataConnectionStateChanged 3
D/ConnectivityService(21515): getMobileDataEnabled returning true
D/MobileDataStateTracker(21515): replacing old mInterfaceName (rmnet0) with rmnet0 for hipri
D/MobileDataStateTracker(21515): replacing old mInterfaceName (rmnet0) with rmnet0 for supl
D/MobileDataStateTracker(21515): replacing old mInterfaceName (rmnet0) with rmnet0 for dun
D/WifiService(21515): acquireWifiLockLocked: WifiLock{NetworkLocationProvider type=2 binder=android.os.Binder@47b3eb28}
D/WifiService(21515): enable and start wifi due to updateWifiState
I/wpa_supplicant(23702): Scan requested (ret=0) - scan timeout 30 seconds
I/wpa_supplicant(23702): got scan complete
I/wpa_supplicant(23702): wpa_supplicant_get_scan_results:return scan results2
I/wpa_supplicant(23702): AP:ssid[Waly-Salsero],rssi[-85],BSSID=00:25:9c:4d:1e:a8
I/wpa_supplicant(23702): AP:ssid[Lagabo Ku Gana],rssi[-88],BSSID=00:12:17:77:3c:3f
I/wpa_supplicant(23702): AP:ssid[wifi from rag],rssi[-85],BSSID=00:0c:f6:94:36:1c
I/wpa_supplicant(23702): Received 968 bytes of scan results (3 BSSes)
I/wpa_supplicant(23702): wpa_driver_wext_get_scan_results---
I/wpa_supplicant(23702): WPS-AP-AVAILABLE 
I/wpa_supplicant(23702): wpa_disabled_ssid_list_clear
I/wpa_supplicant(23702): No suitable AP found.
V/WifiMonitor(21515): Event [WPS-AP-AVAILABLE ]
V/WifiMonitor(21515): Event [wpa_disabled_ssid_list_clear]
D/WifiService(21515): releaseWifiLockLocked: WifiLock{NetworkLocationProvider type=2 binder=android.os.Binder@47b3eb28}
D/WifiService(21515): enable and start wifi due to updateWifiState
D/dalvikvm(24099): GC_EXPLICIT freed 240 objects / 10840 bytes in 110ms
I/wpa_supplicant(23702): Scan requested (ret=0) - scan timeout 30 seconds
D/dalvikvm(24110): GC_EXPLICIT freed 159 objects / 8376 bytes in 163ms
I/wpa_supplicant(23702): got scan complete
I/wpa_supplicant(23702): wpa_supplicant_get_scan_results:return scan results2
I/wpa_supplicant(23702): AP:ssid[Waly-Salsero],rssi[-82],BSSID=00:25:9c:4d:1e:a8
I/wpa_supplicant(23702): AP:ssid[Theepot],rssi[-88],BSSID=00:22:75:a6:db:9c
I/wpa_supplicant(23702): AP:ssid[Lagabo Ku Gana],rssi[-90],BSSID=00:12:17:77:3c:3f
I/wpa_supplicant(23702): AP:ssid[wifi from rag],rssi[-88],BSSID=00:0c:f6:94:36:1c
I/wpa_supplicant(23702): Received 1402 bytes of scan results (4 BSSes)
I/wpa_supplicant(23702): wpa_driver_wext_get_scan_results---
I/wpa_supplicant(23702): WPS-AP-AVAILABLE 
I/wpa_supplicant(23702): wpa_disabled_ssid_list_clear
I/wpa_supplicant(23702): No suitable AP found.
V/WifiMonitor(21515): Event [WPS-AP-AVAILABLE ]
V/WifiMonitor(21515): Event [wpa_disabled_ssid_list_clear]
D/dalvikvm(23599): GC_FOR_MALLOC freed 7442 objects / 524064 bytes in 59ms
D/dalvikvm(24124): GC_EXPLICIT freed 755 objects / 49824 bytes in 106ms
D/ConnectivityService(21515): getMobileDataEnabled returning true
D/NetworkLocationProvider(21515): onDataConnectionStateChanged 3
D/TelephonyRegistry(21515): notifyDataConnection() state=2isDataConnectivityPossible()true, reason=null
D/TelephonyRegistry(21515): broadcastDataConnectionStateChanged()  state=CONNECTEDtypes=default,dun,supl, interfaceName=rmnet0
D/ConnectivityService(21515): getMobileDataEnabled returning true
D/MobileDataStateTracker(21515): replacing old mInterfaceName (rmnet0) with rmnet0 for hipri
D/MobileDataStateTracker(21515): replacing old mInterfaceName (rmnet0) with rmnet0 for supl
D/MobileDataStateTracker(21515): replacing old mInterfaceName (rmnet0) with rmnet0 for dun
D/dalvikvm(24131): GC_EXPLICIT freed 830 objects / 229872 bytes in 142ms
D/ConnectivityService(21515): getMobileDataEnabled returning true
D/TelephonyRegistry(21515): notifyDataConnection() state=2isDataConnectivityPossible()true, reason=null
D/TelephonyRegistry(21515): broadcastDataConnectionStateChanged()  state=CONNECTEDtypes=default,dun,supl, interfaceName=rmnet0
D/NetworkLocationProvider(21515): onDataConnectionStateChanged 3
D/ConnectivityService(21515): getMobileDataEnabled returning true
D/MobileDataStateTracker(21515): replacing old mInterfaceName (rmnet0) with rmnet0 for hipri
D/MobileDataStateTracker(21515): replacing old mInterfaceName (rmnet0) with rmnet0 for supl
D/MobileDataStateTracker(21515): replacing old mInterfaceName (rmnet0) with rmnet0 for dun
I/wpa_supplicant(23702): Scan requested (ret=0) - scan timeout 30 seconds
I/wpa_supplicant(23702): got scan complete
I/wpa_supplicant(23702): wpa_supplicant_get_scan_results:return scan results2
I/wpa_supplicant(23702): AP:ssid[Waly-Salsero],rssi[-74],BSSID=00:25:9c:4d:1e:a8
I/wpa_supplicant(23702): AP:ssid[Theepot],rssi[-88],BSSID=00:22:75:a6:db:9c
I/wpa_supplicant(23702): AP:ssid[wifi from rag],rssi[-86],BSSID=00:0c:f6:94:36:1c
I/wpa_supplicant(23702): Received 1065 bytes of scan results (3 BSSes)
I/wpa_supplicant(23702): wpa_driver_wext_get_scan_results---
I/wpa_supplicant(23702): WPS-AP-AVAILABLE 
I/wpa_supplicant(23702): wpa_disabled_ssid_list_clear
I/wpa_supplicant(23702): No suitable AP found.
V/WifiMonitor(21515): Event [WPS-AP-AVAILABLE ]
V/WifiMonitor(21515): Event [wpa_disabled_ssid_list_clear]
D/dalvikvm(24140): GC_EXPLICIT freed 846 objects / 44688 bytes in 76ms
D/dalvikvm(23782): GC_EXPLICIT freed 722 objects / 38920 bytes in 87ms
D/dalvikvm(23599): GC_FOR_MALLOC freed 7447 objects / 524392 bytes in 70ms
I/wpa_supplicant(23702): Scan requested (ret=0) - scan timeout 30 seconds
D/dalvikvm(24037): GC_EXPLICIT freed 91 objects / 8176 bytes in 72ms
I/wpa_supplicant(23702): got scan complete
I/wpa_supplicant(23702): wpa_supplicant_get_scan_results:return scan results2
I/wpa_supplicant(23702): AP:ssid[Waly-Salsero],rssi[-87],BSSID=00:25:9c:4d:1e:a8
I/wpa_supplicant(23702): AP:ssid[Theepot],rssi[-87],BSSID=00:22:75:a6:db:9c
I/wpa_supplicant(23702): AP:ssid[Lagabo Ku Gana],rssi[-88],BSSID=00:12:17:77:3c:3f
I/wpa_supplicant(23702): AP:ssid[wifi from rag],rssi[-86],BSSID=00:0c:f6:94:36:1c
I/wpa_supplicant(23702): Received 1402 bytes of scan results (4 BSSes)
I/wpa_supplicant(23702): wpa_driver_wext_get_scan_results---
I/wpa_supplicant(23702): WPS-AP-AVAILABLE 
I/wpa_supplicant(23702): wpa_disabled_ssid_list_clear
I/wpa_supplicant(23702): No suitable AP found.
V/WifiMonitor(21515): Event [WPS-AP-AVAILABLE ]
V/WifiMonitor(21515): Event [wpa_disabled_ssid_list_clear]
D/AndroidRuntime(25830): 
D/AndroidRuntime(25830): >>>>>>>>>>>>>> AndroidRuntime START <<<<<<<<<<<<<<
D/AndroidRuntime(25830): CheckJNI is OFF
D/dalvikvm(25830): creating instr width table
D/AndroidRuntime(25830): --- registering native functions ---
D/dalvikvm(24037): GC_EXPLICIT freed 80 objects / 3944 bytes in 32ms
D/PackageParser(21515): Scanning package: /data/app/vmdl34236.tmp
I/PackageParser(21515): com.kingvidbina.test: compat added android.permission.WRITE_EXTERNAL_STORAGE android.permission.READ_PHONE_STATE
I/PackageManager(21515): Removing non-system package:com.kingvidbina.test
I/ActivityManager(21515): Force stopping package com.kingvidbina.test uid=10261
D/PackageManager(21515): Scanning package com.kingvidbina.test
I/PackageManager(21515): /data/app/com.kingvidbina.test-2.apk changed; unpacking
I/PackageManager(21515): Package com.kingvidbina.test codePath changed from /data/app/com.kingvidbina.test-1.apk to /data/app/com.kingvidbina.test-2.apk; Retaining data and using new
D/ConnectivityService(21515): getMobileDataEnabled returning true
D/TelephonyRegistry(21515): notifyDataConnection() state=2isDataConnectivityPossible()true, reason=null
D/NetworkLocationProvider(21515): onDataConnectionStateChanged 3
D/TelephonyRegistry(21515): broadcastDataConnectionStateChanged()  state=CONNECTEDtypes=default,dun,supl, interfaceName=rmnet0
D/ConnectivityService(21515): getMobileDataEnabled returning true
D/installd( 1217): DexInv: --- BEGIN '/data/app/com.kingvidbina.test-2.apk' ---
D/MobileDataStateTracker(21515): replacing old mInterfaceName (rmnet0) with rmnet0 for hipri
D/MobileDataStateTracker(21515): replacing old mInterfaceName (rmnet0) with rmnet0 for supl
D/MobileDataStateTracker(21515): replacing old mInterfaceName (rmnet0) with rmnet0 for dun
D/dalvikvm(25838): creating instr width table
D/dalvikvm(25838): DexOpt: load 16ms, verify 18ms, opt 0ms
D/installd( 1217): DexInv: --- END '/data/app/com.kingvidbina.test-2.apk' (success) ---
I/ActivityManager(21515): Force stopping package com.kingvidbina.test uid=10261
W/PackageManager(21515): Code path for pkg : com.kingvidbina.test changing from /data/app/com.kingvidbina.test-1.apk to /data/app/com.kingvidbina.test-2.apk
W/PackageManager(21515): Resource path for pkg : com.kingvidbina.test changing from /data/app/com.kingvidbina.test-1.apk to /data/app/com.kingvidbina.test-2.apk
D/PackageManager(21515):   Activities: com.kingvidbina.test.Main com.kingvidbina.test.Cam com.kingvidbina.test.About
I/installd( 1217): move /data/dalvik-cache/data@app@com.kingvidbina.test-2.apk@classes.dex -> /data/dalvik-cache/data@app@com.kingvidbina.test-2.apk@classes.dex
D/PackageManager(21515): New package installed in /data/app/com.kingvidbina.test-2.apk
D/dalvikvm(21515): GC_FOR_MALLOC freed 40128 objects / 2002472 bytes in 182ms
I/ActivityManager(21515): Force stopping package com.kingvidbina.test uid=10261
D/dalvikvm(21882): GC_EXPLICIT freed 9250 objects / 346816 bytes in 65ms
D/dalvikvm(21876): GC_EXPLICIT freed 13925 objects / 753272 bytes in 136ms
E/PhoneApp(21874): -- PackageChangeBroadcastReceiver  action = android.intent.action.PACKAGE_REMOVED
D/HomeLoaders(21882): get install or remove message so do change adapter
