W/SharedBufferStack( 1650): waitForCondition(LockCondition) timed out (identity=4, status=0). CPU may be pegged. trying again.
D/dalvikvm( 1661): GC_EXPLICIT freed 6129 objects / 309240 bytes in 37ms
D/dalvikvm(15835): GC_FOR_MALLOC freed 6692 objects / 533328 bytes in 31ms
D/PeopleApp( 1762): Auto requerying AllPeopleCursor due to update - 145 contacts
W/SharedBufferStack( 1650): waitForCondition(LockCondition) timed out (identity=4, status=0). CPU may be pegged. trying again.
D/dalvikvm(15835): GC_FOR_MALLOC freed 8257 objects / 546800 bytes in 66ms
W/SharedBufferStack( 1650): waitForCondition(LockCondition) timed out (identity=4, status=0). CPU may be pegged. trying again.
D/PendingMsgSendReceiverRegister( 1939): Enter sendQueuedMessage
D/PendingMsgSendReceiverRegister( 1939): sendQueuedMessage, cursor not null and count: 0
W/SharedBufferStack( 1650): waitForCondition(LockCondition) timed out (identity=4, status=0). CPU may be pegged. trying again.
W/SharedBufferStack( 1650): waitForCondition(LockCondition) timed out (identity=4, status=0). CPU may be pegged. trying again.
D/ContactMessageStore( 1658): MSG_UPDATE_CONTACTS_TABLE >>
D/ContactMessageStore( 1658): query thread cost time >>>0
D/ContactMessageStore( 1658): createTempContactTable() >>>
D/ContactMessageStore( 1658): createTempContactTable() <<<
D/ContactMessageStore( 1658): cursor count>755
D/ContactMessageStore( 1658): query people time: 107
D/ContactMessageStore( 1658): replaceContactTable() >>>
D/ContactMessageStore( 1658): refreshContactsView() >>>
D/ContactMessageStore( 1658): refreshContactsView() <<<
D/ContactNameCache( 1939): Contactname cache Process invalid
D/ContactNameCache( 1939): MEPHOTO QUERY
D/ContactMessageStore( 1658): refreshContactsView time: 25
D/ContactMessageStore( 1658): replaceContactTable() <<<
D/ContactMessageStore( 1658): notify MmsSms
D/ContactMessageStore( 1658): MSG_UPDATE_CONTACTS_TABLE <<
D/ContactNameCache( 1939): NAMECACHE MULTIPLE QUERY
I/ContactNameCache( 1939): cache invalidate.
D/ContactMessageStore( 1658): getContactInfo: Can't find address in cache
W/SharedBufferStack( 1650): waitForCondition(LockCondition) timed out (identity=4, status=0). CPU may be pegged. trying again.
D/dalvikvm( 1658): GC_EXPLICIT freed 11151 objects / 476424 bytes in 45ms
D/dalvikvm( 1297): GC_EXPLICIT freed 42148 objects / 1758296 bytes in 124ms
D/ContactMessageStore( 1658): getContactInfo: Can't find address in cache
D/ContactMessageStore( 1658): getContactInfo: Can't find address in cache
D/ContactMessageStore( 1658): getContactInfo: Can't find address in cache
D/ContactMessageStore( 1658): getContactInfo: Can't find address in cache
D/ContactNameCache( 1939): mCachedPhoto size: 23
D/ContactNameCache( 1939): reqeust terminate> Thread[Thread-553,1,main]
D/ContactNameCache( 1939): updateThreadtableNameField> Thread[Thread-554,1,main]
D/dalvikvm( 1939): GC_EXPLICIT freed 4387 objects / 202208 bytes in 30ms
D/ContactNameCache( 1939): thread has terminated> Thread[Thread-554,1,main]
W/SharedBufferStack( 1650): waitForCondition(LockCondition) timed out (identity=4, status=0). CPU may be pegged. trying again.
W/SharedBufferStack( 1650): waitForCondition(LockCondition) timed out (identity=4, status=0). CPU may be pegged. trying again.
W/SharedBufferStack( 1650): waitForCondition(LockCondition) timed out (identity=4, status=0). CPU may be pegged. trying again.
D/TelephonyRegistry( 1297): notifyDataConnection() state=2isDataConnectivityPossible()true, reason=null
D/TelephonyRegistry( 1297): broadcastDataConnectionStateChanged()  state=CONNECTEDtypes=default,dun,supl, interfaceName=rmnet0
D/NetworkLocationProvider( 1297): onDataConnectionStateChanged 3
D/PendingMsgSendReceiverRegister( 1939): New state: 0
D/MobileDataStateTracker( 1297): replacing old mInterfaceName (rmnet0) with rmnet0 for hipri
D/MobileDataStateTracker( 1297): replacing old mInterfaceName (rmnet0) with rmnet0 for supl
D/MobileDataStateTracker( 1297): replacing old mInterfaceName (rmnet0) with rmnet0 for dun
D/PendingMsgSendReceiverRegister( 1939): state in service
D/PendingMsgSendReceiverRegister( 1939): send HANDLER_SEND_QUEUED_MSG to mWorkingHandler
W/SharedBufferStack( 1650): waitForCondition(LockCondition) timed out (identity=4, status=0). CPU may be pegged. trying again.
I/wpa_supplicant(13545): Scan requested (ret=0) - scan timeout 30 seconds
W/SharedBufferStack( 1650): waitForCondition(LockCondition) timed out (identity=4, status=0). CPU may be pegged. trying again.
I/wpa_supplicant(13545): got scan complete
I/wpa_supplicant(13545): wpa_supplicant_get_scan_results:return scan results2
I/wpa_supplicant(13545): AP:ssid[Waly-Salsero],rssi[-74],BSSID=00:25:9c:4d:1e:a8
I/wpa_supplicant(13545): Received 375 bytes of scan results (1 BSSes)
I/wpa_supplicant(13545): wpa_driver_wext_get_scan_results---
I/wpa_supplicant(13545): WPS-AP-AVAILABLE 
I/wpa_supplicant(13545): wpa_disabled_ssid_list_clear
I/wpa_supplicant(13545): No suitable AP found.
V/WifiMonitor( 1297): Event [WPS-AP-AVAILABLE ]
V/WifiMonitor( 1297): Event [wpa_disabled_ssid_list_clear]
W/SharedBufferStack( 1650): waitForCondition(LockCondition) timed out (identity=4, status=0). CPU may be pegged. trying again.
W/SharedBufferStack( 1650): waitForCondition(LockCondition) timed out (identity=4, status=0). CPU may be pegged. trying again.
D/PendingMsgSendReceiverRegister( 1939): Enter sendQueuedMessage
D/PendingMsgSendReceiverRegister( 1939): sendQueuedMessage, cursor not null and count: 0
W/SharedBufferStack( 1650): waitForCondition(LockCondition) timed out (identity=4, status=0). CPU may be pegged. trying again.
W/SharedBufferStack( 1650): waitForCondition(LockCondition) timed out (identity=4, status=0). CPU may be pegged. trying again.
W/SharedBufferStack( 1650): waitForCondition(LockCondition) timed out (identity=4, status=0). CPU may be pegged. trying again.
W/SharedBufferStack( 1650): waitForCondition(LockCondition) timed out (identity=4, status=0). CPU may be pegged. trying again.
W/SharedBufferStack( 1650): waitForCondition(LockCondition) timed out (identity=4, status=0). CPU may be pegged. trying again.
W/SharedBufferStack( 1650): waitForCondition(LockCondition) timed out (identity=4, status=0). CPU may be pegged. trying again.
W/SharedBufferStack( 1650): waitForCondition(LockCondition) timed out (identity=4, status=0). CPU may be pegged. trying again.
D/dalvikvm(15835): GC_EXPLICIT freed 2904 objects / 197200 bytes in 67ms
D/WifiService( 1297): acquireWifiLockLocked: WifiLock{NetworkLocationProvider type=2 binder=android.os.Binder@47eacbe0}
D/WifiService( 1297): enable and start wifi due to updateWifiState
I/wpa_supplicant(13545): Scan requested (ret=0) - scan timeout 30 seconds
W/SharedBufferStack( 1650): waitForCondition(LockCondition) timed out (identity=4, status=0). CPU may be pegged. trying again.
I/wpa_supplicant(13545): got scan complete
I/wpa_supplicant(13545): wpa_supplicant_get_scan_results:return scan results2
I/wpa_supplicant(13545): AP:ssid[Waly-Salsero],rssi[-81],BSSID=00:25:9c:4d:1e:a8
I/wpa_supplicant(13545): AP:ssid[Theepot],rssi[-88],BSSID=00:22:75:a6:db:9c
I/wpa_supplicant(13545): Received 809 bytes of scan results (2 BSSes)
I/wpa_supplicant(13545): wpa_driver_wext_get_scan_results---
I/wpa_supplicant(13545): WPS-AP-AVAILABLE 
I/wpa_supplicant(13545): wpa_disabled_ssid_list_clear
I/wpa_supplicant(13545): No suitable AP found.
V/WifiMonitor( 1297): Event [WPS-AP-AVAILABLE ]
V/WifiMonitor( 1297): Event [wpa_disabled_ssid_list_clear]
D/LocationMasfClient( 1297): getNetworkLocation(): Returning cache location with accuracy 70.0
D/lib_locapi( 1297): loc_eng_inject_location, accuracy = 70.0
W/SharedBufferStack( 1650): waitForCondition(LockCondition) timed out (identity=4, status=0). CPU may be pegged. trying again.
W/SharedBufferStack( 1650): waitForCondition(LockCondition) timed out (identity=4, status=0). CPU may be pegged. trying again.
W/SharedBufferStack( 1650): waitForCondition(LockCondition) timed out (identity=4, status=0). CPU may be pegged. trying again.
W/SharedBufferStack( 1650): waitForCondition(LockCondition) timed out (identity=4, status=0). CPU may be pegged. trying again.
D/WifiService( 1297): releaseWifiLockLocked: WifiLock{NetworkLocationProvider type=2 binder=android.os.Binder@47eacbe0}
D/WifiService( 1297): enable and start wifi due to updateWifiState
W/SharedBufferStack( 1650): waitForCondition(LockCondition) timed out (identity=4, status=0). CPU may be pegged. trying again.
W/SharedBufferStack( 1650): waitForCondition(LockCondition) timed out (identity=4, status=0). CPU may be pegged. trying again.
W/SharedBufferStack( 1650): waitForCondition(LockCondition) timed out (identity=4, status=0). CPU may be pegged. trying again.
D/CSUtil  (15800): serverTime = 1290237752788
D/CSUtil  (15800): serverTime = 192703
D/CSUtil  (15800): curGMTTime = 84957312
D/dalvikvm(15800): GC_FOR_MALLOC freed 26956 objects / 851640 bytes in 40ms
D/dalvikvm(15800): GC_FOR_MALLOC freed 17270 objects / 570024 bytes in 26ms
W/SharedBufferStack( 1650): waitForCondition(LockCondition) timed out (identity=4, status=0). CPU may be pegged. trying again.
W/SharedBufferStack( 1650): waitForCondition(LockCondition) timed out (identity=4, status=0). CPU may be pegged. trying again.
D/dalvikvm( 1722): GC_EXPLICIT freed 356 objects / 15616 bytes in 69ms
W/SharedBufferStack( 1650): waitForCondition(LockCondition) timed out (identity=4, status=0). CPU may be pegged. trying again.
W/SharedBufferStack( 1650): waitForCondition(LockCondition) timed out (identity=4, status=0). CPU may be pegged. trying again.
W/SharedBufferStack( 1650): waitForCondition(LockCondition) timed out (identity=4, status=0). CPU may be pegged. trying again.
W/SharedBufferStack( 1650): waitForCondition(LockCondition) timed out (identity=4, status=0). CPU may be pegged. trying again.
W/SharedBufferStack( 1650): waitForCondition(LockCondition) timed out (identity=4, status=0). CPU may be pegged. trying again.
D/dalvikvm(15769): GC_EXPLICIT freed 4512 objects / 374888 bytes in 105ms
W/SharedBufferStack( 1650): waitForCondition(LockCondition) timed out (identity=4, status=0). CPU may be pegged. trying again.
I/wpa_supplicant(13545): Scan requested (ret=0) - scan timeout 30 seconds
W/SharedBufferStack( 1650): waitForCondition(LockCondition) timed out (identity=4, status=0). CPU may be pegged. trying again.
I/wpa_supplicant(13545): got scan complete
I/wpa_supplicant(13545): wpa_supplicant_get_scan_results:return scan results2
I/wpa_supplicant(13545): AP:ssid[Waly-Salsero],rssi[-80],BSSID=00:25:9c:4d:1e:a8
I/wpa_supplicant(13545): Received 375 bytes of scan results (1 BSSes)
I/wpa_supplicant(13545): wpa_driver_wext_get_scan_results---
I/wpa_supplicant(13545): WPS-AP-AVAILABLE 
I/wpa_supplicant(13545): wpa_disabled_ssid_list_clear
I/wpa_supplicant(13545): No suitable AP found.
V/WifiMonitor( 1297): Event [WPS-AP-AVAILABLE ]
V/WifiMonitor( 1297): Event [wpa_disabled_ssid_list_clear]
W/SharedBufferStack( 1650): waitForCondition(LockCondition) timed out (identity=4, status=0). CPU may be pegged. trying again.
W/SharedBufferStack( 1650): waitForCondition(LockCondition) timed out (identity=4, status=0). CPU may be pegged. trying again.
W/SharedBufferStack( 1650): waitForCondition(LockCondition) timed out (identity=4, status=0). CPU may be pegged. trying again.
W/SharedBufferStack( 1650): waitForCondition(LockCondition) timed out (identity=4, status=0). CPU may be pegged. trying again.
W/SharedBufferStack( 1650): waitForCondition(LockCondition) timed out (identity=4, status=0). CPU may be pegged. trying again.
W/SharedBufferStack( 1650): waitForCondition(LockCondition) timed out (identity=4, status=0). CPU may be pegged. trying again.
W/SharedBufferStack( 1650): waitForCondition(LockCondition) timed out (identity=4, status=0). CPU may be pegged. trying again.
W/SharedBufferStack( 1650): waitForCondition(LockCondition) timed out (identity=4, status=0). CPU may be pegged. trying again.
W/SharedBufferStack( 1650): waitForCondition(LockCondition) timed out (identity=4, status=0). CPU may be pegged. trying again.
W/SharedBufferStack( 1650): waitForCondition(LockCondition) timed out (identity=4, status=0). CPU may be pegged. trying again.
W/SharedBufferStack( 1650): waitForCondition(LockCondition) timed out (identity=4, status=0). CPU may be pegged. trying again.
W/SharedBufferStack( 1650): waitForCondition(LockCondition) timed out (identity=4, status=0). CPU may be pegged. trying again.
W/SharedBufferStack( 1650): waitForCondition(LockCondition) timed out (identity=4, status=0). CPU may be pegged. trying again.
W/SharedBufferStack( 1650): waitForCondition(LockCondition) timed out (identity=4, status=0). CPU may be pegged. trying again.
D/dalvikvm(15773): GC_EXPLICIT freed 2305 objects / 86152 bytes in 30ms
W/SharedBufferStack( 1650): waitForCondition(LockCondition) timed out (identity=4, status=0). CPU may be pegged. trying again.
I/wpa_supplicant(13545): Scan requested (ret=0) - scan timeout 30 seconds
W/SharedBufferStack( 1650): waitForCondition(LockCondition) timed out (identity=4, status=0). CPU may be pegged. trying again.
I/wpa_supplicant(13545): got scan complete
I/wpa_supplicant(13545): wpa_supplicant_get_scan_results:return scan results2
I/wpa_supplicant(13545): AP:ssid[Waly-Salsero],rssi[-73],BSSID=00:25:9c:4d:1e:a8
I/wpa_supplicant(13545): Received 375 bytes of scan results (1 BSSes)
I/wpa_supplicant(13545): wpa_driver_wext_get_scan_results---
I/wpa_supplicant(13545): WPS-AP-AVAILABLE 
I/wpa_supplicant(13545): wpa_disabled_ssid_list_clear
I/wpa_supplicant(13545): No suitable AP found.
V/WifiMonitor( 1297): Event [WPS-AP-AVAILABLE ]
V/WifiMonitor( 1297): Event [wpa_disabled_ssid_list_clear]
W/SharedBufferStack( 1650): waitForCondition(LockCondition) timed out (identity=4, status=0). CPU may be pegged. trying again.
W/SharedBufferStack( 1650): waitForCondition(LockCondition) timed out (identity=4, status=0). CPU may be pegged. trying again.
W/SharedBufferStack( 1650): waitForCondition(LockCondition) timed out (identity=4, status=0). CPU may be pegged. trying again.
W/SharedBufferStack( 1650): waitForCondition(LockCondition) timed out (identity=4, status=0). CPU may be pegged. trying again.
W/SharedBufferStack( 1650): waitForCondition(LockCondition) timed out (identity=4, status=0). CPU may be pegged. trying again.
W/SharedBufferStack( 1650): waitForCondition(LockCondition) timed out (identity=4, status=0). CPU may be pegged. trying again.
W/SharedBufferStack( 1650): waitForCondition(LockCondition) timed out (identity=4, status=0). CPU may be pegged. trying again.
W/SharedBufferStack( 1650): waitForCondition(LockCondition) timed out (identity=4, status=0). CPU may be pegged. trying again.
W/SharedBufferStack( 1650): waitForCondition(LockCondition) timed out (identity=4, status=0). CPU may be pegged. trying again.
W/SharedBufferStack( 1650): waitForCondition(LockCondition) timed out (identity=4, status=0). CPU may be pegged. trying again.
W/SharedBufferStack( 1650): waitForCondition(LockCondition) timed out (identity=4, status=0). CPU may be pegged. trying again.
W/SharedBufferStack( 1650): waitForCondition(LockCondition) timed out (identity=4, status=0). CPU may be pegged. trying again.
W/SharedBufferStack( 1650): waitForCondition(LockCondition) timed out (identity=4, status=0). CPU may be pegged. trying again.
W/SharedBufferStack( 1650): waitForCondition(LockCondition) timed out (identity=4, status=0). CPU may be pegged. trying again.
I/wpa_supplicant(13545): Scan requested (ret=0) - scan timeout 30 seconds
W/SharedBufferStack( 1650): waitForCondition(LockCondition) timed out (identity=4, status=0). CPU may be pegged. trying again.
I/wpa_supplicant(13545): got scan complete
I/wpa_supplicant(13545): wpa_supplicant_get_scan_results:return scan results2
I/wpa_supplicant(13545): AP:ssid[Waly-Salsero],rssi[-75],BSSID=00:25:9c:4d:1e:a8
I/wpa_supplicant(13545): Received 375 bytes of scan results (1 BSSes)
I/wpa_supplicant(13545): wpa_driver_wext_get_scan_results---
I/wpa_supplicant(13545): WPS-AP-AVAILABLE 
I/wpa_supplicant(13545): wpa_disabled_ssid_list_clear
I/wpa_supplicant(13545): No suitable AP found.
V/WifiMonitor( 1297): Event [WPS-AP-AVAILABLE ]
V/WifiMonitor( 1297): Event [wpa_disabled_ssid_list_clear]
W/SharedBufferStack( 1650): waitForCondition(LockCondition) timed out (identity=4, status=0). CPU may be pegged. trying again.
W/SharedBufferStack( 1650): waitForCondition(LockCondition) timed out (identity=4, status=0). CPU may be pegged. trying again.
W/SharedBufferStack( 1650): waitForCondition(LockCondition) timed out (identity=4, status=0). CPU may be pegged. trying again.
W/SharedBufferStack( 1650): waitForCondition(LockCondition) timed out (identity=4, status=0). CPU may be pegged. trying again.
W/SharedBufferStack( 1650): waitForCondition(LockCondition) timed out (identity=4, status=0). CPU may be pegged. trying again.
W/SharedBufferStack( 1650): waitForCondition(LockCondition) timed out (identity=4, status=0). CPU may be pegged. trying again.
W/SharedBufferStack( 1650): waitForCondition(LockCondition) timed out (identity=4, status=0). CPU may be pegged. trying again.
W/SharedBufferStack( 1650): waitForCondition(LockCondition) timed out (identity=4, status=0). CPU may be pegged. trying again.
W/SharedBufferStack( 1650): waitForCondition(LockCondition) timed out (identity=4, status=0). CPU may be pegged. trying again.
D/WifiService( 1297): acquireWifiLockLocked: WifiLock{NetworkLocationProvider type=2 binder=android.os.Binder@47eacbe0}
D/WifiService( 1297): enable and start wifi due to updateWifiState
I/global  ( 1297): Default buffer size used in BufferedReader constructor. It would be better to be explicit if an 8k-char buffer is required.
I/global  ( 1297): Default buffer size used in BufferedReader constructor. It would be better to be explicit if an 8k-char buffer is required.
D/UsbnetService( 1297): BroadcastReceiver::onReceive+
D/UsbnetService( 1297): onReceive BATTERY_CHANGED
D/UsbnetService( 1297):  --> pluggedType = 2, mPluggedType = 0, mScreenOff = false
E/Tethering( 1297): active iface (usb0) reported as added, ignoring
D/UsbnetService( 1297): BroadcastReceiver::onReceive-
D/BatteryService( 1297): isUsbConnected() = true
D/BatteryService( 1297): mPlugType = 2
D/WifiService( 1297): ACTION_BATTERY_CHANGED pluggedType: 2
D/UsbConnectedReceiver(14876): action = psclient.intent.action.usb_status
D/UsbConnectedReceiver(14876): ACTION_BATTERY_CHANGED
D/UsbConnectedReceiver(14876): usbCurrentType = 2
D/UsbConnectedReceiver(14876): Current type is same as previous, return!
I/wpa_supplicant(13545): Scan requested (ret=0) - scan timeout 30 seconds
W/SharedBufferStack( 1650): waitForCondition(LockCondition) timed out (identity=4, status=0). CPU may be pegged. trying again.
I/wpa_supplicant(13545): got scan complete
I/wpa_supplicant(13545): wpa_supplicant_get_scan_results:return scan results2
I/wpa_supplicant(13545): AP:ssid[Waly-Salsero],rssi[-70],BSSID=00:25:9c:4d:1e:a8
I/wpa_supplicant(13545): AP:ssid[Theepot],rssi[-88],BSSID=00:22:75:a6:db:9c
I/wpa_supplicant(13545): Received 809 bytes of scan results (2 BSSes)
I/wpa_supplicant(13545): wpa_driver_wext_get_scan_results---
I/wpa_supplicant(13545): WPS-AP-AVAILABLE 
I/wpa_supplicant(13545): wpa_disabled_ssid_list_clear
I/wpa_supplicant(13545): No suitable AP found.
V/WifiMonitor( 1297): Event [WPS-AP-AVAILABLE ]
V/WifiMonitor( 1297): Event [wpa_disabled_ssid_list_clear]
D/LocationMasfClient( 1297): getNetworkLocation(): Returning cache location with accuracy 70.0
W/SharedBufferStack( 1650): waitForCondition(LockCondition) timed out (identity=4, status=0). CPU may be pegged. trying again.
D/lib_locapi( 1297): loc_eng_inject_location, accuracy = 70.0
W/SharedBufferStack( 1650): waitForCondition(LockCondition) timed out (identity=4, status=0). CPU may be pegged. trying again.
W/SharedBufferStack( 1650): waitForCondition(LockCondition) timed out (identity=4, status=0). CPU may be pegged. trying again.
D/WifiService( 1297): releaseWifiLockLocked: WifiLock{NetworkLocationProvider type=2 binder=android.os.Binder@47eacbe0}
D/WifiService( 1297): enable and start wifi due to updateWifiState
W/SharedBufferStack( 1650): waitForCondition(LockCondition) timed out (identity=4, status=0). CPU may be pegged. trying again.
W/SharedBufferStack( 1650): waitForCondition(LockCondition) timed out (identity=4, status=0). CPU may be pegged. trying again.
W/SharedBufferStack( 1650): waitForCondition(LockCondition) timed out (identity=4, status=0). CPU may be pegged. trying again.
W/SharedBufferStack( 1650): waitForCondition(LockCondition) timed out (identity=4, status=0). CPU may be pegged. trying again.
--------- beginning of /dev/log/system
D/TelephonyRegistry(21515): notifyDataConnection() state=2isDataConnectivityPossible()true, reason=null
D/TelephonyRegistry(21515): broadcastDataConnectionStateChanged()  state=CONNECTEDtypes=default,dun,supl, interfaceName=rmnet0
D/ConnectivityService(21515): getMobileDataEnabled returning true
I/ActivityManager(21515): Starting activity: Intent { act=android.intent.action.MAIN flg=0x10000000 cmp=com.kingvidbina.test/.Main }
I/ActivityManager(21515): Start proc com.kingvidbina.test for activity com.kingvidbina.test/.Main: pid=25543 uid=10261 gids={1006, 1015}
V/WindowManager(21515): Remove Window{47b19f08 Starting com.kingvidbina.test paused=false}: mSurface=Surface(name=Starting com.kingvidbina.test, identity=174) mExiting=false isAnimating=false app-animation=null inPendingTransaction=false mDisplayFrozen=false
E/WindowManager(21515): return in removeWindowLocked
D/ConnectivityService(21515): getMobileDataEnabled returning true
D/TelephonyRegistry(21515): notifyDataConnection() state=2isDataConnectivityPossible()true, reason=null
D/TelephonyRegistry(21515): broadcastDataConnectionStateChanged()  state=CONNECTEDtypes=default,dun,supl, interfaceName=rmnet0
D/ConnectivityService(21515): getMobileDataEnabled returning true
I/ActivityManager(21515): Starting activity: Intent { cmp=com.kingvidbina.test/.Cam }
D/ConnectivityService(21515): getMobileDataEnabled returning true
D/TelephonyRegistry(21515): notifyDataConnection() state=2isDataConnectivityPossible()true, reason=null
D/TelephonyRegistry(21515): broadcastDataConnectionStateChanged()  state=CONNECTEDtypes=default,dun,supl, interfaceName=rmnet0
D/ConnectivityService(21515): getMobileDataEnabled returning true
D/ConnectivityService(21515): getMobileDataEnabled returning true
D/TelephonyRegistry(21515): notifyDataConnection() state=2isDataConnectivityPossible()true, reason=null
D/TelephonyRegistry(21515): broadcastDataConnectionStateChanged()  state=CONNECTEDtypes=default,dun,supl, interfaceName=rmnet0
D/ConnectivityService(21515): getMobileDataEnabled returning true
D/ConnectivityService(21515): getMobileDataEnabled returning true
D/TelephonyRegistry(21515): notifyDataConnection() state=2isDataConnectivityPossible()true, reason=null
D/TelephonyRegistry(21515): broadcastDataConnectionStateChanged()  state=CONNECTEDtypes=default,dun,supl, interfaceName=rmnet0
D/ConnectivityService(21515): getMobileDataEnabled returning true
D/WifiService(21515): acquireWifiLockLocked: WifiLock{NetworkLocationProvider type=2 binder=android.os.Binder@47b3eb28}
D/WifiService(21515): enable and start wifi due to updateWifiState
D/ConnectivityService(21515): getMobileDataEnabled returning true
D/TelephonyRegistry(21515): notifyDataConnection() state=2isDataConnectivityPossible()true, reason=null
D/TelephonyRegistry(21515): broadcastDataConnectionStateChanged()  state=CONNECTEDtypes=default,dun,supl, interfaceName=rmnet0
D/ConnectivityService(21515): getMobileDataEnabled returning true
D/WifiService(21515): releaseWifiLockLocked: WifiLock{NetworkLocationProvider type=2 binder=android.os.Binder@47b3eb28}
D/WifiService(21515): enable and start wifi due to updateWifiState
D/ConnectivityService(21515): getMobileDataEnabled returning true
D/TelephonyRegistry(21515): notifyDataConnection() state=2isDataConnectivityPossible()true, reason=null
D/TelephonyRegistry(21515): broadcastDataConnectionStateChanged()  state=CONNECTEDtypes=default,dun,supl, interfaceName=rmnet0
D/ConnectivityService(21515): getMobileDataEnabled returning true
V/WindowManager(21515): Remove Window{47f06df8 SurfaceView paused=false}: mSurface=null mExiting=false isAnimating=false app-animation=null inPendingTransaction=false mDisplayFrozen=false
V/WindowManager(21515): Remove Window{48138640 com.kingvidbina.test/com.kingvidbina.test.Cam paused=false}: mSurface=null mExiting=false isAnimating=false app-animation=null inPendingTransaction=false mDisplayFrozen=false
V/WindowManager(21515): Remove Window{47ea2100 com.kingvidbina.test/com.kingvidbina.test.Main paused=false}: mSurface=null mExiting=false isAnimating=false app-animation=null inPendingTransaction=false mDisplayFrozen=false
I/ActivityManager(21515): Force stopping package com.kingvidbina.test uid=10261
I/PackageManager(21515): Package com.kingvidbina.test codePath changed from /data/app/com.kingvidbina.test-2.apk to /data/app/com.kingvidbina.test-1.apk; Retaining data and using new
I/ActivityManager(21515): Force stopping package com.kingvidbina.test uid=10261
W/PackageManager(21515): Code path for pkg : com.kingvidbina.test changing from /data/app/com.kingvidbina.test-2.apk to /data/app/com.kingvidbina.test-1.apk
W/PackageManager(21515): Resource path for pkg : com.kingvidbina.test changing from /data/app/com.kingvidbina.test-2.apk to /data/app/com.kingvidbina.test-1.apk
I/ActivityManager(21515): Force stopping package com.kingvidbina.test uid=10261
D/WifiService(21515): acquireWifiLockLocked: WifiLock{NetworkLocationProvider type=2 binder=android.os.Binder@47b3eb28}
D/WifiService(21515): enable and start wifi due to updateWifiState
D/ConnectivityService(21515): getMobileDataEnabled returning true
D/TelephonyRegistry(21515): notifyDataConnection() state=2isDataConnectivityPossible()true, reason=null
D/TelephonyRegistry(21515): broadcastDataConnectionStateChanged()  state=CONNECTEDtypes=default,dun,supl, interfaceName=rmnet0
I/ActivityManager(21515): Starting activity: Intent { act=android.intent.action.MAIN flg=0x10000000 cmp=com.kingvidbina.test/.Main }
I/ActivityManager(21515): Start proc com.kingvidbina.test for activity com.kingvidbina.test/.Main: pid=25600 uid=10261 gids={1006, 1015}
V/WindowManager(21515): Remove Window{47b19f08 Starting com.kingvidbina.test paused=false}: mSurface=Surface(name=Starting com.kingvidbina.test, identity=180) mExiting=false isAnimating=false app-animation=null inPendingTransaction=false mDisplayFrozen=false
E/WindowManager(21515): return in removeWindowLocked
I/ActivityManager(21515): Starting activity: Intent { cmp=com.kingvidbina.test/.Cam }
D/ConnectivityService(21515): getMobileDataEnabled returning true
D/WifiService(21515): releaseWifiLockLocked: WifiLock{NetworkLocationProvider type=2 binder=android.os.Binder@47b3eb28}
D/WifiService(21515): enable and start wifi due to updateWifiState
I/WindowManager(21515): Setting rotation to 3, animFlags=0
I/ActivityManager(21515): Config changed: { scale=1.0 imsi=204/4 loc=en_NL touch=3 keys=1/1/2 nav=1/1 orien=2 layout=34 uiMode=17 seq=10 skin=com.htc.skin.Slate}
I/UsageStats(21515): Unexpected resume of com.kingvidbina.test while already resumed in com.kingvidbina.test
V/WindowManager(21515): Remove Window{47e898b0 SurfaceView paused=false}: mSurface=null mExiting=false isAnimating=false app-animation=null inPendingTransaction=false mDisplayFrozen=true
V/WindowManager(21515): Remove Window{47e77a00 com.kingvidbina.test/com.kingvidbina.test.Cam paused=false}: mSurface=Surface(name=com.kingvidbina.test/com.kingvidbina.test.Cam, identity=182) mExiting=false isAnimating=false app-animation=null inPendingTransaction=false mDisplayFrozen=true
I/WindowManager(21515): Setting rotation to 0, animFlags=0
I/ActivityManager(21515): Config changed: { scale=1.0 imsi=204/4 loc=en_NL touch=3 keys=1/1/2 nav=1/1 orien=1 layout=34 uiMode=17 seq=11 skin=com.htc.skin.Slate}
I/UsageStats(21515): Unexpected resume of com.kingvidbina.test while already resumed in com.kingvidbina.test
V/WindowManager(21515): Remove Window{480a1fb0 SurfaceView paused=false}: mSurface=null mExiting=false isAnimating=false app-animation=null inPendingTransaction=false mDisplayFrozen=true
V/WindowManager(21515): Remove Window{480e7510 com.kingvidbina.test/com.kingvidbina.test.Cam paused=false}: mSurface=Surface(name=com.kingvidbina.test/com.kingvidbina.test.Cam, identity=184) mExiting=false isAnimating=false app-animation=null inPendingTransaction=false mDisplayFrozen=true
D/ConnectivityService(21515): getMobileDataEnabled returning true
D/TelephonyRegistry(21515): notifyDataConnection() state=2isDataConnectivityPossible()true, reason=null
D/TelephonyRegistry(21515): broadcastDataConnectionStateChanged()  state=CONNECTEDtypes=default,dun,supl, interfaceName=rmnet0
D/ConnectivityService(21515): getMobileDataEnabled returning true
D/WifiService(21515): acquireWifiLockLocked: WifiLock{NetworkLocationProvider type=2 binder=android.os.Binder@47b3eb28}
D/WifiService(21515): enable and start wifi due to updateWifiState
D/WifiService(21515): releaseWifiLockLocked: WifiLock{NetworkLocationProvider type=2 binder=android.os.Binder@47b3eb28}
D/WifiService(21515): enable and start wifi due to updateWifiState
D/ConnectivityService(21515): getMobileDataEnabled returning true
D/TelephonyRegistry(21515): notifyDataConnection() state=2isDataConnectivityPossible()true, reason=null
D/TelephonyRegistry(21515): broadcastDataConnectionStateChanged()  state=CONNECTEDtypes=default,dun,supl, interfaceName=rmnet0
D/ConnectivityService(21515): getMobileDataEnabled returning true
D/ConnectivityService(21515): getMobileDataEnabled returning true
D/TelephonyRegistry(21515): notifyDataConnection() state=2isDataConnectivityPossible()true, reason=null
D/TelephonyRegistry(21515): broadcastDataConnectionStateChanged()  state=CONNECTEDtypes=default,dun,supl, interfaceName=rmnet0
D/ConnectivityService(21515): getMobileDataEnabled returning true
D/WifiService(21515): acquireWifiLockLocked: WifiLock{NetworkLocationProvider type=2 binder=android.os.Binder@47b3eb28}
D/WifiService(21515): enable and start wifi due to updateWifiState
D/WifiService(21515): ACTION_BATTERY_CHANGED pluggedType: 2
D/WifiService(21515): releaseWifiLockLocked: WifiLock{NetworkLocationProvider type=2 binder=android.os.Binder@47b3eb28}
D/WifiService(21515): enable and start wifi due to updateWifiState
D/ConnectivityService(21515): getMobileDataEnabled returning true
D/TelephonyRegistry(21515): notifyDataConnection() state=2isDataConnectivityPossible()true, reason=null
D/TelephonyRegistry(21515): broadcastDataConnectionStateChanged()  state=CONNECTEDtypes=default,dun,supl, interfaceName=rmnet0
D/ConnectivityService(21515): getMobileDataEnabled returning true
D/WifiService(21515): acquireWifiLockLocked: WifiLock{NetworkLocationProvider type=2 binder=android.os.Binder@47b3eb28}
D/WifiService(21515): enable and start wifi due to updateWifiState
D/WifiService(21515): releaseWifiLockLocked: WifiLock{NetworkLocationProvider type=2 binder=android.os.Binder@47b3eb28}
D/WifiService(21515): enable and start wifi due to updateWifiState
D/ConnectivityService(21515): getMobileDataEnabled returning true
D/TelephonyRegistry(21515): notifyDataConnection() state=2isDataConnectivityPossible()true, reason=null
D/TelephonyRegistry(21515): broadcastDataConnectionStateChanged()  state=CONNECTEDtypes=default,dun,supl, interfaceName=rmnet0
D/ConnectivityService(21515): getMobileDataEnabled returning true
D/ConnectivityService(21515): getMobileDataEnabled returning true
D/TelephonyRegistry(21515): notifyDataConnection() state=2isDataConnectivityPossible()true, reason=null
D/TelephonyRegistry(21515): broadcastDataConnectionStateChanged()  state=CONNECTEDtypes=default,dun,supl, interfaceName=rmnet0
D/ConnectivityService(21515): getMobileDataEnabled returning true
D/ConnectivityService(21515): getMobileDataEnabled returning true
D/TelephonyRegistry(21515): notifyDataConnection() state=2isDataConnectivityPossible()true, reason=null
D/TelephonyRegistry(21515): broadcastDataConnectionStateChanged()  state=CONNECTEDtypes=default,dun,supl, interfaceName=rmnet0
D/ConnectivityService(21515): getMobileDataEnabled returning true
D/ConnectivityService(21515): getMobileDataEnabled returning true
D/TelephonyRegistry(21515): notifyDataConnection() state=2isDataConnectivityPossible()true, reason=null
D/TelephonyRegistry(21515): broadcastDataConnectionStateChanged()  state=CONNECTEDtypes=default,dun,supl, interfaceName=rmnet0
D/ConnectivityService(21515): getMobileDataEnabled returning true
D/WifiService(21515): acquireWifiLockLocked: WifiLock{NetworkLocationProvider type=2 binder=android.os.Binder@47b3eb28}
D/WifiService(21515): enable and start wifi due to updateWifiState
D/WifiService(21515): releaseWifiLockLocked: WifiLock{NetworkLocationProvider type=2 binder=android.os.Binder@47b3eb28}
D/WifiService(21515): enable and start wifi due to updateWifiState
D/ConnectivityService(21515): getMobileDataEnabled returning true
D/TelephonyRegistry(21515): notifyDataConnection() state=2isDataConnectivityPossible()true, reason=null
D/TelephonyRegistry(21515): broadcastDataConnectionStateChanged()  state=CONNECTEDtypes=default,dun,supl, interfaceName=rmnet0
D/ConnectivityService(21515): getMobileDataEnabled returning true
V/WindowManager(21515): Remove Window{47e77a00 SurfaceView paused=false}: mSurface=null mExiting=false isAnimating=false app-animation=null inPendingTransaction=false mDisplayFrozen=false
V/WindowManager(21515): Remove Window{47b19f08 com.kingvidbina.test/com.kingvidbina.test.Cam paused=false}: mSurface=null mExiting=false isAnimating=false app-animation=null inPendingTransaction=false mDisplayFrozen=false
V/WindowManager(21515): Remove Window{47e72828 com.kingvidbina.test/com.kingvidbina.test.Main paused=false}: mSurface=Surface(name=com.kingvidbina.test/com.kingvidbina.test.Main, identity=188) mExiting=false isAnimating=false app-animation=null inPendingTransaction=false mDisplayFrozen=false
D/ConnectivityService(21515): getMobileDataEnabled returning true
D/TelephonyRegistry(21515): notifyDataConnection() state=2isDataConnectivityPossible()true, reason=null
D/TelephonyRegistry(21515): broadcastDataConnectionStateChanged()  state=CONNECTEDtypes=default,dun,supl, interfaceName=rmnet0
D/ConnectivityService(21515): getMobileDataEnabled returning true
I/ActivityManager(21515): Force stopping package com.kingvidbina.test uid=10261
I/PackageManager(21515): Package com.kingvidbina.test codePath changed from /data/app/com.kingvidbina.test-1.apk to /data/app/com.kingvidbina.test-2.apk; Retaining data and using new
D/ConnectivityService(21515): getMobileDataEnabled returning true
D/TelephonyRegistry(21515): notifyDataConnection() state=2isDataConnectivityPossible()true, reason=null
D/TelephonyRegistry(21515): broadcastDataConnectionStateChanged()  state=CONNECTEDtypes=default,dun,supl, interfaceName=rmnet0
D/ConnectivityService(21515): getMobileDataEnabled returning true
I/ActivityManager(21515): Force stopping package com.kingvidbina.test uid=10261
W/PackageManager(21515): Code path for pkg : com.kingvidbina.test changing from /data/app/com.kingvidbina.test-1.apk to /data/app/com.kingvidbina.test-2.apk
W/PackageManager(21515): Resource path for pkg : com.kingvidbina.test changing from /data/app/com.kingvidbina.test-1.apk to /data/app/com.kingvidbina.test-2.apk
I/ActivityManager(21515): Force stopping package com.kingvidbina.test uid=10261
D/WifiService(21515): acquireWifiLockLocked: WifiLock{NetworkLocationProvider type=2 binder=android.os.Binder@47b3eb28}
D/WifiService(21515): enable and start wifi due to updateWifiState
I/ActivityManager(21515): Starting activity: Intent { act=android.intent.action.MAIN flg=0x10000000 cmp=com.kingvidbina.test/.Main }
I/ActivityManager(21515): Start proc com.kingvidbina.test for activity com.kingvidbina.test/.Main: pid=25689 uid=10261 gids={1006, 1015}
V/WindowManager(21515): Remove Window{47b19f08 Starting com.kingvidbina.test paused=false}: mSurface=Surface(name=Starting com.kingvidbina.test, identity=190) mExiting=false isAnimating=false app-animation=null inPendingTransaction=false mDisplayFrozen=false
E/WindowManager(21515): return in removeWindowLocked
D/ConnectivityService(21515): getMobileDataEnabled returning true
D/TelephonyRegistry(21515): notifyDataConnection() state=2isDataConnectivityPossible()true, reason=null
D/TelephonyRegistry(21515): broadcastDataConnectionStateChanged()  state=CONNECTEDtypes=default,dun,supl, interfaceName=rmnet0
D/ConnectivityService(21515): getMobileDataEnabled returning true
I/ActivityManager(21515): Starting activity: Intent { cmp=com.kingvidbina.test/.Cam }
D/WifiService(21515): releaseWifiLockLocked: WifiLock{NetworkLocationProvider type=2 binder=android.os.Binder@47b3eb28}
D/WifiService(21515): enable and start wifi due to updateWifiState
I/WindowManager(21515): Setting rotation to 1, animFlags=0
I/ActivityManager(21515): Config changed: { scale=1.0 imsi=204/4 loc=en_NL touch=3 keys=1/1/2 nav=1/1 orien=2 layout=34 uiMode=17 seq=12 skin=com.htc.skin.Slate}
I/UsageStats(21515): Unexpected resume of com.kingvidbina.test while already resumed in com.kingvidbina.test
V/WindowManager(21515): Remove Window{47e72828 SurfaceView paused=false}: mSurface=null mExiting=false isAnimating=false app-animation=null inPendingTransaction=false mDisplayFrozen=true
V/WindowManager(21515): Remove Window{47e043d0 com.kingvidbina.test/com.kingvidbina.test.Cam paused=false}: mSurface=Surface(name=com.kingvidbina.test/com.kingvidbina.test.Cam, identity=192) mExiting=false isAnimating=false app-animation=null inPendingTransaction=false mDisplayFrozen=true
I/WindowManager(21515): Setting rotation to 0, animFlags=0
I/ActivityManager(21515): Config changed: { scale=1.0 imsi=204/4 loc=en_NL touch=3 keys=1/1/2 nav=1/1 orien=1 layout=34 uiMode=17 seq=13 skin=com.htc.skin.Slate}
I/UsageStats(21515): Unexpected resume of com.kingvidbina.test while already resumed in com.kingvidbina.test
D/ConnectivityService(21515): getMobileDataEnabled returning true
D/TelephonyRegistry(21515): notifyDataConnection() state=2isDataConnectivityPossible()true, reason=null
D/TelephonyRegistry(21515): broadcastDataConnectionStateChanged()  state=CONNECTEDtypes=default,dun,supl, interfaceName=rmnet0
D/ConnectivityService(21515): getMobileDataEnabled returning true
V/WindowManager(21515): Remove Window{4806c3c0 SurfaceView paused=false}: mSurface=null mExiting=false isAnimating=false app-animation=null inPendingTransaction=false mDisplayFrozen=true
V/WindowManager(21515): Remove Window{47d64a10 com.kingvidbina.test/com.kingvidbina.test.Cam paused=false}: mSurface=Surface(name=com.kingvidbina.test/com.kingvidbina.test.Cam, identity=194) mExiting=false isAnimating=false app-animation=null inPendingTransaction=false mDisplayFrozen=true
D/WifiService(21515): acquireWifiLockLocked: WifiLock{NetworkLocationProvider type=2 binder=android.os.Binder@47b3eb28}
D/WifiService(21515): enable and start wifi due to updateWifiState
D/ConnectivityService(21515): getMobileDataEnabled returning true
D/TelephonyRegistry(21515): notifyDataConnection() state=2isDataConnectivityPossible()true, reason=null
D/TelephonyRegistry(21515): broadcastDataConnectionStateChanged()  state=CONNECTEDtypes=default,dun,supl, interfaceName=rmnet0
D/ConnectivityService(21515): getMobileDataEnabled returning true
D/WifiService(21515): releaseWifiLockLocked: WifiLock{NetworkLocationProvider type=2 binder=android.os.Binder@47b3eb28}
D/WifiService(21515): enable and start wifi due to updateWifiState
V/WindowManager(21515): Remove Window{47e043d0 SurfaceView paused=false}: mSurface=null mExiting=false isAnimating=false app-animation=null inPendingTransaction=false mDisplayFrozen=false
V/WindowManager(21515): Remove Window{47b19f08 com.kingvidbina.test/com.kingvidbina.test.Cam paused=false}: mSurface=null mExiting=false isAnimating=false app-animation=null inPendingTransaction=false mDisplayFrozen=false
D/ConnectivityService(21515): getMobileDataEnabled returning true
D/TelephonyRegistry(21515): notifyDataConnection() state=2isDataConnectivityPossible()true, reason=null
D/TelephonyRegistry(21515): broadcastDataConnectionStateChanged()  state=CONNECTEDtypes=default,dun,supl, interfaceName=rmnet0
D/ConnectivityService(21515): getMobileDataEnabled returning true
V/WindowManager(21515): Remove Window{47d64078 com.kingvidbina.test/com.kingvidbina.test.Main paused=false}: mSurface=null mExiting=false isAnimating=false app-animation=null inPendingTransaction=false mDisplayFrozen=false
D/ConnectivityService(21515): getMobileDataEnabled returning true
D/TelephonyRegistry(21515): notifyDataConnection() state=2isDataConnectivityPossible()true, reason=null
D/TelephonyRegistry(21515): broadcastDataConnectionStateChanged()  state=CONNECTEDtypes=default,dun,supl, interfaceName=rmnet0
D/ConnectivityService(21515): getMobileDataEnabled returning true
D/ConnectivityService(21515): getMobileDataEnabled returning true
D/TelephonyRegistry(21515): notifyDataConnection() state=2isDataConnectivityPossible()true, reason=null
D/TelephonyRegistry(21515): broadcastDataConnectionStateChanged()  state=CONNECTEDtypes=default,dun,supl, interfaceName=rmnet0
D/ConnectivityService(21515): getMobileDataEnabled returning true
D/ConnectivityService(21515): getMobileDataEnabled returning true
D/TelephonyRegistry(21515): notifyDataConnection() state=2isDataConnectivityPossible()true, reason=null
D/TelephonyRegistry(21515): broadcastDataConnectionStateChanged()  state=CONNECTEDtypes=default,dun,supl, interfaceName=rmnet0
D/ConnectivityService(21515): getMobileDataEnabled returning true
D/ConnectivityService(21515): getMobileDataEnabled returning true
D/TelephonyRegistry(21515): notifyDataConnection() state=2isDataConnectivityPossible()true, reason=null
D/TelephonyRegistry(21515): broadcastDataConnectionStateChanged()  state=CONNECTEDtypes=default,dun,supl, interfaceName=rmnet0
D/ConnectivityService(21515): getMobileDataEnabled returning true
D/ConnectivityService(21515): getMobileDataEnabled returning true
D/TelephonyRegistry(21515): notifyDataConnection() state=2isDataConnectivityPossible()true, reason=null
D/TelephonyRegistry(21515): broadcastDataConnectionStateChanged()  state=CONNECTEDtypes=default,dun,supl, interfaceName=rmnet0
D/ConnectivityService(21515): getMobileDataEnabled returning true
D/ConnectivityService(21515): getMobileDataEnabled returning true
D/TelephonyRegistry(21515): notifyDataConnection() state=2isDataConnectivityPossible()true, reason=null
D/TelephonyRegistry(21515): broadcastDataConnectionStateChanged()  state=CONNECTEDtypes=default,dun,supl, interfaceName=rmnet0
D/ConnectivityService(21515): getMobileDataEnabled returning true
D/WifiService(21515): acquireWifiLockLocked: WifiLock{NetworkLocationProvider type=2 binder=android.os.Binder@47b3eb28}
D/WifiService(21515): enable and start wifi due to updateWifiState
D/ConnectivityService(21515): getMobileDataEnabled returning true
D/TelephonyRegistry(21515): notifyDataConnection() state=2isDataConnectivityPossible()true, reason=null
D/TelephonyRegistry(21515): broadcastDataConnectionStateChanged()  state=CONNECTEDtypes=default,dun,supl, interfaceName=rmnet0
D/ConnectivityService(21515): getMobileDataEnabled returning true
D/WifiService(21515): releaseWifiLockLocked: WifiLock{NetworkLocationProvider type=2 binder=android.os.Binder@47b3eb28}
D/WifiService(21515): enable and start wifi due to updateWifiState
D/ConnectivityService(21515): getMobileDataEnabled returning true
D/TelephonyRegistry(21515): notifyDataConnection() state=2isDataConnectivityPossible()true, reason=null
D/TelephonyRegistry(21515): broadcastDataConnectionStateChanged()  state=CONNECTEDtypes=default,dun,supl, interfaceName=rmnet0
D/ConnectivityService(21515): getMobileDataEnabled returning true
D/ConnectivityService(21515): getMobileDataEnabled returning true
D/TelephonyRegistry(21515): notifyDataConnection() state=2isDataConnectivityPossible()true, reason=null
D/TelephonyRegistry(21515): broadcastDataConnectionStateChanged()  state=CONNECTEDtypes=default,dun,supl, interfaceName=rmnet0
D/ConnectivityService(21515): getMobileDataEnabled returning true
D/ConnectivityService(21515): getMobileDataEnabled returning true
D/TelephonyRegistry(21515): notifyDataConnection() state=2isDataConnectivityPossible()true, reason=null
D/TelephonyRegistry(21515): broadcastDataConnectionStateChanged()  state=CONNECTEDtypes=default,dun,supl, interfaceName=rmnet0
D/ConnectivityService(21515): getMobileDataEnabled returning true
D/WifiService(21515): acquireWifiLockLocked: WifiLock{MAIL_WIFI_LOCK type=1 binder=android.os.BinderProxy@4811f388}
D/WifiService(21515): enable and start wifi due to updateWifiState
D/ConnectivityService(21515): getMobileDataEnabled returning true
D/TelephonyRegistry(21515): notifyDataConnection() state=2isDataConnectivityPossible()true, reason=null
D/TelephonyRegistry(21515): broadcastDataConnectionStateChanged()  state=CONNECTEDtypes=default,dun,supl, interfaceName=rmnet0
D/ConnectivityService(21515): getMobileDataEnabled returning true
D/WifiService(21515): releaseWifiLockLocked: WifiLock{MAIL_WIFI_LOCK type=1 binder=android.os.BinderProxy@4811f388}
D/WifiService(21515): enable and start wifi due to updateWifiState
D/WifiService(21515): acquireWifiLockLocked: WifiLock{NetworkLocationProvider type=2 binder=android.os.Binder@47b3eb28}
D/WifiService(21515): enable and start wifi due to updateWifiState
D/ConnectivityService(21515): getMobileDataEnabled returning true
D/TelephonyRegistry(21515): notifyDataConnection() state=2isDataConnectivityPossible()true, reason=null
D/TelephonyRegistry(21515): broadcastDataConnectionStateChanged()  state=CONNECTEDtypes=default,dun,supl, interfaceName=rmnet0
D/ConnectivityService(21515): getMobileDataEnabled returning true
D/WifiService(21515): releaseWifiLockLocked: WifiLock{NetworkLocationProvider type=2 binder=android.os.Binder@47b3eb28}
D/WifiService(21515): enable and start wifi due to updateWifiState
D/ConnectivityService(21515): getMobileDataEnabled returning true
D/TelephonyRegistry(21515): notifyDataConnection() state=2isDataConnectivityPossible()true, reason=null
D/TelephonyRegistry(21515): broadcastDataConnectionStateChanged()  state=CONNECTEDtypes=default,dun,supl, interfaceName=rmnet0
D/ConnectivityService(21515): getMobileDataEnabled returning true
D/ConnectivityService(21515): getMobileDataEnabled returning true
D/TelephonyRegistry(21515): notifyDataConnection() state=2isDataConnectivityPossible()true, reason=null
D/TelephonyRegistry(21515): broadcastDataConnectionStateChanged()  state=CONNECTEDtypes=default,dun,supl, interfaceName=rmnet0
D/ConnectivityService(21515): getMobileDataEnabled returning true
D/ConnectivityService(21515): getMobileDataEnabled returning true
D/TelephonyRegistry(21515): notifyDataConnection() state=2isDataConnectivityPossible()true, reason=null
D/TelephonyRegistry(21515): broadcastDataConnectionStateChanged()  state=CONNECTEDtypes=default,dun,supl, interfaceName=rmnet0
D/ConnectivityService(21515): getMobileDataEnabled returning true
D/ConnectivityService(21515): getMobileDataEnabled returning true
D/TelephonyRegistry(21515): notifyDataConnection() state=2isDataConnectivityPossible()true, reason=null
D/TelephonyRegistry(21515): broadcastDataConnectionStateChanged()  state=CONNECTEDtypes=default,dun,supl, interfaceName=rmnet0
D/ConnectivityService(21515): getMobileDataEnabled returning true
D/WifiService(21515): acquireWifiLockLocked: WifiLock{NetworkLocationProvider type=2 binder=android.os.Binder@47b3eb28}
D/WifiService(21515): enable and start wifi due to updateWifiState
D/WifiService(21515): ACTION_BATTERY_CHANGED pluggedType: 2
D/WifiService(21515): releaseWifiLockLocked: WifiLock{NetworkLocationProvider type=2 binder=android.os.Binder@47b3eb28}
D/WifiService(21515): enable and start wifi due to updateWifiState
D/ConnectivityService(21515): getMobileDataEnabled returning true
D/TelephonyRegistry(21515): notifyDataConnection() state=2isDataConnectivityPossible()true, reason=null
D/TelephonyRegistry(21515): broadcastDataConnectionStateChanged()  state=CONNECTEDtypes=default,dun,supl, interfaceName=rmnet0
D/ConnectivityService(21515): getMobileDataEnabled returning true
D/ConnectivityService(21515): getMobileDataEnabled returning true
D/TelephonyRegistry(21515): notifyDataConnection() state=2isDataConnectivityPossible()true, reason=null
D/TelephonyRegistry(21515): broadcastDataConnectionStateChanged()  state=CONNECTEDtypes=default,dun,supl, interfaceName=rmnet0
D/ConnectivityService(21515): getMobileDataEnabled returning true
D/ConnectivityService(21515): getMobileDataEnabled returning true
D/TelephonyRegistry(21515): notifyDataConnection() state=2isDataConnectivityPossible()true, reason=null
D/TelephonyRegistry(21515): broadcastDataConnectionStateChanged()  state=CONNECTEDtypes=default,dun,supl, interfaceName=rmnet0
D/ConnectivityService(21515): getMobileDataEnabled returning true
D/ConnectivityService(21515): getMobileDataEnabled returning true
D/TelephonyRegistry(21515): notifyDataConnection() state=2isDataConnectivityPossible()true, reason=null
D/TelephonyRegistry(21515): broadcastDataConnectionStateChanged()  state=CONNECTEDtypes=default,dun,supl, interfaceName=rmnet0
D/ConnectivityService(21515): getMobileDataEnabled returning true
D/WifiService(21515): acquireWifiLockLocked: WifiLock{NetworkLocationProvider type=2 binder=android.os.Binder@47b3eb28}
D/WifiService(21515): enable and start wifi due to updateWifiState
D/WifiService(21515): releaseWifiLockLocked: WifiLock{NetworkLocationProvider type=2 binder=android.os.Binder@47b3eb28}
D/WifiService(21515): enable and start wifi due to updateWifiState
D/ConnectivityService(21515): getMobileDataEnabled returning true
