D/QualcommCameraHardware( 1218): loading liboemcamera at 0xb001140c
I/QualcommCameraHardware( 1218): Set main cam and main cam only
I/        ( 1218): set sensor selection :0
V/Test    (11534): surfaceChanged
V/upgrading( 1671): onConfigurationChanged
V/upgrading( 1671): onConfigurationChanged to call verify locale
I/upgrading( 1671): verifyLocale status: 0
I/QualcommCameraHardware( 1218): Open Device node : /dev/msm_camera/control0
I/        ( 1218): Open Device node : /dev/msm_camera/config0 
I/        ( 1218): [AWB Calibration] from kernel: fuse_id: 0x0, 0x0, 0x4, 0xa076f6
I/mm-camera-s5k3h1gx_u( 1218): Inside s5k3h1gx_process_start 
I/        ( 1218): [LSC Calibration]Sensor_set_mesh
I/        ( 1218): [LSC Calibration] : call awb_get_fuseid
I/        ( 1218): Read /data/lsc_cal fail
I/        ( 1218): Read from file OK: /data/lsc_cal or /sys/android_camera_awb_cal/awb_cal
I/        ( 1218): [LSC Calibration]: lsc_checksum=b51aa87, lsc_verify=c1b
I/        ( 1218): [LSC Calibration]: fuseid_1=0,fuseid_2=0,fuseid_3=4,fuseid_4=a076f6, sfuse.fuse_id_word1=0,sfuse.fuse_id_word2=0,sfuse.fuse_id_word3=4,sfuse.fuse_id_word4=a076f6
I/        ( 1218): LSC_Calibration: 	addr=a777b36c, & addr=a777b36c
I/        ( 1218): LSC_Calibration: 	addr=a777c140, & addr=a777c140
I/        ( 1218): LSC_Calibration: 	addr=a777cf14, & addr=a777cf14
I/        ( 1218): LSC_Calibration: 	addr=a777dce8, & addr=a777dce8
I/        ( 1218): LSC_Calibration: 	addr=a777eabc, & addr=a777eabc
I/mm-camera-s5k3h1gx_u( 1218): s5k3h1gx_process_start: [LSC Calibration] LSC is valid and set NEW mesh value
I/        ( 1218): [AWB Calibration] fuse_id : 0x0, 0x0, 0x4, 0xa076f6
I/        ( 1218): [AWB Calibration] fail to read /data/awb_cal, try another file
I/        ( 1218): [AWB Calibration] read from file OK: /sys/android_camera_awb_cal/awb_cal
I/        ( 1218): [AWB Calibration] nandflash data: 0xc1b, 0x30b, 0x297, 0x0, 0x0, 0x4, 0xa076f6, 0x8ce08b9a
I/        ( 1218): [AWB Calibration] check sum=8ce08b9a, OK
I/        ( 1218): [AWB Calibration] valid bit and fuseID pass, use new white points
I/        ( 1218): [AWB Calibration] use light version: v3
I/mm-camera-s5k3h1gx_u( 1218): s5k3h1gx_register: table = 0xa77a9708
I/mm-camera-s5k3h1gx_u( 1218): get snapshot size pointer:0xa7722fd5
D/        ( 1218): sensor_led_ctrl_init: camfd = 18
I/QualcommCameraHardware( 1218): startCamera: camsensor name s5k3h1gx, flash 1
I/        ( 1218): sctrl:0xa77a8b70
I/        ( 1218): sctrl->fn_table:0xa7723a69
I/        ( 1218): sctrl->fn_table.get_snapshot_sizes:0xa7722fd5
I/mm-camera-s5k3h1gx_u( 1218): get table
D/QualcommCameraHardware( 1218): startCamera X
D/QualcommCameraHardware( 1218): loading libposteffect at 0xb001186c
D/QualcommCameraHardware( 1218): static android::sp<android::CameraHardwareInterface> android::QualcommCameraHardware::createInstance(): start GPU manager (0).
D/QualcommCameraHardware( 1218): initDefaultParameters E
D/QualcommCameraHardware( 1218): product 9
D/QualcommCameraHardware( 1218): native_access_parm: fd 13, type 1, length 32
E/QualcommCameraHardware( 1218): native_access_parm: error (No such file or directory): fd 13, type 1, length 32, status 0
D/QualcommCameraHardware( 1218): native_access_parm: fd 13, type 68, length 4
D/QualcommCameraHardware( 1218): native_access_parm: fd 13, type 69, length 4
D/QualcommCameraHardware( 1218): native_access_parm: fd 13, type 70, length 4
D/QualcommCameraHardware( 1218): preview width=1640 preview height=1232
D/QualcommCameraHardware( 1218): panel width=800 panel height=480
D/QualcommCameraHardware( 1218): max_zoom=31 zoom_available=31.068716
D/QualcommCameraHardware( 1218): requested preview size 640 x 480
D/QualcommCameraHardware( 1218): requested picture size 3264 x 2448
D/GPUPostEffect( 1218): SIMON: void* mlabs::GPUPostEffect::threadMain() E.
D/QualcommCameraHardware( 1218): value:20404, country value:204, country code:204
I/GEManager( 1218): [GEManager] enter
D/GEManager( 1218): [GEManager] m_eglDisplay successfully
D/GEManager( 1218): [GEManager] eglInitialize successfully
D/QualcommCameraHardware( 1218): native_access_parm: fd 13, type 21, length 4
D/QualcommCameraHardware( 1218): native_access_parm: fd 13, type 15, length 4
D/QualcommCameraHardware( 1218): native_access_parm: fd 13, type 14, length 4
D/QualcommCameraHardware( 1218): setFlash 0
D/QualcommCameraHardware( 1218): native_access_parm: fd 13, type 49, length 4
D/        ( 1218): In config_proc_CAMERA_SET_PARM_LED_MODE: 0
D/        ( 1218): set_led_mode = 0, led_ctrl_p->led_mode = 0
I/QualcommCameraHardware( 1218): Set zoom=0 30
D/QualcommCameraHardware( 1218): native_access_parm: fd 13, type 2, length 4
I/QualcommCameraHardware( 1218): Setting Contrast is 5
D/QualcommCameraHardware( 1218): native_access_parm: fd 13, type 6, length 4
I/QualcommCameraHardware( 1218): Setting Brightness is 3
D/QualcommCameraHardware( 1218): native_access_parm: fd 13, type 7, length 4
I/QualcommCameraHardware( 1218): Setting Saturation is 5
D/QualcommCameraHardware( 1218): native_access_parm: fd 13, type 11, length 4
I/QualcommCameraHardware( 1218): Setting Sharpness is 10
D/QualcommCameraHardware( 1218): native_access_parm: fd 13, type 9, length 4
D/GEManager( 1218): [GEManager] eglChooseConfig successfully
D/QualcommCameraHardware( 1218): native_access_parm: fd 13, type 12, length 4
I/QualcommCameraHardware( 1218): xxx set CAF :0
D/QualcommCameraHardware( 1218): native_access_parm: fd 13, type 65, length 4
D/QualcommCameraHardware( 1218): not defined touch-focus yet, or AP without touch-focus function
I/QualcommCameraHardware( 1218): Before Setting coordinate x:320 y:240
I/QualcommCameraHardware( 1218): Setting coordinate x:2 y:2
D/QualcommCameraHardware( 1218): native_access_parm: fd 13, type 64, length 4
D/QualcommCameraHardware( 1218): native_access_parm: fd 13, type 73, length 18
D/QualcommCameraHardware( 1218): native_access_parm: fd 13, type 26, length 4
D/QualcommCameraHardware( 1218): native_access_parm: fd 13, type 62, length 4
D/QualcommCameraHardware( 1218): native_access_parm: fd 13, type 8, length 4
I/upgrading( 1671): verifyLocale providerLocale: en_NL
D/QualcommCameraHardware( 1218): virtual android::status_t android::QualcommCameraHardware::setParameters(const android::CameraParameters&), final_rc=0
D/        ( 1218): [GECameraParameters::getGPUEffect] enter
D/        ( 1218): [GECameraParameters::getGPUEffect] leave. no key GPU-effect
D/        ( 1218): [GECameraParameters::getGPUEffectParam] leave. no key GE-param0
D/        ( 1218): [GECameraParameters::getGPUEffectParam] leave. no key GE-param1
D/        ( 1218): [GECameraParameters::getGPUEffectParam] leave. no key GE-param3
D/GEManager( 1218): [GEManager] eglCreateContext successfully
D/GEManager( 1218): [GEManager] eglCreatePbufferSurface successfully
D/GEManager( 1218): [GEManager] eglMakeCurrent successfully
I/GEManager( 1218): [GEManager] leave
I/GPUPostEffect( 1218): SIMON: int mlabs::GPUPostEffect::setParameters(mlabs::GPUPostEffect::GPUTask*): old effect = 0, new effect = -1.
D/GPUPostEffect( 1218): SIMON: setParameters: isGEInit == false: no call to ChooseEffect.
D/QualcommCameraHardware( 1218): initDefaultParameters X
D/QualcommCameraHardware( 1218): createInstance: X created hardware=0x76520
D/MediaPlayerService( 1218): player type = VORBIS_PLAYER
D/MediaPlayerService( 1218): player type = VORBIS_PLAYER
D/CameraService( 1218): Client::Client X (pid 11534)
D/CameraService( 1218): CameraService::connect X
D/Test    (11534): Camera opened
D/QualcommCameraHardware( 1218): requested preview size 480 x 320
D/QualcommCameraHardware( 1218): requested picture size 3264 x 2448
D/QualcommCameraHardware( 1218): value:20404, country value:204, country code:204
D/QualcommCameraHardware( 1218): native_access_parm: fd 13, type 21, length 4
D/QualcommCameraHardware( 1218): native_access_parm: fd 13, type 15, length 4
D/QualcommCameraHardware( 1218): native_access_parm: fd 13, type 14, length 4
D/QualcommCameraHardware( 1218): setFlash 0
D/QualcommCameraHardware( 1218): native_access_parm: fd 13, type 49, length 4
D/        ( 1218): In config_proc_CAMERA_SET_PARM_LED_MODE: 0
D/        ( 1218): set_led_mode = 0, led_ctrl_p->led_mode = 0
I/QualcommCameraHardware( 1218): Set zoom=0 30
D/QualcommCameraHardware( 1218): native_access_parm: fd 13, type 2, length 4
I/QualcommCameraHardware( 1218): Setting Contrast is 5
D/QualcommCameraHardware( 1218): native_access_parm: fd 13, type 6, length 4
I/QualcommCameraHardware( 1218): Setting Brightness is 3
D/QualcommCameraHardware( 1218): native_access_parm: fd 13, type 7, length 4
I/QualcommCameraHardware( 1218): Setting Saturation is 5
D/QualcommCameraHardware( 1218): native_access_parm: fd 13, type 11, length 4
I/QualcommCameraHardware( 1218): Setting Sharpness is 10
D/QualcommCameraHardware( 1218): native_access_parm: fd 13, type 9, length 4
D/QualcommCameraHardware( 1218): native_access_parm: fd 13, type 12, length 4
I/QualcommCameraHardware( 1218): xxx set CAF :0
D/QualcommCameraHardware( 1218): native_access_parm: fd 13, type 65, length 4
D/QualcommCameraHardware( 1218): not defined touch-focus yet, or AP without touch-focus function
I/QualcommCameraHardware( 1218): Before Setting coordinate x:240 y:160
I/QualcommCameraHardware( 1218): Setting coordinate x:2 y:2
D/QualcommCameraHardware( 1218): native_access_parm: fd 13, type 64, length 4
D/QualcommCameraHardware( 1218): native_access_parm: fd 13, type 73, length 18
D/QualcommCameraHardware( 1218): native_access_parm: fd 13, type 26, length 4
D/QualcommCameraHardware( 1218): native_access_parm: fd 13, type 62, length 4
D/QualcommCameraHardware( 1218): native_access_parm: fd 13, type 8, length 4
D/QualcommCameraHardware( 1218): virtual android::status_t android::QualcommCameraHardware::setParameters(const android::CameraParameters&), final_rc=0
D/        ( 1218): [GECameraParameters::getGPUEffect] enter
D/        ( 1218): [GECameraParameters::getGPUEffect] leave. no key GPU-effect
D/        ( 1218): [GECameraParameters::getGPUEffectParam] leave. no key GE-param0
D/        ( 1218): [GECameraParameters::getGPUEffectParam] leave. no key GE-param1
D/        ( 1218): [GECameraParameters::getGPUEffectParam] leave. no key GE-param3
I/GPUPostEffect( 1218): SIMON: int mlabs::GPUPostEffect::setParameters(mlabs::GPUPostEffect::GPUTask*): old effect = -1, new effect = -1.
D/GPUPostEffect( 1218): SIMON: setParameters: isGEInit == false: no call to ChooseEffect.
V/Test    (11534): post AsyncTask:InitCamera
D/CameraService( 1218): setPreviewDisplay(0x2b4f0) (pid 11534)
I/CameraService( 1218): mUseOverlay:1
D/CameraService( 1218): setOverlay
I/CameraService( 1218): setOverlay use previe size: w 480 h 320
D/CameraService( 1218): w 480 h 320 mOverlayW 0 mOverlayH 0
E/QualcommCameraHardware( 1218):  Overlay object NULL. returning 
D/CameraService( 1218): startCameraMode(0) (pid 11534)
D/CameraService( 1218): startPreviewMode (pid 11534)
D/CameraService( 1218): setOverlay
I/CameraService( 1218): setOverlay use previe size: w 480 h 320
D/QualcommCameraHardware( 1218): startPreview E
D/QualcommCameraHardware( 1218): initPreview E: preview size=480x320
D/QualcommCameraHardware( 1218): initPreview E: preview size=480x320 videosize = 480 x 320
D/QualcommCameraHardware( 1218): initPreview : preview size=480x320 videosize = 480 x 320
D/QualcommCameraHardware( 1218): initPreview: mFrameThreadWaitLock.lock()
D/QualcommCameraHardware( 1218): initPreview: mFrameThreadWaitLock.unlock()
D/QualcommCameraHardware( 1218): native_access_parm: fd 13, type 1, length 32
D/WifiService( 1303): acquireWifiLockLocked: WifiLock{NetworkLocationProvider type=2 binder=android.os.Binder@47ebd008}
D/WifiService( 1303): enable and start wifi due to updateWifiState
D/QualcommCameraHardware( 1218): initpreview before cam_frame thread carete , video frame  buffer=1101131776 fd=57 y_off=0 cbcr_off=153600 
D/QualcommCameraHardware( 1218): initPreview X: 1
D/GPUPostEffect( 1218): SIMON: virtual int mlabs::GPUPostEffect::startPreview(int, int) E.
D/GPUPostEffect( 1218): SIMON: int mlabs::GPUPostEffect::startPreview(mlabs::GPUPostEffect::GPUTask*) E.
D/GPUPostEffect( 1218): SIMON: int mlabs::GPUPostEffect::startPreview(mlabs::GPUPostEffect::GPUTask*): preview 480 x 320 started ok.
D/GPUPostEffect( 1218): SIMON: int mlabs::GPUPostEffect::startPreview(mlabs::GPUPostEffect::GPUTask*) X.
D/GPUPostEffect( 1218): SIMON: virtual int mlabs::GPUPostEffect::startPreview(int, int) X.
D/QualcommCameraHardware( 1218): android::status_t android::QualcommCameraHardware::startPreviewInternal(): startPreview 480 x 320 (0)
E/        ( 1218): config_proc_CAMERA_START_VIDEO:Line:1307 This ioctl can fail if pp_mask is zero. 
E/        ( 1218): config_proc_CAMERA_START_VIDEO:Line:1309 ioctl MSM_CAM_IOCTL_PICT_PP_DONE is failed...
D/        ( 1218): preview delay Dig_gain =1.000000, sparam->preview_fps 7685
D/QualcommCameraHardware( 1218): frame_thread E
I/CAMFRAME:( 1218): Open Device node : /dev/msm_camera/frame0 
D/QualcommCameraHardware( 1218): startPreview X
V/Test    (11534): PVCallback set
E/        ( 1218): TRIGGER_OUTDOOR
I/wpa_supplicant( 1721): Scan requested (ret=0) - scan timeout 30 seconds
I/CameraService( 1218): [Camera KPI] 1st preview frame
D/dalvikvm(11534): GC_FOR_MALLOC freed 333 objects / 263944 bytes in 50ms
D/dalvikvm(11534): GC_FOR_MALLOC freed 622 objects / 266104 bytes in 29ms
D/dalvikvm(11534): GC_FOR_MALLOC freed 3 objects / 230472 bytes in 28ms
D/dalvikvm(11534): GC_FOR_MALLOC freed 3 objects / 230472 bytes in 34ms
D/dalvikvm(11534): GC_FOR_MALLOC freed 3 objects / 230472 bytes in 28ms
D/dalvikvm(11534): GC_FOR_MALLOC freed 3 objects / 230472 bytes in 35ms
D/dalvikvm(11534): GC_FOR_MALLOC freed 3 objects / 230472 bytes in 36ms
D/dalvikvm(11534): GC_FOR_MALLOC freed 3 objects / 230472 bytes in 175ms
D/dalvikvm(11534): GC_FOR_MALLOC freed 3 objects / 230472 bytes in 30ms
D/skia    ( 1687): purging 189K from font cache [23 entries]
D/dalvikvm(11534): GC_FOR_MALLOC freed 3 objects / 230472 bytes in 36ms
D/dalvikvm(11534): GC_FOR_MALLOC freed 3 objects / 230472 bytes in 27ms
D/dalvikvm(11534): GC_FOR_MALLOC freed 3 objects / 230472 bytes in 32ms
D/dalvikvm(11534): GC_FOR_MALLOC freed 3 objects / 230472 bytes in 28ms
D/dalvikvm(11534): GC_FOR_MALLOC freed 3 objects / 230472 bytes in 26ms
D/dalvikvm(11534): GC_FOR_MALLOC freed 3 objects / 230472 bytes in 27ms
D/dalvikvm(11534): GC_FOR_MALLOC freed 3 objects / 230472 bytes in 27ms
D/dalvikvm( 1687): GC_EXPLICIT freed 23399 objects / 1201752 bytes in 259ms
D/dalvikvm(11534): GC_FOR_MALLOC freed 3 objects / 230472 bytes in 27ms
D/PowerManagerService( 1303): New lightsensor value:40, lcdValue:128
D/PowerManagerService( 1303): lightSensorChangedLocked, buttonValue >= 0, mPowerState = 3
D/lights  ( 1303): set_light_buttons on=16777215
D/dalvikvm(11534): GC_FOR_MALLOC freed 3 objects / 230472 bytes in 50ms
I/wpa_supplicant( 1721): got scan complete
I/wpa_supplicant( 1721): wpa_supplicant_get_scan_results:return scan results2
I/wpa_supplicant( 1721): AP:ssid[Lagabo Ku Gana],rssi[-87],BSSID=00:12:17:77:3c:3f
I/wpa_supplicant( 1721): AP:ssid[Waly-Salsero],rssi[-88],BSSID=00:25:9c:4d:1e:a8
I/wpa_supplicant( 1721): Received 585 bytes of scan results (2 BSSes)
I/wpa_supplicant( 1721): wpa_driver_wext_get_scan_results---
I/wpa_supplicant( 1721): WPS-AP-AVAILABLE 
I/wpa_supplicant( 1721): wpa_disabled_ssid_list_clear
I/wpa_supplicant( 1721): No suitable AP found.
V/WifiMonitor( 1303): Event [WPS-AP-AVAILABLE ]
V/WifiMonitor( 1303): Event [wpa_disabled_ssid_list_clear]
D/dalvikvm(11534): GC_FOR_MALLOC freed 3 objects / 230472 bytes in 37ms
D/dalvikvm(11534): GC_FOR_MALLOC freed 3 objects / 230472 bytes in 28ms
D/dalvikvm(11534): GC_FOR_MALLOC freed 3 objects / 230472 bytes in 28ms
D/dalvikvm(11534): GC_FOR_MALLOC freed 3 objects / 230472 bytes in 26ms
D/dalvikvm(11534): GC_FOR_MALLOC freed 3 objects / 230472 bytes in 32ms
D/dalvikvm(11534): GC_FOR_MALLOC freed 3 objects / 230472 bytes in 49ms
D/dalvikvm(11534): GC_FOR_MALLOC freed 3 objects / 230472 bytes in 36ms
D/dalvikvm(11534): GC_FOR_MALLOC freed 3 objects / 230472 bytes in 36ms
D/dalvikvm(11534): GC_FOR_MALLOC freed 3 objects / 230472 bytes in 31ms
D/dalvikvm(11534): GC_FOR_MALLOC freed 3 objects / 230472 bytes in 34ms
D/dalvikvm(11534): GC_FOR_MALLOC freed 3 objects / 230472 bytes in 36ms
D/dalvikvm(11534): GC_FOR_MALLOC freed 3 objects / 230472 bytes in 27ms
D/dalvikvm(11534): GC_FOR_MALLOC freed 3 objects / 230472 bytes in 30ms
D/dalvikvm(11534): GC_FOR_MALLOC freed 3 objects / 230472 bytes in 32ms
D/dalvikvm(11534): GC_FOR_MALLOC freed 3 objects / 230472 bytes in 112ms
D/dalvikvm( 1303): GC_EXPLICIT freed 35725 objects / 1703720 bytes in 252ms
D/dalvikvm(11534): GC_FOR_MALLOC freed 3 objects / 230472 bytes in 88ms
D/dalvikvm(11534): GC_FOR_MALLOC freed 3 objects / 230472 bytes in 45ms
D/dalvikvm(11534): GC_FOR_MALLOC freed 3 objects / 230472 bytes in 53ms
D/dalvikvm(11534): GC_FOR_MALLOC freed 3 objects / 230472 bytes in 36ms
D/dalvikvm(11534): GC_FOR_MALLOC freed 3 objects / 230472 bytes in 41ms
D/dalvikvm(11534): GC_FOR_MALLOC freed 3 objects / 230472 bytes in 50ms
D/dalvikvm(11534): GC_FOR_MALLOC freed 3 objects / 230472 bytes in 37ms
D/dalvikvm(11534): GC_FOR_MALLOC freed 3 objects / 230472 bytes in 51ms
D/dalvikvm(11534): GC_FOR_MALLOC freed 3 objects / 230472 bytes in 42ms
D/dalvikvm(11534): GC_FOR_MALLOC freed 3 objects / 230472 bytes in 41ms
D/dalvikvm(11534): GC_FOR_MALLOC freed 3 objects / 230472 bytes in 80ms
D/dalvikvm(11534): GC_FOR_MALLOC freed 7 objects / 230608 bytes in 26ms
D/dalvikvm(11534): GC_FOR_MALLOC freed 3 objects / 230472 bytes in 28ms
D/dalvikvm(11534): GC_FOR_MALLOC freed 3 objects / 230472 bytes in 28ms
D/dalvikvm(11534): GC_FOR_MALLOC freed 3 objects / 230472 bytes in 26ms
D/dalvikvm(11534): GC_FOR_MALLOC freed 3 objects / 230472 bytes in 27ms
D/dalvikvm(11534): GC_FOR_MALLOC freed 3 objects / 230472 bytes in 28ms
D/dalvikvm(11534): GC_FOR_MALLOC freed 3 objects / 230472 bytes in 29ms
D/dalvikvm(11534): GC_FOR_MALLOC freed 3 objects / 230472 bytes in 26ms
D/dalvikvm(11534): GC_FOR_MALLOC freed 3 objects / 230472 bytes in 33ms
D/dalvikvm(11534): GC_FOR_MALLOC freed 3 objects / 230472 bytes in 33ms
D/dalvikvm(11534): GC_FOR_MALLOC freed 3 objects / 230472 bytes in 52ms
E/        ( 1218): TRIGGER_NORMAL
D/dalvikvm(11534): GC_FOR_MALLOC freed 3 objects / 230472 bytes in 39ms
D/dalvikvm(11534): GC_FOR_MALLOC freed 3 objects / 230472 bytes in 35ms
D/dalvikvm(11534): GC_FOR_MALLOC freed 3 objects / 230472 bytes in 34ms
D/dalvikvm(11534): GC_FOR_MALLOC freed 3 objects / 230472 bytes in 38ms
D/dalvikvm(11534): GC_FOR_MALLOC freed 3 objects / 230472 bytes in 27ms
D/dalvikvm(11534): GC_FOR_MALLOC freed 3 objects / 230472 bytes in 28ms
D/dalvikvm(11534): GC_FOR_MALLOC freed 3 objects / 230472 bytes in 30ms
D/dalvikvm(11534): GC_FOR_MALLOC freed 3 objects / 230472 bytes in 34ms
D/dalvikvm(11534): GC_FOR_MALLOC freed 3 objects / 230472 bytes in 35ms
D/dalvikvm(11534): GC_FOR_MALLOC freed 3 objects / 230472 bytes in 36ms
D/dalvikvm(11534): GC_FOR_MALLOC freed 3 objects / 230472 bytes in 34ms
D/dalvikvm(11534): GC_FOR_MALLOC freed 3 objects / 230472 bytes in 25ms
E/        ( 1218): TRIGGER_OUTDOOR
D/dalvikvm(11534): GC_FOR_MALLOC freed 3 objects / 230472 bytes in 29ms
D/dalvikvm(11534): GC_FOR_MALLOC freed 3 objects / 230472 bytes in 34ms
E/        ( 1218): TRIGGER_OUTDOOR
D/dalvikvm(11534): GC_FOR_MALLOC freed 3 objects / 230472 bytes in 35ms
D/dalvikvm(11534): GC_FOR_MALLOC freed 3 objects / 230472 bytes in 36ms
D/dalvikvm(11534): GC_FOR_MALLOC freed 3 objects / 230472 bytes in 27ms
D/dalvikvm(11534): GC_FOR_MALLOC freed 3 objects / 230472 bytes in 26ms
D/dalvikvm(11534): GC_FOR_MALLOC freed 3 objects / 230472 bytes in 29ms
E/        ( 1218): TRIGGER_OUTDOOR
D/dalvikvm(11534): GC_FOR_MALLOC freed 3 objects / 230472 bytes in 29ms
D/dalvikvm(11534): GC_FOR_MALLOC freed 3 objects / 230472 bytes in 30ms
D/PeopleApp( 1880): Auto requerying AllPeopleCursor due to update - 145 contacts
E/        ( 1218): TRIGGER_OUTDOOR
D/dalvikvm(11534): GC_FOR_MALLOC freed 3 objects / 230472 bytes in 31ms
D/dalvikvm(11534): GC_FOR_MALLOC freed 3 objects / 230472 bytes in 31ms
D/dalvikvm(11534): GC_FOR_MALLOC freed 3 objects / 230472 bytes in 36ms
D/dalvikvm(11534): GC_FOR_MALLOC freed 3 objects / 230472 bytes in 38ms
D/dalvikvm(11534): GC_FOR_MALLOC freed 3 objects / 230472 bytes in 28ms
D/dalvikvm(11534): GC_FOR_MALLOC freed 3 objects / 230472 bytes in 34ms
D/dalvikvm(11534): GC_FOR_MALLOC freed 3 objects / 230472 bytes in 27ms
D/LocationMasfClient( 1303): getNetworkLocation(): Returning cache location with accuracy 1364.0
D/lib_locapi( 1303): loc_eng_inject_location, accuracy = 1364.0
D/dalvikvm(11534): GC_FOR_MALLOC freed 3 objects / 230472 bytes in 87ms
D/dalvikvm(11534): GC_FOR_MALLOC freed 3 objects / 230472 bytes in 37ms
D/dalvikvm(11534): GC_FOR_MALLOC freed 3 objects / 230472 bytes in 62ms
E/        ( 1218): TRIGGER_NORMAL
D/dalvikvm(11534): GC_FOR_MALLOC freed 3 objects / 230472 bytes in 28ms
D/dalvikvm(11534): GC_FOR_MALLOC freed 3 objects / 230472 bytes in 32ms
D/dalvikvm(11534): GC_FOR_MALLOC freed 3 objects / 230472 bytes in 26ms
D/dalvikvm(11534): GC_FOR_MALLOC freed 3 objects / 230472 bytes in 27ms
D/dalvikvm(11534): GC_FOR_MALLOC freed 3 objects / 230472 bytes in 32ms
D/dalvikvm(11534): GC_FOR_MALLOC freed 3 objects / 230472 bytes in 27ms
D/dalvikvm(11534): GC_FOR_MALLOC freed 3 objects / 230472 bytes in 37ms
D/dalvikvm(11534): GC_FOR_MALLOC freed 3 objects / 230472 bytes in 26ms
D/dalvikvm(11534): GC_FOR_MALLOC freed 3 objects / 230472 bytes in 29ms
D/dalvikvm(11534): GC_FOR_MALLOC freed 3 objects / 230472 bytes in 29ms
D/dalvikvm(11534): GC_FOR_MALLOC freed 3 objects / 230472 bytes in 57ms
D/dalvikvm(11534): GC_FOR_MALLOC freed 3 objects / 230472 bytes in 35ms
D/dalvikvm(11534): GC_FOR_MALLOC freed 3 objects / 230472 bytes in 34ms
D/dalvikvm(11534): GC_FOR_MALLOC freed 3 objects / 230472 bytes in 29ms
D/dalvikvm(11534): GC_FOR_MALLOC freed 3 objects / 230472 bytes in 30ms
D/dalvikvm(11534): GC_FOR_MALLOC freed 3 objects / 230472 bytes in 28ms
D/dalvikvm(11534): GC_FOR_MALLOC freed 3 objects / 230472 bytes in 27ms
D/dalvikvm(11534): GC_FOR_MALLOC freed 3 objects / 230472 bytes in 27ms
D/dalvikvm(11534): GC_FOR_MALLOC freed 3 objects / 230472 bytes in 34ms
D/dalvikvm(11534): GC_FOR_MALLOC freed 3 objects / 230472 bytes in 28ms
D/dalvikvm(11534): GC_FOR_MALLOC freed 3 objects / 230472 bytes in 26ms
D/dalvikvm(11534): GC_FOR_MALLOC freed 3 objects / 230472 bytes in 26ms
D/dalvikvm(11534): GC_FOR_MALLOC freed 3 objects / 230472 bytes in 28ms
D/dalvikvm(11534): GC_FOR_MALLOC freed 3 objects / 230472 bytes in 32ms
D/dalvikvm(11534): GC_FOR_MALLOC freed 3 objects / 230472 bytes in 28ms
D/dalvikvm(11534): GC_FOR_MALLOC freed 3 objects / 230472 bytes in 30ms
D/dalvikvm(11534): GC_FOR_MALLOC freed 3 objects / 230472 bytes in 30ms
D/dalvikvm(11534): GC_FOR_MALLOC freed 3 objects / 230472 bytes in 28ms
D/dalvikvm(11534): GC_FOR_MALLOC freed 3 objects / 230472 bytes in 32ms
D/dalvikvm(11534): GC_FOR_MALLOC freed 3 objects / 230472 bytes in 32ms
D/dalvikvm(11534): GC_FOR_MALLOC freed 3 objects / 230472 bytes in 33ms
D/dalvikvm(11534): GC_FOR_MALLOC freed 3 objects / 230472 bytes in 32ms
I/BatteryStatsImpl( 1303): notePhoneSignalStrengthLocked: 2->3
D/dalvikvm(11534): GC_FOR_MALLOC freed 3 objects / 230472 bytes in 44ms
E/        ( 1218): TRIGGER_OUTDOOR
D/dalvikvm(11534): GC_FOR_MALLOC freed 3 objects / 230472 bytes in 36ms
D/dalvikvm(11534): GC_FOR_MALLOC freed 3 objects / 230472 bytes in 28ms
E/        ( 1218): TRIGGER_OUTDOOR
D/dalvikvm(11534): GC_FOR_MALLOC freed 3 objects / 230472 bytes in 31ms
D/dalvikvm(11534): GC_FOR_MALLOC freed 3 objects / 230472 bytes in 29ms
D/dalvikvm(11534): GC_FOR_MALLOC freed 3 objects / 230472 bytes in 29ms
D/dalvikvm(11534): GC_FOR_MALLOC freed 3 objects / 230472 bytes in 29ms
D/dalvikvm(11534): GC_FOR_MALLOC freed 3 objects / 230472 bytes in 29ms
D/dalvikvm(11534): GC_FOR_MALLOC freed 3 objects / 230472 bytes in 27ms
E/        ( 1218): TRIGGER_NORMAL
D/dalvikvm(11534): GC_FOR_MALLOC freed 3 objects / 230472 bytes in 30ms
D/dalvikvm(11534): GC_FOR_MALLOC freed 3 objects / 230472 bytes in 27ms
D/dalvikvm(11534): GC_FOR_MALLOC freed 3 objects / 230472 bytes in 28ms
D/dalvikvm(11534): GC_FOR_MALLOC freed 3 objects / 230472 bytes in 32ms
D/dalvikvm(11534): GC_FOR_MALLOC freed 3 objects / 230472 bytes in 78ms
D/dalvikvm(11534): GC_FOR_MALLOC freed 3 objects / 230472 bytes in 36ms
D/dalvikvm(11534): GC_FOR_MALLOC freed 3 objects / 230472 bytes in 36ms
D/dalvikvm(11534): GC_FOR_MALLOC freed 3 objects / 230472 bytes in 35ms
D/dalvikvm(11534): GC_FOR_MALLOC freed 3 objects / 230472 bytes in 32ms
D/dalvikvm(11534): GC_FOR_MALLOC freed 3 objects / 230472 bytes in 28ms
D/dalvikvm(11534): GC_FOR_MALLOC freed 3 objects / 230472 bytes in 28ms
D/dalvikvm(11534): GC_FOR_MALLOC freed 3 objects / 230472 bytes in 30ms
D/dalvikvm(11534): GC_FOR_MALLOC freed 3 objects / 230472 bytes in 30ms
D/dalvikvm(11534): GC_FOR_MALLOC freed 3 objects / 230472 bytes in 29ms
D/dalvikvm(11534): GC_FOR_MALLOC freed 3 objects / 230472 bytes in 28ms
D/dalvikvm(11534): GC_FOR_MALLOC freed 3 objects / 230472 bytes in 31ms
D/dalvikvm(11534): GC_FOR_MALLOC freed 3 objects / 230472 bytes in 32ms
D/dalvikvm(11534): GC_FOR_MALLOC freed 3 objects / 230472 bytes in 29ms
D/dalvikvm(11534): GC_FOR_MALLOC freed 3 objects / 230472 bytes in 29ms
D/dalvikvm(11534): GC_FOR_MALLOC freed 3 objects / 230472 bytes in 29ms
D/dalvikvm(11534): GC_FOR_MALLOC freed 3 objects / 230472 bytes in 30ms
D/dalvikvm(11534): GC_FOR_MALLOC freed 3 objects / 230472 bytes in 34ms
D/dalvikvm(11534): GC_FOR_MALLOC freed 3 objects / 230472 bytes in 28ms
D/dalvikvm(11534): GC_FOR_MALLOC freed 3 objects / 230472 bytes in 26ms
D/dalvikvm(11534): GC_FOR_MALLOC freed 3 objects / 230472 bytes in 27ms
D/dalvikvm(11534): GC_FOR_MALLOC freed 3 objects / 230472 bytes in 32ms
D/dalvikvm(11534): GC_FOR_MALLOC freed 3 objects / 230472 bytes in 31ms
D/dalvikvm(11534): GC_FOR_MALLOC freed 3 objects / 230472 bytes in 31ms
E/        ( 1218): TRIGGER_OUTDOOR
D/dalvikvm(11534): GC_FOR_MALLOC freed 3 objects / 230472 bytes in 50ms
D/dalvikvm(11534): GC_FOR_MALLOC freed 3 objects / 230472 bytes in 34ms
D/dalvikvm(11534): GC_FOR_MALLOC freed 3 objects / 230472 bytes in 26ms
E/        ( 1218): TRIGGER_NORMAL
D/dalvikvm(11534): GC_FOR_MALLOC freed 3 objects / 230472 bytes in 41ms
D/ContactMessageStore( 1670): MSG_UPDATE_CONTACTS_TABLE >>
D/ContactMessageStore( 1670): query thread cost time >>>0
D/ContactMessageStore( 1670): createTempContactTable() >>>
D/dalvikvm(11534): GC_FOR_MALLOC freed 3 objects / 230472 bytes in 34ms
I/WindowManager( 1303): Setting rotation to 0, animFlags=0
I/ActivityManager( 1303): Config changed: { scale=1.0 imsi=204/4 loc=en_NL touch=3 keys=1/1/2 nav=1/1 orien=1 layout=34 uiMode=17 seq=35 skin=com.htc.skin.Slate}
D/dalvikvm(11534): GC_FOR_MALLOC freed 3 objects / 230472 bytes in 65ms
I/UsageStats( 1303): Unexpected resume of com.kingvidbina.test while already resumed in com.kingvidbina.test
D/PowerManagerService( 1303): New lightsensor value:160, lcdValue:163
D/PowerManagerService( 1303): lightSensorChangedLocked, buttonValue >= 0, mPowerState = 3
D/lights  ( 1303): set_light_buttons on=0
D/CameraService( 1218): Client::disconnect() E (pid 11534 client 0x6b7e0)
D/CameraService( 1218): hardware teardown
D/QualcommCameraHardware( 1218): stopPreview: E
D/QualcommCameraHardware( 1218): stopPreviewInternal E: 1
D/QualcommCameraHardware( 1218): cancelAutoFocusInternal E
D/QualcommCameraHardware( 1218): cancelAutoFocusInternal X: 0
E/        ( 1218): IOCTL MSM_CAM_IOCTL_CTRL_CMD_DONE type 51 failed
E/        ( 1218): VFE_RESET_ACK illegal ctrl->state 25
E/QualcommCameraHardware( 1218): ignoring preview callback--camera has been stopped
I/QualcommCameraHardware( 1218): deinitPreview E
I/QualcommCameraHardware( 1218): deinitPreview X
D/GPUPostEffect( 1218): SIMON: virtual int mlabs::GPUPostEffect::stopPreview() E.
D/QualcommCameraHardware( 1218): frame_thread X
D/GPUPostEffect( 1218): SIMON: int mlabs::GPUPostEffect::stopPreview(mlabs::GPUPostEffect::GPUTask*) E.
D/GPUPostEffect( 1218): SIMON: int mlabs::GPUPostEffect::stopPreview(mlabs::GPUPostEffect::GPUTask*) X.
D/GPUPostEffect( 1218): SIMON: virtual int mlabs::GPUPostEffect::stopPreview() X.
D/QualcommCameraHardware( 1218): void android::QualcommCameraHardware::stopPreviewInternal(): stopPreview done.
D/QualcommCameraHardware( 1218): stopPreviewInternal X: 0
D/QualcommCameraHardware( 1218): stopPreview: X
E/        ( 1218): config_proc_CAMERA_STOP_SNAPSHOT: state is not correct ctrl->state = 25
E/        ( 1218): VFE_RESET_ACK illegal ctrl->state 24
D/QualcommCameraHardware( 1218): release E
D/        ( 1218): SIMON:GM: mlabs::GPUPostEffect::GPUTask* mlabs::GPUPostEffect::get(): cancel 0 tasks.
I/GEManager( 1218): [~GEManager] enter
I/GEManager( 1218): [Deinit] enter
I/GEManager( 1218): [Deinit] delete m_pCurrShader
I/GEManager( 1218): [Deinit] delete m_pShaderBypass
I/GEManager( 1218): [Deinit] delete m_pSrcTexture
I/GEManager( 1218): [Deinit] delete m_pDstFbo
I/GEManager( 1218): [Deinit] leave
I/GEManager( 1218): [~GEManager] eglMakeCurrent
I/GEManager( 1218): [~GEManager] eglDestroySurface
I/GEManager( 1218): [~GEManager] eglDestroyContext
I/GEManager( 1218): [~GEManager] eglTerminate
I/GEManager( 1218): [~GEManager] leave
D/GPUPostEffect( 1218): SIMON: void* mlabs::GPUPostEffect::threadMain() X.
D/QualcommCameraHardware( 1218): libposteffect at 0xb001186c unloaded.
D/QualcommCameraHardware( 1218): virtual void android::QualcommCameraHardware::release(): GPU manager stopped.
D/QualcommCameraHardware( 1218): deinitRaw E
D/QualcommCameraHardware( 1218): deinitRaw X
D/        ( 1218): set_led_mode = 0, led_ctrl_p->led_mode = 0
D/LocationMasfClient( 1303): getNetworkLocation(): Returning cache location with accuracy 921.0
D/lib_locapi( 1303): loc_eng_inject_location, accuracy = 921.0
D/QualcommCameraHardware( 1218): dlclose(libqcamera)
D/QualcommCameraHardware( 1218): release X
D/QualcommCameraHardware( 1218): ~QualcommCameraHardware E
D/QualcommCameraHardware( 1218): ~QualcommCameraHardware X
D/CameraService( 1218): removeClient (pid 11534) done
D/CameraService( 1218): Client::disconnect() X (pid 11534)
V/WindowManager( 1303): Remove Window{47fe9fd0 SurfaceView paused=false}: mSurface=null mExiting=false isAnimating=false app-animation=null inPendingTransaction=false mDisplayFrozen=true
V/WindowManager( 1303): Remove Window{47f031c8 com.kingvidbina.test/com.kingvidbina.test.Cam paused=false}: mSurface=Surface(name=com.kingvidbina.test/com.kingvidbina.test.Cam, identity=568) mExiting=false isAnimating=false app-animation=null inPendingTransaction=false mDisplayFrozen=true
D/CameraService( 1218): Client::~Client E (pid 1218, client 0x6b7e0)
D/CameraService( 1218): Client::disconnect() E (pid 1218 client 0x6b7e0)
D/CameraService( 1218): Client::~Client X (pid 1218)
V/Test    (11534): com.kingvidbina.test.Cam@476dcc58
V/Test    (11534): AsyncTask:InitCamera started
W/CameraSwitch(11534): open main camera
W/CameraSwitch(11534): no file - can't switch camera
D/CameraService( 1218): CameraService::connect E (pid 11534, client 0x6b7e0)
D/CameraService( 1218): Client::Client E (pid 11534)
D/QualcommCameraHardware( 1218): createInstance: E
D/QualcommCameraHardware( 1218):  Storing the current target type as 2 
D/QualcommCameraHardware( 1218): constructor EX
D/QualcommCameraHardware( 1218): startCamera E
V/upgrading( 1671): onConfigurationChanged
D/AndroidRuntime(11534): Shutting down VM
W/dalvikvm(11534): threadid=1: thread exiting with uncaught exception (group=0x40025a70)
D/QualcommCameraHardware( 1218): loading liboemcamera at 0xb001140c
I/QualcommCameraHardware( 1218): Set main cam and main cam only
I/        ( 1218): set sensor selection :0
E/AndroidRuntime(11534): FATAL EXCEPTION: main
E/AndroidRuntime(11534): java.lang.RuntimeException: Method called after release()
E/AndroidRuntime(11534): 	at android.hardware.Camera.setHasPreviewCallback(Native Method)
E/AndroidRuntime(11534): 	at android.hardware.Camera.access$600(Camera.java:58)
E/AndroidRuntime(11534): 	at android.hardware.Camera$EventHandler.handleMessage(Camera.java:344)
E/AndroidRuntime(11534): 	at android.os.Handler.dispatchMessage(Handler.java:99)
E/AndroidRuntime(11534): 	at android.os.Looper.loop(Looper.java:143)
E/AndroidRuntime(11534): 	at android.app.ActivityThread.main(ActivityThread.java:5068)
E/AndroidRuntime(11534): 	at java.lang.reflect.Method.invokeNative(Native Method)
E/AndroidRuntime(11534): 	at java.lang.reflect.Method.invoke(Method.java:521)
E/AndroidRuntime(11534): 	at com.android.internal.os.ZygoteInit$MethodAndArgsCaller.run(ZygoteInit.java:858)
E/AndroidRuntime(11534): 	at com.android.internal.os.ZygoteInit.main(ZygoteInit.java:616)
E/AndroidRuntime(11534): 	at dalvik.system.NativeStart.main(Native Method)
D/ContactMessageStore( 1670): createTempContactTable() <<<
W/ActivityManager( 1303):   Force finishing activity com.kingvidbina.test/.Cam
I/QualcommCameraHardware( 1218): Open Device node : /dev/msm_camera/control0
D/dalvikvm( 1671): GC_FOR_MALLOC freed 12963 objects / 597544 bytes in 206ms
I/        ( 1218): Open Device node : /dev/msm_camera/config0 
V/upgrading( 1671): onConfigurationChanged to call verify locale
I/upgrading( 1671): verifyLocale status: 0
I/upgrading( 1671): verifyLocale providerLocale: en_NL
I/        ( 1218): [AWB Calibration] from kernel: fuse_id: 0x0, 0x0, 0x4, 0xa076f6
I/mm-camera-s5k3h1gx_u( 1218): Inside s5k3h1gx_process_start 
I/        ( 1218): [LSC Calibration]Sensor_set_mesh
I/        ( 1218): [LSC Calibration] : call awb_get_fuseid
I/        ( 1218): Read /data/lsc_cal fail
I/        ( 1218): Read from file OK: /data/lsc_cal or /sys/android_camera_awb_cal/awb_cal
I/        ( 1218): [LSC Calibration]: lsc_checksum=b51aa87, lsc_verify=c1b
I/        ( 1218): [LSC Calibration]: fuseid_1=0,fuseid_2=0,fuseid_3=4,fuseid_4=a076f6, sfuse.fuse_id_word1=0,sfuse.fuse_id_word2=0,sfuse.fuse_id_word3=4,sfuse.fuse_id_word4=a076f6
I/        ( 1218): LSC_Calibration: 	addr=a777b36c, & addr=a777b36c
I/        ( 1218): LSC_Calibration: 	addr=a777c140, & addr=a777c140
I/        ( 1218): LSC_Calibration: 	addr=a777cf14, & addr=a777cf14
I/        ( 1218): LSC_Calibration: 	addr=a777dce8, & addr=a777dce8
I/        ( 1218): LSC_Calibration: 	addr=a777eabc, & addr=a777eabc
I/mm-camera-s5k3h1gx_u( 1218): s5k3h1gx_process_start: [LSC Calibration] LSC is valid and set NEW mesh value
I/        ( 1218): [AWB Calibration] fuse_id : 0x0, 0x0, 0x4, 0xa076f6
I/        ( 1218): [AWB Calibration] fail to read /data/awb_cal, try another file
I/        ( 1218): [AWB Calibration] read from file OK: /sys/android_camera_awb_cal/awb_cal
I/        ( 1218): [AWB Calibration] nandflash data: 0xc1b, 0x30b, 0x297, 0x0, 0x0, 0x4, 0xa076f6, 0x8ce08b9a
I/        ( 1218): [AWB Calibration] check sum=8ce08b9a, OK
I/        ( 1218): [AWB Calibration] valid bit and fuseID pass, use new white points
I/        ( 1218): [AWB Calibration] use light version: v3
I/mm-camera-s5k3h1gx_u( 1218): s5k3h1gx_register: table = 0xa77a9708
I/mm-camera-s5k3h1gx_u( 1218): get snapshot size pointer:0xa7722fd5
D/        ( 1218): sensor_led_ctrl_init: camfd = 18
I/QualcommCameraHardware( 1218): startCamera: camsensor name s5k3h1gx, flash 1
I/        ( 1218): sctrl:0xa77a8b70
I/        ( 1218): sctrl->fn_table:0xa7723a69
I/        ( 1218): sctrl->fn_table.get_snapshot_sizes:0xa7722fd5
I/mm-camera-s5k3h1gx_u( 1218): get table
D/QualcommCameraHardware( 1218): startCamera X
D/QualcommCameraHardware( 1218): loading libposteffect at 0xb001186c
D/QualcommCameraHardware( 1218): static android::sp<android::CameraHardwareInterface> android::QualcommCameraHardware::createInstance(): start GPU manager (0).
D/QualcommCameraHardware( 1218): initDefaultParameters E
D/QualcommCameraHardware( 1218): product 9
D/QualcommCameraHardware( 1218): native_access_parm: fd 13, type 1, length 32
E/QualcommCameraHardware( 1218): native_access_parm: error (No such file or directory): fd 13, type 1, length 32, status 0
D/QualcommCameraHardware( 1218): native_access_parm: fd 13, type 68, length 4
D/QualcommCameraHardware( 1218): native_access_parm: fd 13, type 69, length 4
D/QualcommCameraHardware( 1218): native_access_parm: fd 13, type 70, length 4
D/GPUPostEffect( 1218): SIMON: void* mlabs::GPUPostEffect::threadMain() E.
D/QualcommCameraHardware( 1218): preview width=1640 preview height=1232
D/QualcommCameraHardware( 1218): panel width=800 panel height=480
D/QualcommCameraHardware( 1218): max_zoom=31 zoom_available=31.068716
D/QualcommCameraHardware( 1218): requested preview size 640 x 480
D/QualcommCameraHardware( 1218): requested picture size 3264 x 2448
D/QualcommCameraHardware( 1218): value:20404, country value:204, country code:204
D/QualcommCameraHardware( 1218): native_access_parm: fd 13, type 21, length 4
D/QualcommCameraHardware( 1218): native_access_parm: fd 13, type 15, length 4
D/QualcommCameraHardware( 1218): native_access_parm: fd 13, type 14, length 4
D/QualcommCameraHardware( 1218): setFlash 0
D/QualcommCameraHardware( 1218): native_access_parm: fd 13, type 49, length 4
D/        ( 1218): In config_proc_CAMERA_SET_PARM_LED_MODE: 0
D/        ( 1218): set_led_mode = 0, led_ctrl_p->led_mode = 0
I/QualcommCameraHardware( 1218): Set zoom=0 30
D/QualcommCameraHardware( 1218): native_access_parm: fd 13, type 2, length 4
I/QualcommCameraHardware( 1218): Setting Contrast is 5
D/QualcommCameraHardware( 1218): native_access_parm: fd 13, type 6, length 4
I/QualcommCameraHardware( 1218): Setting Brightness is 3
D/QualcommCameraHardware( 1218): native_access_parm: fd 13, type 7, length 4
I/QualcommCameraHardware( 1218): Setting Saturation is 5
D/QualcommCameraHardware( 1218): native_access_parm: fd 13, type 11, length 4
I/GEManager( 1218): [GEManager] enter
I/QualcommCameraHardware( 1218): Setting Sharpness is 10
D/GEManager( 1218): [GEManager] m_eglDisplay successfully
D/QualcommCameraHardware( 1218): native_access_parm: fd 13, type 9, length 4
D/GEManager( 1218): [GEManager] eglInitialize successfully
D/QualcommCameraHardware( 1218): native_access_parm: fd 13, type 12, length 4
I/QualcommCameraHardware( 1218): xxx set CAF :0
D/QualcommCameraHardware( 1218): native_access_parm: fd 13, type 65, length 4
D/QualcommCameraHardware( 1218): not defined touch-focus yet, or AP without touch-focus function
I/QualcommCameraHardware( 1218): Before Setting coordinate x:320 y:240
I/QualcommCameraHardware( 1218): Setting coordinate x:2 y:2
D/QualcommCameraHardware( 1218): native_access_parm: fd 13, type 64, length 4
D/QualcommCameraHardware( 1218): native_access_parm: fd 13, type 73, length 18
D/QualcommCameraHardware( 1218): native_access_parm: fd 13, type 26, length 4
D/QualcommCameraHardware( 1218): native_access_parm: fd 13, type 62, length 4
D/QualcommCameraHardware( 1218): native_access_parm: fd 13, type 8, length 4
D/QualcommCameraHardware( 1218): virtual android::status_t android::QualcommCameraHardware::setParameters(const android::CameraParameters&), final_rc=0
D/        ( 1218): [GECameraParameters::getGPUEffect] enter
D/GEManager( 1218): [GEManager] eglChooseConfig successfully
D/GEManager( 1218): [GEManager] eglCreateContext successfully
D/        ( 1218): [GECameraParameters::getGPUEffect] leave. no key GPU-effect
D/        ( 1218): [GECameraParameters::getGPUEffectParam] leave. no key GE-param0
D/        ( 1218): [GECameraParameters::getGPUEffectParam] leave. no key GE-param1
D/        ( 1218): [GECameraParameters::getGPUEffectParam] leave. no key GE-param3
D/GEManager( 1218): [GEManager] eglCreatePbufferSurface successfully
D/GEManager( 1218): [GEManager] eglMakeCurrent successfully
I/GEManager( 1218): [GEManager] leave
I/GPUPostEffect( 1218): SIMON: int mlabs::GPUPostEffect::setParameters(mlabs::GPUPostEffect::GPUTask*): old effect = 0, new effect = -1.
D/GPUPostEffect( 1218): SIMON: setParameters: isGEInit == false: no call to ChooseEffect.
D/QualcommCameraHardware( 1218): initDefaultParameters X
D/QualcommCameraHardware( 1218): createInstance: X created hardware=0x76520
D/MediaPlayerService( 1218): player type = VORBIS_PLAYER
D/MediaPlayerService( 1218): player type = VORBIS_PLAYER
D/CameraService( 1218): Client::Client X (pid 11534)
D/CameraService( 1218): CameraService::connect X
D/Test    (11534): Camera opened
D/QualcommCameraHardware( 1218): requested preview size 480 x 320
D/QualcommCameraHardware( 1218): requested picture size 3264 x 2448
D/QualcommCameraHardware( 1218): value:20404, country value:204, country code:204
D/QualcommCameraHardware( 1218): native_access_parm: fd 13, type 21, length 4
D/QualcommCameraHardware( 1218): native_access_parm: fd 13, type 15, length 4
D/QualcommCameraHardware( 1218): native_access_parm: fd 13, type 14, length 4
D/QualcommCameraHardware( 1218): setFlash 0
D/QualcommCameraHardware( 1218): native_access_parm: fd 13, type 49, length 4
D/        ( 1218): In config_proc_CAMERA_SET_PARM_LED_MODE: 0
D/        ( 1218): set_led_mode = 0, led_ctrl_p->led_mode = 0
I/QualcommCameraHardware( 1218): Set zoom=0 30
D/QualcommCameraHardware( 1218): native_access_parm: fd 13, type 2, length 4
I/QualcommCameraHardware( 1218): Setting Contrast is 5
D/QualcommCameraHardware( 1218): native_access_parm: fd 13, type 6, length 4
I/QualcommCameraHardware( 1218): Setting Brightness is 3
D/QualcommCameraHardware( 1218): native_access_parm: fd 13, type 7, length 4
I/QualcommCameraHardware( 1218): Setting Saturation is 5
D/QualcommCameraHardware( 1218): native_access_parm: fd 13, type 11, length 4
I/QualcommCameraHardware( 1218): Setting Sharpness is 10
D/QualcommCameraHardware( 1218): native_access_parm: fd 13, type 9, length 4
D/QualcommCameraHardware( 1218): native_access_parm: fd 13, type 12, length 4
I/QualcommCameraHardware( 1218): xxx set CAF :0
D/QualcommCameraHardware( 1218): native_access_parm: fd 13, type 65, length 4
D/QualcommCameraHardware( 1218): not defined touch-focus yet, or AP without touch-focus function
I/QualcommCameraHardware( 1218): Before Setting coordinate x:240 y:160
I/QualcommCameraHardware( 1218): Setting coordinate x:2 y:2
D/QualcommCameraHardware( 1218): native_access_parm: fd 13, type 64, length 4
D/QualcommCameraHardware( 1218): native_access_parm: fd 13, type 73, length 18
D/QualcommCameraHardware( 1218): native_access_parm: fd 13, type 26, length 4
D/QualcommCameraHardware( 1218): native_access_parm: fd 13, type 62, length 4
D/QualcommCameraHardware( 1218): native_access_parm: fd 13, type 8, length 4
D/QualcommCameraHardware( 1218): virtual android::status_t android::QualcommCameraHardware::setParameters(const android::CameraParameters&), final_rc=0
D/        ( 1218): [GECameraParameters::getGPUEffect] enter
D/        ( 1218): [GECameraParameters::getGPUEffect] leave. no key GPU-effect
D/        ( 1218): [GECameraParameters::getGPUEffectParam] leave. no key GE-param0
D/        ( 1218): [GECameraParameters::getGPUEffectParam] leave. no key GE-param1
D/        ( 1218): [GECameraParameters::getGPUEffectParam] leave. no key GE-param3
I/GPUPostEffect( 1218): SIMON: int mlabs::GPUPostEffect::setParameters(mlabs::GPUPostEffect::GPUTask*): old effect = -1, new effect = -1.
D/GPUPostEffect( 1218): SIMON: setParameters: isGEInit == false: no call to ChooseEffect.
I/BatteryStatsImpl( 1303): notePhoneSignalStrengthLocked: 3->2
D/ContactMessageStore( 1670): cursor count>757
W/ActivityManager( 1303): Activity pause timeout for HistoryRecord{481124d8 com.kingvidbina.test/.Cam}
D/ContactMessageStore( 1670): query people time: 406
D/ContactMessageStore( 1670): getContactInfo: Can't find address in cache
D/ContactMessageStore( 1670): replaceContactTable() >>>
D/ContactMessageStore( 1670): refreshContactsView() >>>
D/ContactMessageStore( 1670): refreshContactsView() <<<
D/ContactMessageStore( 1670): refreshContactsView time: 119
D/ContactMessageStore( 1670): replaceContactTable() <<<
D/ContactMessageStore( 1670): notify MmsSms
D/ContactMessageStore( 1670): MSG_UPDATE_CONTACTS_TABLE <<
I/HtcAlertDialog( 6207): onOrientationChanged: rotate from L to P = + Orientaion = 2
I/HtcAlertDialog( 6207): onOrientationChanged: rotate from L to P = + Orientaion = 2
I/Process (11534): Sending signal. PID: 11534 SIG: 9
V/WindowManager( 1303): Remove Window{47e913c0 Sorry! paused=false}: mSurface=Surface(name=Sorry!, identity=570) mExitin