I/wpa_supplicant(23702): No suitable AP found.
V/WifiMonitor(21515): Event [WPS-AP-AVAILABLE ]
V/WifiMonitor(21515): Event [wpa_disabled_ssid_list_clear]
D/LocationMasfClient(21515): getNetworkLocation(): Returning cache location with accuracy 593.0
D/lib_locapi(21515): loc_eng_inject_location, accuracy = 593.0
D/PhoneApp(21874): EVENT_QUERY_MO_PACKAGES
D/PhoneApp(21874): -- N1 =0
D/PhoneApp(21874): -- N2 =0
D/PhoneApp(21874): -- N3 =0
D/ConnectivityService(21515): getMobileDataEnabled returning true
D/NetworkLocationProvider(21515): onDataConnectionStateChanged 3
D/TelephonyRegistry(21515): notifyDataConnection() state=2isDataConnectivityPossible()true, reason=null
D/TelephonyRegistry(21515): broadcastDataConnectionStateChanged()  state=CONNECTEDtypes=default,dun,supl, interfaceName=rmnet0
D/ConnectivityService(21515): getMobileDataEnabled returning true
D/MobileDataStateTracker(21515): replacing old mInterfaceName (rmnet0) with rmnet0 for hipri
D/MobileDataStateTracker(21515): replacing old mInterfaceName (rmnet0) with rmnet0 for supl
D/MobileDataStateTracker(21515): replacing old mInterfaceName (rmnet0) with rmnet0 for dun
D/WifiService(21515): releaseWifiLockLocked: WifiLock{NetworkLocationProvider type=2 binder=android.os.Binder@47b3eb28}
D/WifiService(21515): enable and start wifi due to updateWifiState
D/dalvikvm(21876): GC_FOR_MALLOC freed 7395 objects / 366672 bytes in 183ms
D/dalvikvm(23649): GC_EXPLICIT freed 6631 objects / 354536 bytes in 186ms
D/ConnectivityService(21515): getMobileDataEnabled returning true
D/TelephonyRegistry(21515): notifyDataConnection() state=2isDataConnectivityPossible()true, reason=null
D/TelephonyRegistry(21515): broadcastDataConnectionStateChanged()  state=CONNECTEDtypes=default,dun,supl, interfaceName=rmnet0
D/NetworkLocationProvider(21515): onDataConnectionStateChanged 3
D/ConnectivityService(21515): getMobileDataEnabled returning true
D/MobileDataStateTracker(21515): replacing old mInterfaceName (rmnet0) with rmnet0 for hipri
D/MobileDataStateTracker(21515): replacing old mInterfaceName (rmnet0) with rmnet0 for supl
D/MobileDataStateTracker(21515): replacing old mInterfaceName (rmnet0) with rmnet0 for dun
D/ConnectivityService(21515): getMobileDataEnabled returning true
D/TelephonyRegistry(21515): notifyDataConnection() state=2isDataConnectivityPossible()true, reason=null
D/TelephonyRegistry(21515): broadcastDataConnectionStateChanged()  state=CONNECTEDtypes=default,dun,supl, interfaceName=rmnet0
D/NetworkLocationProvider(21515): onDataConnectionStateChanged 3
D/ConnectivityService(21515): getMobileDataEnabled returning true
D/MobileDataStateTracker(21515): replacing old mInterfaceName (rmnet0) with rmnet0 for hipri
D/MobileDataStateTracker(21515): replacing old mInterfaceName (rmnet0) with rmnet0 for supl
D/MobileDataStateTracker(21515): replacing old mInterfaceName (rmnet0) with rmnet0 for dun
D/MyHTC   (24046): CSSyncMaster -  SyncAdapter onPerformSync end SyncAdapterThread-1
V/SyncManager(21515): runstateidle: nonHTCActiveCount++ :1
D/MyHTC   (24046): [CSAuthenticator] CSAuthenticator OnCreate()
D/MyHTC   (24046): CSSyncMaster -  SyncAdapter onPerformSync start for feature htcconnectedservice SyncAdapterThread-1
I/MyHTC   (24046): CSSyncMaster -  getFMState while current state is IN_SYNC
D/CSUtil  (24046): serverTime = 1290240295857
D/CSUtil  (24046): serverTime = 84406169
D/CSUtil  (24046): curGMTTime = 51074346
D/MediaPlayerService(23325): player type = STAGEFRIGHT_PLAYER
V/MediaExtractor(23325): Autodetected media content as 'audio/mpeg' with confidence 0.30
D/AudioTrack(23325): set(), Before createTrack().
D/AudioTrack(23325): createTrack(), Before audioFlinger->createTrack().
D/AudioFlinger(23325): createTrack(), Before thread->createTrack_l().
D/AudioFlinger(23325): Track constructor name 4096, calling thread 23649
D/AudioFlinger(23325): createTrack(), After thread->createTrack_l().
D/AudioTrack(23325): createTrack(), After audioFlinger->createTrack().
D/AudioTrack(23325): set(), After createTrack().
D/AudioTrack(23325): set(), Before new AudioTrackThread().
D/AudioTrack(23325): set(), After new AudioTrackThread().
I/AudioFlinger(23325): addTrack_l (4096) 0x47508 on thread 0x18f10
V/AudioPolicyService(23325): startOutput() tid 23338
V/AudioPolicyService(23325): AudioPolicyService::startOutput() get Autolock, tid 23338
V/AudioPolicyManagerBase(23325): startOutput() output 1, stream 5
V/AudioPolicyManagerBase(23325): changeRefCount() stream 5, count 1
V/AudioPolicyManagerBase(23325): getNewDevice() selected device 2
D/AudioPolicyManagerBase(23325): setOutputDevice() output 1 device 2 delayMs 0 calling from virtual android::status_t android::AudioPolicyManagerBase::startOutput(android::audio_io_handle_t, android::AudioSystem::stream_type)
V/AudioPolicyManagerBase(23325): setOutputDevice() setting same device 2 or null device for output 1
D/AudioPolicyManagerBase(23325): volume after AudioSystem::linearToSpecifyHtcVolum: -1.000000
D/AudioPolicyManagerBase(23325): volume after AudioSystem::linearToLog: 1.000000
W/AsyncPlayer(23649): Notification sound delayed by 1026msecs
D/dalvikvm(24046): GC_FOR_MALLOC freed 10383 objects / 557592 bytes in 328ms
D/NativeCrypto(24046): Freeing OpenSSL session
D/NativeCrypto(24046): Freeing OpenSSL session
E/MP3Extractor(23325): Unable to resync. Signalling end of stream.
V/AwesomePlayer(23325): MEDIA_PLAYBACK_COMPLETE
V/AudioPolicyService(23325): AudioPolicyService::stopOutput()
V/AudioPolicyService(23325): stopOutput() tid 25923
V/AudioPolicyService(23325): stopOutput() get autolock tid 25923
V/AudioPolicyManagerBase(23325): stopOutput() output 1, stream 5
V/AudioPolicyManagerBase(23325): changeRefCount() stream 5, count 0
V/AudioPolicyManagerBase(23325): getNewDevice() selected device 0
D/AudioPolicyManagerBase(23325): setOutputDevice() output 1 device 0 delayMs 0 calling from virtual android::status_t android::AudioPolicyManagerBase::stopOutput(android::audio_io_handle_t, android::AudioSystem::stream_type)
V/AudioPolicyManagerBase(23325): setOutputDevice() setting same device 0 or null device for output 1
I/MediaPlayer.java(23649): MEDIA_PLAYBACK_COMPLETE got
W/MediaPlayer.java(23649): mOnCompletionListener == null
I/global  (24046): Default buffer size used in BufferedReader constructor. It would be better to be explicit if an 8k-char buffer is required.
I/wpa_supplicant(23702): Scan requested (ret=0) - scan timeout 30 seconds
I/wpa_supplicant(23702): got scan complete
I/wpa_supplicant(23702): wpa_supplicant_get_scan_results:return scan results2
I/wpa_supplicant(23702): AP:ssid[Waly-Salsero],rssi[-79],BSSID=00:25:9c:4d:1e:a8
I/wpa_supplicant(23702): AP:ssid[Theepot],rssi[-87],BSSID=00:22:75:a6:db:9c
I/wpa_supplicant(23702): AP:ssid[wifi from rag],rssi[-84],BSSID=00:0c:f6:94:36:1c
I/wpa_supplicant(23702): AP:ssid[Lagabo Ku Gana],rssi[-88],BSSID=00:12:17:77:3c:3f
I/wpa_supplicant(23702): Received 1402 bytes of scan results (4 BSSes)
I/wpa_supplicant(23702): wpa_driver_wext_get_scan_results---
I/wpa_supplicant(23702): WPS-AP-AVAILABLE 
I/wpa_supplicant(23702): wpa_disabled_ssid_list_clear
I/wpa_supplicant(23702): No suitable AP found.
V/WifiMonitor(21515): Event [WPS-AP-AVAILABLE ]
V/WifiMonitor(21515): Event [wpa_disabled_ssid_list_clear]
D/MediaPlayer.java(23649): setOnCompletionListener being cleaned to null
D/AudioFlinger(23325): AudioFlinger::PlaybackThread::Track::destroy() name 4096, calling thread 23649
V/AudioPolicyService(23325): releaseOutput() tid 23336
V/AudioPolicyService(23325): releaseOutput() get autolock tid 23336
V/AudioPolicyManagerBase(23325): releaseOutput() 1
D/dalvikvm(23599): GC_FOR_MALLOC freed 7442 objects / 524088 bytes in 47ms
D/dalvikvm(23733): GC_EXPLICIT freed 990 objects / 39640 bytes in 169ms
D/dalvikvm(21874): GC_FOR_MALLOC freed 31215 objects / 1600304 bytes in 243ms
D/ConnectivityService(21515): getMobileDataEnabled returning true
D/TelephonyRegistry(21515): notifyDataConnection() state=2isDataConnectivityPossible()true, reason=null
D/TelephonyRegistry(21515): broadcastDataConnectionStateChanged()  state=CONNECTEDtypes=default,dun,supl, interfaceName=rmnet0
D/NetworkLocationProvider(21515): onDataConnectionStateChanged 3
D/ConnectivityService(21515): getMobileDataEnabled returning true
D/MobileDataStateTracker(21515): replacing old mInterfaceName (rmnet0) with rmnet0 for hipri
D/MobileDataStateTracker(21515): replacing old mInterfaceName (rmnet0) with rmnet0 for supl
D/MobileDataStateTracker(21515): replacing old mInterfaceName (rmnet0) with rmnet0 for dun
D/dalvikvm(24071): GC_EXPLICIT freed 1386 objects / 70416 bytes in 186ms
I/wpa_supplicant(23702): Scan requested (ret=0) - scan timeout 30 seconds
I/wpa_supplicant(23702): got scan complete
I/wpa_supplicant(23702): wpa_supplicant_get_scan_results:return scan results2
I/wpa_supplicant(23702): AP:ssid[Waly-Salsero],rssi[-88],BSSID=00:25:9c:4d:1e:a8
I/wpa_supplicant(23702): AP:ssid[Theepot],rssi[-85],BSSID=00:22:75:a6:db:9c
I/wpa_supplicant(23702): AP:ssid[Lagabo Ku Gana],rssi[-87],BSSID=00:12:17:77:3c:3f
I/wpa_supplicant(23702): AP:ssid[wifi from rag],rssi[-86],BSSID=00:0c:f6:94:36:1c
I/wpa_supplicant(23702): Received 1402 bytes of scan results (4 BSSes)
I/wpa_supplicant(23702): wpa_driver_wext_get_scan_results---
I/wpa_supplicant(23702): WPS-AP-AVAILABLE 
I/wpa_supplicant(23702): wpa_disabled_ssid_list_clear
I/wpa_supplicant(23702): No suitable AP found.
V/WifiMonitor(21515): Event [WPS-AP-AVAILABLE ]
V/WifiMonitor(21515): Event [wpa_disabled_ssid_list_clear]
D/AndroidRuntime(25928): 
D/AndroidRuntime(25928): >>>>>>>>>>>>>> AndroidRuntime START <<<<<<<<<<<<<<
D/AndroidRuntime(25928): CheckJNI is OFF
D/dalvikvm(25928): creating instr width table
D/AndroidRuntime(25928): --- registering native functions ---
I/ActivityManager(21515): Starting activity: Intent { act=android.intent.action.MAIN flg=0x10000000 cmp=com.kingvidbina.test/.Main }
D/PowerManagerService(21515): New lightsensor value:160, lcdValue:163
D/PowerManagerService(21515): lightSensorChangedLocked, buttonValue >= 0, mPowerState = 3
D/AndroidRuntime(25928): Shutting down VM
D/jdwp    (25928): adbd disconnected
I/[POST_RESELECT](21882): [spanChange] (o, oldStart, newStart, oldEnd, newEnd)=(android.text.Selection$START@40142cd0,-1,0,-1,0)
I/[POST_RESELECT](21882): [spanChange] (o, oldStart, newStart, oldEnd, newEnd)=(android.text.Selection$END@40139bb0,-1,0,-1,0)
I/ActivityManager(21515): Start proc com.kingvidbina.test for activity com.kingvidbina.test/.Main: pid=25936 uid=10261 gids={1006, 1015}
D/Sensors (21515): open_akm, fd=200
D/AK8975  ( 1220): Compass Start
D/EglHelper(23599): start()
D/EglHelper(23599): reusing EGL
D/EglHelper(23599): reusing display
D/EglHelper(23599): reusing config
D/EglHelper(23599): reusing context
V/Test    (25936): onCreate app
V/Test    (25936): inflation complete
I/ActivityManager(21515): Displayed activity com.kingvidbina.test/.Main: 350 ms (total 350 ms)
V/WindowManager(21515): Remove Window{48181bf8 Starting com.kingvidbina.test paused=false}: mSurface=Surface(name=Starting com.kingvidbina.test, identity=212) mExiting=false isAnimating=false app-animation=null inPendingTransaction=false mDisplayFrozen=false
E/WindowManager(21515): return in removeWindowLocked
V/Test    (25936): startCam
I/ActivityManager(21515): Starting activity: Intent { cmp=com.kingvidbina.test/.Cam }
V/Test    (25936): app paused
V/Test    (25936): onCreate activity:Cam
V/Test    (25936): holder and callback configured
V/Test    (25936): ContentView set
V/Test    (25936): com.kingvidbina.test.Cam@476c9f58
V/Test    (25936): Camera init complete
V/Test    (25936): AsyncTask:InitCamera started
W/CameraSwitch(25936): open main camera
W/CameraSwitch(25936): no file - can't switch camera
D/CameraService(23325): CameraService::connect E (pid 25936, client 0x53d98)
D/CameraService(23325): Client::Client E (pid 25936)
D/QualcommCameraHardware(23325): createInstance: E
D/QualcommCameraHardware(23325):  Storing the current target type as 2 
D/QualcommCameraHardware(23325): constructor EX
D/QualcommCameraHardware(23325): startCamera E
V/Test    (25936): scopeView surface created
V/Test    (25936): holder: android.view.SurfaceView$3@476cdb68
D/AndroidRuntime(25936): Shutting down VM
W/dalvikvm(25936): threadid=1: thread exiting with uncaught exception (group=0x40025a70)
E/AndroidRuntime(25936): FATAL EXCEPTION: main
E/AndroidRuntime(25936): java.lang.NullPointerException
E/AndroidRuntime(25936): 	at com.kingvidbina.test.ScopeView.surfaceCreated(ScopeView.java:68)
E/AndroidRuntime(25936): 	at android.view.SurfaceView.updateWindow(SurfaceView.java:540)
E/AndroidRuntime(25936): 	at android.view.SurfaceView.dispatchDraw(SurfaceView.java:339)
E/AndroidRuntime(25936): 	at android.view.View.draw(View.java:6764)
E/AndroidRuntime(25936): 	at android.view.SurfaceView.draw(SurfaceView.java:325)
E/AndroidRuntime(25936): 	at com.kingvidbina.test.ScopeView.draw(ScopeView.java:58)
E/AndroidRuntime(25936): 	at android.view.ViewGroup.drawChild(ViewGroup.java:1663)
E/AndroidRuntime(25936): 	at android.view.ViewGroup.dispatchDraw(ViewGroup.java:1390)
E/AndroidRuntime(25936): 	at android.view.View.draw(View.java:6764)
E/AndroidRuntime(25936): 	at android.widget.FrameLayout.draw(FrameLayout.java:352)
E/AndroidRuntime(25936): 	at android.view.ViewGroup.drawChild(ViewGroup.java:1663)
E/AndroidRuntime(25936): 	at android.view.ViewGroup.dispatchDraw(ViewGroup.java:1390)
E/AndroidRuntime(25936): 	at android.view.View.draw(View.java:6764)
E/AndroidRuntime(25936): 	at android.view.ViewGroup.drawChild(ViewGroup.java:1663)
E/AndroidRuntime(25936): 	at android.view.ViewGroup.dispatchDraw(ViewGroup.java:1390)
E/AndroidRuntime(25936): 	at android.view.View.draw(View.java:6764)
E/AndroidRuntime(25936): 	at android.widget.FrameLayout.draw(FrameLayout.java:352)
E/AndroidRuntime(25936): 	at android.view.ViewGroup.drawChild(ViewGroup.java:1663)
E/AndroidRuntime(25936): 	at android.view.ViewGroup.dispatchDraw(ViewGroup.java:1390)
E/AndroidRuntime(25936): 	at android.view.ViewGroup.drawChild(ViewGroup.java:1661)
E/AndroidRuntime(25936): 	at android.view.ViewGroup.dispatchDraw(ViewGroup.java:1390)
E/AndroidRuntime(25936): 	at android.view.View.draw(View.java:6764)
E/AndroidRuntime(25936): 	at android.widget.FrameLayout.draw(FrameLayout.java:352)
E/AndroidRuntime(25936): 	at com.android.internal.policy.impl.PhoneWindow$DecorView.draw(PhoneWindow.java:1887)
E/AndroidRuntime(25936): 	at android.view.ViewRoot.draw(ViewRoot.java:1432)
E/AndroidRuntime(25936): 	at android.view.ViewRoot.performTraversals(ViewRoot.java:1167)
E/AndroidRuntime(25936): 	at android.view.ViewRoot.handleMessage(ViewRoot.java:1764)
E/AndroidRuntime(25936): 	at android.os.Handler.dispatchMessage(Handler.java:99)
E/AndroidRuntime(25936): 	at android.os.Looper.loop(Looper.java:143)
E/AndroidRuntime(25936): 	at android.app.ActivityThread.main(ActivityThread.java:5068)
E/AndroidRuntime(25936): 	at java.lang.reflect.Method.invokeNative(Native Method)
E/AndroidRuntime(25936): 	at java.lang.reflect.Method.invoke(Method.java:521)
E/AndroidRuntime(25936): 	at com.android.internal.os.ZygoteInit$MethodAndArgsCaller.run(ZygoteInit.java:858)
E/AndroidRuntime(25936): 	at com.android.internal.os.ZygoteInit.main(ZygoteInit.java:616)
E/AndroidRuntime(25936): 	at dalvik.system.NativeStart.main(Native Method)
D/QualcommCameraHardware(23325): loading liboemcamera at 0xb001140c
I/QualcommCameraHardware(23325): Set main cam and main cam only
I/        (23325): set sensor selection :0
W/ActivityManager(21515):   Force finishing activity com.kingvidbina.test/.Cam
W/ActivityManager(21515):   Force finishing activity com.kingvidbina.test/.Main
I/QualcommCameraHardware(23325): Open Device node : /dev/msm_camera/control0
I/        (23325): Open Device node : /dev/msm_camera/config0 
I/        (23325): [AWB Calibration] from kernel: fuse_id: 0x0, 0x0, 0x4, 0xa076f6
I/mm-camera-s5k3h1gx_u(23325): Inside s5k3h1gx_process_start 
I/        (23325): [LSC Calibration]Sensor_set_mesh
I/        (23325): [LSC Calibration] : call awb_get_fuseid
I/        (23325): Read /data/lsc_cal fail
I/        (23325): Read from file OK: /data/lsc_cal or /sys/android_camera_awb_cal/awb_cal
I/        (23325): [LSC Calibration]: lsc_checksum=b51aa87, lsc_verify=c1b
I/        (23325): [LSC Calibration]: fuseid_1=0,fuseid_2=0,fuseid_3=4,fuseid_4=a076f6, sfuse.fuse_id_word1=0,sfuse.fuse_id_word2=0,sfuse.fuse_id_word3=4,sfuse.fuse_id_word4=a076f6
I/        (23325): LSC_Calibration: 	addr=a777b36c, & addr=a777b36c
I/        (23325): LSC_Calibration: 	addr=a777c140, & addr=a777c140
I/        (23325): LSC_Calibration: 	addr=a777cf14, & addr=a777cf14
I/        (23325): LSC_Calibration: 	addr=a777dce8, & addr=a777dce8
I/        (23325): LSC_Calibration: 	addr=a777eabc, & addr=a777eabc
I/mm-camera-s5k3h1gx_u(23325): s5k3h1gx_process_start: [LSC Calibration] LSC is valid and set NEW mesh value
I/        (23325): [AWB Calibration] fuse_id : 0x0, 0x0, 0x4, 0xa076f6
I/        (23325): [AWB Calibration] fail to read /data/awb_cal, try another file
I/        (23325): [AWB Calibration] read from file OK: /sys/android_camera_awb_cal/awb_cal
I/        (23325): [AWB Calibration] nandflash data: 0xc1b, 0x30b, 0x297, 0x0, 0x0, 0x4, 0xa076f6, 0x8ce08b9a
I/        (23325): [AWB Calibration] check sum=8ce08b9a, OK
I/        (23325): [AWB Calibration] valid bit and fuseID pass, use new white points
I/        (23325): [AWB Calibration] use light version: v3
I/mm-camera-s5k3h1gx_u(23325): s5k3h1gx_register: table = 0xa77a9708
I/mm-camera-s5k3h1gx_u(23325): get snapshot size pointer:0xa7722fd5
D/        (23325): sensor_led_ctrl_init: camfd = 18
I/QualcommCameraHardware(23325): startCamera: camsensor name s5k3h1gx, flash 1
I/        (23325): sctrl:0xa77a8b70
I/        (23325): sctrl->fn_table:0xa7723a69
I/        (23325): sctrl->fn_table.get_snapshot_sizes:0xa7722fd5
I/mm-camera-s5k3h1gx_u(23325): get table
D/QualcommCameraHardware(23325): startCamera X
D/QualcommCameraHardware(23325): loading libposteffect at 0xb001186c
D/QualcommCameraHardware(23325): static android::sp<android::CameraHardwareInterface> android::QualcommCameraHardware::createInstance(): start GPU manager (0).
D/QualcommCameraHardware(23325): initDefaultParameters E
D/QualcommCameraHardware(23325): product 9
D/QualcommCameraHardware(23325): native_access_parm: fd 17, type 1, length 32
E/QualcommCameraHardware(23325): native_access_parm: error (No such file or directory): fd 17, type 1, length 32, status 0
D/QualcommCameraHardware(23325): native_access_parm: fd 17, type 68, length 4
D/QualcommCameraHardware(23325): native_access_parm: fd 17, type 69, length 4
D/QualcommCameraHardware(23325): native_access_parm: fd 17, type 70, length 4
D/QualcommCameraHardware(23325): preview width=1640 preview height=1232
D/QualcommCameraHardware(23325): panel width=800 panel height=480
D/GPUPostEffect(23325): SIMON: void* mlabs::GPUPostEffect::threadMain() E.
I/GEManager(23325): [GEManager] enter
D/GEManager(23325): [GEManager] m_eglDisplay successfully
D/QualcommCameraHardware(23325): max_zoom=31 zoom_available=31.068716
D/QualcommCameraHardware(23325): requested preview size 640 x 480
D/QualcommCameraHardware(23325): requested picture size 3264 x 2448
D/QualcommCameraHardware(23325): value:20404, country value:204, country code:204
D/QualcommCameraHardware(23325): native_access_parm: fd 17, type 21, length 4
D/QualcommCameraHardware(23325): native_access_parm: fd 17, type 15, length 4
D/QualcommCameraHardware(23325): native_access_parm: fd 17, type 14, length 4
D/QualcommCameraHardware(23325): setFlash 0
D/QualcommCameraHardware(23325): native_access_parm: fd 17, type 49, length 4
D/        (23325): In config_proc_CAMERA_SET_PARM_LED_MODE: 0
D/        (23325): set_led_mode = 0, led_ctrl_p->led_mode = 0
I/QualcommCameraHardware(23325): Set zoom=0 30
D/QualcommCameraHardware(23325): native_access_parm: fd 17, type 2, length 4
I/QualcommCameraHardware(23325): Setting Contrast is 5
D/QualcommCameraHardware(23325): native_access_parm: fd 17, type 6, length 4
I/QualcommCameraHardware(23325): Setting Brightness is 3
D/QualcommCameraHardware(23325): native_access_parm: fd 17, type 7, length 4
I/QualcommCameraHardware(23325): Setting Saturation is 5
D/QualcommCameraHardware(23325): native_access_parm: fd 17, type 11, length 4
I/QualcommCameraHardware(23325): Setting Sharpness is 10
D/QualcommCameraHardware(23325): native_access_parm: fd 17, type 9, length 4
D/QualcommCameraHardware(23325): native_access_parm: fd 17, type 12, length 4
I/QualcommCameraHardware(23325): xxx set CAF :0
D/QualcommCameraHardware(23325): native_access_parm: fd 17, type 65, length 4
D/QualcommCameraHardware(23325): not defined touch-focus yet, or AP without touch-focus function
I/QualcommCameraHardware(23325): Before Setting coordinate x:320 y:240
I/QualcommCameraHardware(23325): Setting coordinate x:2 y:2
D/QualcommCameraHardware(23325): native_access_parm: fd 17, type 64, length 4
D/QualcommCameraHardware(23325): native_access_parm: fd 17, type 73, length 18
D/QualcommCameraHardware(23325): native_access_parm: fd 17, type 26, length 4
D/QualcommCameraHardware(23325): native_access_parm: fd 17, type 62, length 4
D/QualcommCameraHardware(23325): native_access_parm: fd 17, type 8, length 4
D/QualcommCameraHardware(23325): virtual android::status_t android::QualcommCameraHardware::setParameters(const android::CameraParameters&), final_rc=0
D/        (23325): [GECameraParameters::getGPUEffect] enter
D/        (23325): [GECameraParameters::getGPUEffect] leave. no key GPU-effect
D/        (23325): [GECameraParameters::getGPUEffectParam] leave. no key GE-param0
D/        (23325): [GECameraParameters::getGPUEffectParam] leave. no key GE-param1
D/        (23325): [GECameraParameters::getGPUEffectParam] leave. no key GE-param3
D/GEManager(23325): [GEManager] eglInitialize successfully
D/GEManager(23325): [GEManager] eglChooseConfig successfully
D/GEManager(23325): [GEManager] eglCreateContext successfully
D/GEManager(23325): [GEManager] eglCreatePbufferSurface successfully
D/GEManager(23325): [GEManager] eglMakeCurrent successfully
I/GEManager(23325): [GEManager] leave
I/GPUPostEffect(23325): SIMON: int mlabs::GPUPostEffect::setParameters(mlabs::GPUPostEffect::GPUTask*): old effect = 0, new effect = -1.
D/GPUPostEffect(23325): SIMON: setParameters: isGEInit == false: no call to ChooseEffect.
D/QualcommCameraHardware(23325): initDefaultParameters X
D/QualcommCameraHardware(23325): createInstance: X created hardware=0x47170
D/MediaPlayerService(23325): player type = VORBIS_PLAYER
D/MediaPlayerService(23325): player type = VORBIS_PLAYER
D/CameraService(23325): Client::Client X (pid 25936)
D/CameraService(23325): CameraService::connect X
V/Test    (25936): sharpness-max=30;zoom=0;taking-picture-zoom=0;zoom-supported=true;sharpness-min=0;sharpness=10;contrast=5;whitebalance=auto;jpeg-quality=100;preview-format-values=yuv420sp;jpeg-thumbnail-quality=75;preview-format=yuv420sp;preview-size=640x480;focal-length=-1;iso=auto;meter-mode=meter-center;front-camera-mode=mirror;flash-mode-values=off,auto,on,torch;preview-frame-rate-values=15;preview-frame-rate=15;focus-mode-values=auto,infinity;jpeg-thumbnail-width=640;jpeg-thumbnail-size-values=640x480,512x384,384x288,0x0;zoom-ratios=100,114,131,151,174,200;saturation-def=5;preview-size-values=1280x720,800x480,768x432,720x480,640x480,576x432,480x320,400x240,384x288,352x288,320x240,272x272,240x240,240x160,176x144,160x120;smart-contrast=off;picture-size-values=3264x2448,3264x1952,2592x1952,2592x1936,2592x1728,2592x1552,2048x1536,2048x1360,2048x1216,1600x1200,1584x1056,1280x960,1280x848,1280x768,1024x768,640x480,640x416,640x384,512x384,400x400,272x272;contrast-min=0;min-exposure-compensation=-4;brightness-min=0;antibanding=auto;taking-picture-zoom-min=0;saturation-min=1;contrast-max=10;vertical-view-angle=-1;taking-picture-zoom-max=31;contrast-def=5;brightness-max=6;horizontal-view-angle=-1;brightness=3;jpeg-thumbnail-height=480;cam-mode=0;focus-mode=auto;sharpness-def=10;front-camera-mode-values=mirror,reverse;picture-format-values=jpeg;saturation-max=10;max-exposure-compensation=4;exposure-compensation=0;exposure-compensation-step=0.5;flash-mode=off;effect-values=none,mono,negative,solarize,sepia,posterize,aqua;meter-mode-values=meter-average,meter-center,meter-spot;picture-size=3264x2448;max-zoom=5;effect=none;saturation=5;whitebalance-values=auto,incandescent,fluorescent,daylight,cloudy-daylight;picture-format=jpeg;brightness-def=3;iso-values=auto,deblur,100,200,400,800,1250;enable-caf=off;antibanding-values=off,50hz,60hz,auto
D/QualcommCameraHardware(23325): requested preview size 480 x 320
D/QualcommCameraHardware(23325): requested picture size 3264 x 2448
D/QualcommCameraHardware(23325): value:20404, country value:204, country code:204
D/QualcommCameraHardware(23325): native_access_parm: fd 17, type 21, length 4
D/QualcommCameraHardware(23325): native_access_parm: fd 17, type 15, length 4
D/QualcommCameraHardware(23325): native_access_parm: fd 17, type 14, length 4
D/QualcommCameraHardware(23325): setFlash 0
D/QualcommCameraHardware(23325): native_access_parm: fd 17, type 49, length 4
D/        (23325): In config_proc_CAMERA_SET_PARM_LED_MODE: 0
D/        (23325): set_led_mode = 0, led_ctrl_p->led_mode = 0
I/QualcommCameraHardware(23325): Set zoom=0 30
D/QualcommCameraHardware(23325): native_access_parm: fd 17, type 2, length 4
I/QualcommCameraHardware(23325): Setting Contrast is 5
D/QualcommCameraHardware(23325): native_access_parm: fd 17, type 6, length 4
I/QualcommCameraHardware(23325): Setting Brightness is 3
D/QualcommCameraHardware(23325): native_access_parm: fd 17, type 7, length 4
I/QualcommCameraHardware(23325): Setting Saturation is 5
D/QualcommCameraHardware(23325): native_access_parm: fd 17, type 11, length 4
I/QualcommCameraHardware(23325): Setting Sharpness is 10
D/QualcommCameraHardware(23325): native_access_parm: fd 17, type 9, length 4
D/QualcommCameraHardware(23325): native_access_parm: fd 17, type 12, length 4
I/QualcommCameraHardware(23325): xxx set CAF :0
D/QualcommCameraHardware(23325): native_access_parm: fd 17, type 65, length 4
D/QualcommCameraHardware(23325): not defined touch-focus yet, or AP without touch-focus function
I/QualcommCameraHardware(23325): Before Setting coordinate x:240 y:160
I/QualcommCameraHardware(23325): Setting coordinate x:2 y:2
D/QualcommCameraHardware(23325): native_access_parm: fd 17, type 64, length 4
D/QualcommCameraHardware(23325): native_access_parm: fd 17, type 73, length 18
D/QualcommCameraHardware(23325): native_access_parm: fd 17, type 26, length 4
D/QualcommCameraHardware(23325): native_access_parm: fd 17, type 62, length 4
D/QualcommCameraHardware(23325): native_access_parm: fd 17, type 8, length 4
D/QualcommCameraHardware(23325): virtual android::status_t android::QualcommCameraHardware::setParameters(const android::CameraParameters&), final_rc=0
D/        (23325): [GECameraParameters::getGPUEffect] enter
D/        (23325): [GECameraParameters::getGPUEffect] leave. no key GPU-effect
D/        (23325): [GECameraParameters::getGPUEffectParam] leave. no key GE-param0
D/        (23325): [GECameraParameters::getGPUEffectParam] leave. no key GE-param1
D/        (23325): [GECameraParameters::getGPUEffectParam] leave. no key GE-param3
I/GPUPostEffect(23325): SIMON: int mlabs::GPUPostEffect::setParameters(mlabs::GPUPostEffect::GPUTask*): old effect = -1, new effect = -1.
D/GPUPostEffect(23325): SIMON: setParameters: isGEInit == false: no call to ChooseEffect.
W/ActivityManager(21515): Activity pause timeout for HistoryRecord{48191e48 com.kingvidbina.test/.Cam}
D/Sensors (21515): close_akm, fd=200
D/AK8975  ( 1220): Compass CLOSE 
V/WindowManager(21515): Remove Window{481dc680 Sorry! paused=false}: mSurface=Surface(name=Sorry!, identity=216) mExiting=false isAnimating=false app-animation=null inPendingTransaction=false mDisplayFrozen=false
E/WindowManager(21515): return in removeWindowLocked
I/Process (25936): Sending signal. PID: 25936 SIG: 9
I/ActivityManager(21515): Process com.kingvidbina.test (pid 25936) has died.
I/WindowManager(21515): WIN DEATH: Window{48175630 com.kingvidbina.test/com.kingvidbina.test.Main paused=true}
D/CameraService(23325): Client::~Client E (pid 23325, client 0x53d98)
D/CameraService(23325): Client::disconnect() E (pid 23325 client 0x53d98)
V/WindowManager(21515): Remove Window{48175630 com.kingvidbina.test/com.kingvidbina.test.Main paused=true}: mSurface=Surface(name=com.kingvidbina.test/com.kingvidbina.test.Main, identity=213) mExiting=false isAnimating=false app-animation=null inPendingTransaction=false mDisplayFrozen=false
I/WindowManager(21515): WIN DEATH: Window{4805b920 com.kingvidbina.test/com.kingvidbina.test.Cam paused=false}
V/WindowManager(21515): Remove Window{4805b920 com.kingvidbina.test/com.kingvidbina.test.Cam paused=false}: mSurface=Surface(name=com.kingvidbina.test/com.kingvidbina.test.Cam, identity=214) mExiting=false isAnimating=false app-animation=null inPendingTransaction=false mDisplayFrozen=false
I/ActivityManager(21515): Displayed activity com.kingvidbina.test/.Cam: 4389 ms (total 4389 ms)
D/CameraService(23325): hardware teardown
D/QualcommCameraHardware(23325): stopPreview: E
D/QualcommCameraHardware(23325): stopPreviewInternal E: 0
D/QualcommCameraHardware(23325): stopPreviewInternal X: 0
D/QualcommCameraHardware(23325): stopPreview: X
D/QualcommCameraHardware(23325): release E
E/        (23325): config_proc_CAMERA_STOP_SNAPSHOT: state is not correct ctrl->state = 0
E/        (23325): VFE_RESET_ACK illegal ctrl->state 24
D/        (23325): SIMON:GM: mlabs::GPUPostEffect::GPUTask* mlabs::GPUPostEffect::get(): cancel 0 tasks.
I/GEManager(23325): [~GEManager] enter
I/GEManager(23325): [Deinit] enter
I/GEManager(23325): [Deinit] delete m_pCurrShader
I/GEManager(23325): [Deinit] delete m_pShaderBypass
I/GEManager(23325): [Deinit] delete m_pSrcTexture
I/GEManager(23325): [Deinit] delete m_pDstFbo
I/GEManager(23325): [Deinit] leave
I/GEManager(23325): [~GEManager] eglMakeCurrent
I/GEManager(23325): [~GEManager] eglDestroySurface
I/GEManager(23325): [~GEManager] eglDestroyContext
I/WindowManager(21515): WIN DEATH: Window{4805c6b8 SurfaceView paused=false}
V/WindowManager(21515): Remove Window{4805c6b8 SurfaceView paused=false}: mSurface=Surface(name=SurfaceView, identity=215) mExiting=false isAnimating=false app-animation=null inPendingTransaction=false mDisplayFrozen=false
I/GEManager(23325): [~GEManager] eglTerminate
I/GEManager(23325): [~GEManager] leave
D/GPUPostEffect(23325): SIMON: void* mlabs::GPUPostEffect::threadMain() X.
D/QualcommCameraHardware(23325): libposteffect at 0xb001186c unloaded.
D/QualcommCameraHardware(23325): virtual void android::QualcommCameraHardware::release(): GPU manager stopped.
D/QualcommCameraHardware(23325): deinitRaw E
D/QualcommCameraHardware(23325): deinitRaw X
D/        (23325): set_led_mode = 0, led_ctrl_p->led_mode = 0
D/QualcommCameraHardware(23325): dlclose(libqcamera)
D/QualcommCameraHardware(23325): release X
D/QualcommCameraHardware(23325): ~QualcommCameraHardware E
D/QualcommCameraHardware(23325): ~QualcommCameraHardware X
D/CameraService(23325): removeClient (pid 23325): no more strong reference
D/CameraService(23325): Client::disconnect() X (pid 23325)
D/CameraService(23325): Client::~Client X (pid 23325)
I/wpa_supplicant(23702): Scan requested (ret=0) - scan timeout 30 seconds
I/MyHTC   (24046): SyncSpePluginFlow - SYNCHING SPECIFIC APP com.htc.recommend.cs.MyDownloadsSyncAdapter
D/ConnectivityService(21515): getMobileDataEnabled returning true
D/TelephonyRegistry(21515): notifyDataConnection() state=2isDataConnectivityPossible()true, reason=null
D/TelephonyRegistry(21515): broadcastDataConnectionStateChanged()  state=CONNECTEDtypes=default,dun,supl, interfaceName=rmnet0
D/NetworkLocationProvider(21515): onDataConnectionStateChanged 3
D/ConnectivityService(21515): getMobileDataEnabled returning true
D/MobileDataStateTracker(21515): replacing old mInterfaceName (rmnet0) with rmnet0 for hipri
D/MobileDataStateTracker(21515): replacing old mInterfaceName (rmnet0) with rmnet0 for supl
--------- beginning of /dev/log/system
V/WindowManager( 1303): Remove Window{47ea35b0 PopupWindow:476dcaf0 paused=false}: mSurface=Surface(name=PopupWindow:476dcaf0, identity=508) mExiting=false isAnimating=false app-animation=null inPendingTransaction=false mDisplayFrozen=false
V/WindowManager( 1303): Remove Window{47ef9468 PopupWindow:476dcaf0 paused=false}: mSurface=Surface(name=PopupWindow:476dcaf0, identity=511) mExiting=false isAnimating=false app-animation=null inPendingTransaction=false mDisplayFrozen=false
V/WindowManager( 1303): Remove Window{47efb0c0 PopupWindow:476dcaf0 paused=false}: mSurface=Surface(name=PopupWindow:476dcaf0, identity=513) mExiting=false isAnimating=false app-animation=null inPendingTransaction=false mDisplayFrozen=false
V/WindowManager( 1303): Remove Window{47f03b58 PopupWindow:476dcaf0 paused=false}: mSurface=Surface(name=PopupWindow:476dcaf0, identity=520) mExiting=false isAnimating=false app-animation=null inPendingTransaction=false mDisplayFrozen=false
V/WindowManager( 1303): Remove Window{47f1a9a0 PopupWindow:476dcaf0 paused=false}: mSurface=Surface(name=PopupWindow:476dcaf0, identity=527) mExiting=false isAnimating=false app-animation=null inPendingTransaction=false mDisplayFrozen=false
D/WifiService( 1303): acquireWifiLockLocked: WifiLock{NetworkLocationProvider type=2 binder=android.os.Binder@47ebd008}
D/WifiService( 1303): enable and start wifi due to updateWifiState
V/WindowManager( 1303): Remove Window{47f1c130 PopupWindow:476dcaf0 paused=false}: mSurface=null mExiting=false isAnimating=false app-animation=null inPendingTransaction=false mDisplayFrozen=false
V/WindowManager( 1303): Remove Window{47d52840 com.whatsapp/com.whatsapp.Conversation paused=false}: mSurface=null mExiting=false isAnimating=false app-animation=null inPendingTransaction=false mDisplayFrozen=false
V/WindowManager( 1303): Remove Window{47d4a120 com.whatsapp/com.whatsapp.Conversations paused=false}: mSurface=null mExiting=false isAnimating=false app-animation=null inPendingTransaction=false mDisplayFrozen=false
V/NotificationService( 1303): Battery Full, Charging
V/NotificationService( 1303): Battery Full, Charging
V/NotificationService( 1303): Battery Full, Charging
D/InputManagerService( 1303): Window already focused, ignoring focus gain of: com.android.internal.view.IInputMethodClient$Stub$Proxy@480aff38
D/WifiService( 1303): releaseWifiLockLocked: WifiLock{NetworkLocationProvider type=2 binder=android.os.Binder@47ebd008}
D/WifiService( 1303): enable and start wifi due to updateWifiState
D/WifiService( 1303): acquireWifiLockLocked: WifiLock{NetworkLocationProvider type=2 binder=android.os.Binder@47ebd008}
D/WifiService( 1303): enable and start wifi due to updateWifiState
D/WifiService( 1303): ACTION_BATTERY_CHANGED pluggedType: 2
D/TelephonyRegistry( 1303): notifyDataConnection() state=2isDataConnectivityPossible()true, reason=null
D/TelephonyRegistry( 1303): broadcastDataConnectionStateChanged()  state=CONNECTEDtypes=default,dun,supl, interfaceName=rmnet0
D/WifiService( 1303): releaseWifiLockLocked: WifiLock{NetworkLocationProvider type=2 binder=android.os.Binder@47ebd008}
D/WifiService( 1303): enable and start wifi due to updateWifiState
D/TelephonyRegistry( 1303): notifyDataConnection() state=2isDataConnectivityPossible()true, reason=null
D/TelephonyRegistry( 1303): broadcastDataConnectionStateChanged()  state=CONNECTEDtypes=default,dun,supl, interfaceName=rmnet0
D/WifiService( 1303): acquireWifiLockLocked: WifiLock{NetworkLocationProvider type=2 binder=android.os.Binder@47ebd008}
D/WifiService( 1303): enable and start wifi due to updateWifiState
I/ActivityManager( 1303): Starting activity: Intent { act=com.htc.searchanywhere.START flg=0x10000000 cmp=com.htc.searchanywhere/.SearchActivity }
V/WindowManager( 1303): Remove Window{47d6de08 Starting com.htc.searchanywhere paused=false}: mSurface=Surface(name=Starting com.htc.searchanywhere, identity=533) mExiting=false isAnimating=false app-animation=null inPendingTransaction=false mDisplayFrozen=false
E/WindowManager( 1303): return in removeWindowLocked
D/WifiService( 1303): releaseWifiLockLocked: WifiLock{NetworkLocationProvider type=2 binder=android.os.Binder@47ebd008}
D/WifiService( 1303): enable and start wifi due to updateWifiState
D/WifiService( 1303): acquireWifiLockLocked: WifiLock{NetworkLocationProvider type=2 binder=android.os.Binder@47ebd008}
D/WifiService( 1303): enable and start wifi due to updateWifiState
D/WifiService( 1303): releaseWifiLockLocked: WifiLock{NetworkLocationProvider type=2 binder=android.os.Binder@47ebd008}
D/WifiService( 1303): enable and start wifi due to updateWifiState
D/WifiService( 1303): acquireWifiLockLocked: WifiLock{NetworkLocationProvider type=2 binder=android.os.Binder@47ebd008}
D/WifiService( 1303): enable and start wifi due to updateWifiState
D/TelephonyRegistry( 1303): notifyDataConnection() state=2isDataConnectivityPossible()true, reason=null
D/TelephonyRegistry( 1303): broadcastDataConnectionStateChanged()  state=CONNECTEDtypes=default,dun,supl, interfaceName=rmnet0
D/TelephonyRegistry( 1303): notifyDataConnection() state=2isDataConnectivityPossible()true, reason=null
D/TelephonyRegistry( 1303): broadcastDataConnectionStateChanged()  state=CONNECTEDtypes=default,dun,supl, interfaceName=rmnet0
D/WifiService( 1303): releaseWifiLockLocked: WifiLock{NetworkLocationProvider type=2 binder=android.os.Binder@47ebd008}
D/WifiService( 1303): enable and start wifi due to updateWifiState
D/WifiService( 1303): acquireWifiLockLocked: WifiLock{PrefetcherService type=1 binder=android.os.BinderProxy@4804b0f8}
D/WifiService( 1303): enable and start wifi due to updateWifiState
D/WifiService( 1303): acquireWifiLockLocked: WifiLock{NetworkLocationProvider type=2 binder=android.os.Binder@47ebd008}
D/WifiService( 1303): enable and start wifi due to updateWifiState
D/WifiService( 1303): releaseWifiLockLocked: WifiLock{NetworkLocationProvider type=2 binder=android.os.Binder@47ebd008}
D/WifiService( 1303): enable and start wifi due to updateWifiState
D/WifiService( 1303): releaseWifiLockLocked: WifiLock{PrefetcherService type=1 binder=android.os.BinderProxy@4804b0f8}
D/WifiService( 1303): enable and start wifi due to updateWifiState
D/WifiService( 1303): acquireWifiLockLocked: WifiLock{NetworkLocationProvider type=2 binder=android.os.Binder@47ebd008}
D/WifiService( 1303): enable and start wifi due to updateWifiState
D/WifiService( 1303): releaseWifiLockLocked: WifiLock{NetworkLocationProvider type=2 binder=android.os.Binder@47ebd008}
D/WifiService( 1303): enable and start wifi due to updateWifiState
D/TelephonyRegistry( 1303): notifyDataConnection() state=2isDataConnectivityPossible()true, reason=null
D/TelephonyRegistry( 1303): broadcastDataConnectionStateChanged()  state=CONNECTEDtypes=default,dun,supl, interfaceName=rmnet0
D/TelephonyRegistry( 1303): notifyDataConnection() state=2isDataConnectivityPossible()true, reason=null
D/TelephonyRegistry( 1303): broadcastDataConnectionStateChanged()  state=CONNECTEDtypes=default,dun,supl, interfaceName=rmnet0
D/WifiService( 1303): acquireWifiLockLocked: WifiLock{NetworkLocationProvider type=2 binder=android.os.Binder@47ebd008}
D/WifiService( 1303): enable and start wifi due to updateWifiState
D/WifiService( 1303): releaseWifiLockLocked: WifiLock{NetworkLocationProvider type=2 binder=android.os.Binder@47ebd008}
D/WifiService( 1303): enable and start wifi due to updateWifiState
D/WifiService( 1303): acquireWifiLockLocked: WifiLock{NetworkLocationProvider type=2 binder=android.os.Binder@47ebd008}
D/WifiService( 1303): enable and start wifi due to updateWifiState
D/WifiService( 1303): releaseWifiLockLocked: WifiLock{NetworkLocationProvider type=2 binder=android.os.Binder@47ebd008}
D/WifiService( 1303): enable and start wifi due to updateWifiState
D/WifiService( 1303): acquireWifiLockLocked: WifiLock{NetworkLocationProvider type=2 binder=android.os.Binder@47ebd008}
D/WifiService( 1303): enable and start wifi due to updateWifiState
D/WifiService( 1303): ACTION_BATTERY_CHANGED pluggedType: 2
D/WifiService( 1303): releaseWifiLockLocked: WifiLock{NetworkLocationProvider type=2 binder=android.os.Binder@47ebd008}
D/WifiService( 1303): enable and start wifi due to updateWifiState
D/WifiService( 1303): acquireWifiLockLocked: WifiLock{NetworkLocationProvider type=2 binder=android.os.Binder@47ebd008}
D/WifiService( 1303): enable and start wifi due to updateWifiState
D/WifiService( 1303): releaseWifiLockLocked: WifiLock{NetworkLocationProvider type=2 binder=android.os.Binder@47ebd008}
D/WifiService( 1303): enable and start wifi due to updateWifiState
D/TelephonyRegistry( 1303): notifyDataConnection() state=2isDataConnectivityPossible()true, reason=null
D/TelephonyRegistry( 1303): broadcastDataConnectionStateChanged()  state=CONNECTEDtypes=default,dun,supl, interfaceName=rmnet0
D/TelephonyRegistry( 1303): notifyDataConnection() state=2isDataConnectivityPossible()true, reason=null
D/TelephonyRegistry( 1303): broadcastDataConnectionStateChanged()  state=CONNECTEDtypes=default,dun,supl, interfaceName=rmnet0
D/WifiService( 1303): acquireWifiLockLocked: WifiLock{NetworkLocationProvider type=2 binder=android.os.Binder@47ebd008}
D/WifiService( 1303): enable and start wifi due to updateWifiState
D/WifiService( 1303): releaseWifiLockLocked: WifiLock{NetworkLocationProvider type=2 binder=android.os.Binder@47ebd008}
D/WifiService( 1303): enable and start wifi due to updateWifiState
D/WifiService( 1303): acquireWifiLockLocked: WifiLock{NetworkLocationProvider type=2 binder=android.os.Binder@47ebd008}
D/WifiService( 1303): enable and start wifi due to updateWifiState
D/WifiService( 1303): releaseWifiLockLocked: WifiLock{NetworkLocationProvider type=2 binder=android.os.Binder@47ebd008}
D/WifiService( 1303): enable and start wifi due to updateWifiState
D/WifiService( 1303): acquireWifiLockLocked: WifiLock{NetworkLocationProvider type=2 binder=android.os.Binder@47ebd008}
D/WifiService( 1303): enable and start wifi due to updateWifiState
D/WifiService( 1303): releaseWifiLockLocked: WifiLock{NetworkLocationProvider type=2 binder=android.os.Binder@47ebd008}
D/WifiService( 1303): enable and start wifi due to updateWifiState
D/TelephonyRegistry( 1303): notifyDataConnection() state=2isDataConnectivityPossible()true, reason=null
D/TelephonyRegistry( 1303): broadcastDataConnectionStateChanged()  state=CONNECTEDtypes=default,dun,supl, interfaceName=rmnet0
D/TelephonyRegistry( 1303): notifyDataConnection() state=2isDataConnectivityPossible()true, reason=null
D/TelephonyRegistry( 1303): broadcastDataConnectionStateChanged()  state=CONNECTEDtypes=default,dun,supl, interfaceName=rmnet0
D/WifiService( 1303): acquireWifiLockLocked: WifiLock{NetworkLocationProvider type=2 binder=android.os.Binder@47ebd008}
D/WifiService( 1303): enable and start wifi due to updateWifiState
D/WifiService( 1303): releaseWifiLockLocked: WifiLock{NetworkLocationProvider type=2 binder=android.os.Binder@47ebd008}
D/WifiService( 1303): enable and start wifi due to updateWifiState
D/WifiService( 1303): acquireWifiLockLocked: WifiLock{NetworkLocationProvider type=2 binder=android.os.Binder@47ebd008}
D/WifiService( 1303): enable and start wifi due to updateWifiState
D/WifiService( 1303): releaseWifiLockLocked: WifiLock{NetworkLocationProvider type=2 binder=android.os.Binder@47ebd008}
D/WifiService( 1303): enable and start wifi due to updateWifiState
D/WifiService( 1303): acquireWifiLockLocked: WifiLock{NetworkLocationProvider type=2 binder=android.os.Binder@47ebd008}
D/WifiService( 1303): enable and start wifi due to updateWifiState
D/WifiService( 1303): releaseWifiLockLocked: WifiLock{NetworkLocationProvider type=2 binder=android.os.Binder@47ebd008}
D/WifiService( 1303): enable and start wifi due to updateWifiState
I/InputManagerService( 1303): Receive : Intent.ACTION_SCREEN_OFF
I/InputManagerService( 1303): Disable input method client.
D/StatusBar( 1303): DISABLE_EXPAND: yes
D/WifiService( 1303): ACTION_SCREEN_OFF
D/ConnectivityService( 1303): getMobileDataEnabled returning true
D/ConnectivityService( 1303): getMobileDataEnabled returning true
D/ConnectivityService( 1303): getMobileDataEnabled returning true
D/WifiService( 1303): acquireWifiLockLocked: WifiLock{NetworkLocationProvider type=2 binder=android.os.Binder@47ebd008}
D/WifiService( 1303): enable and start wifi due to updateWifiState
D/WifiService( 1303): releaseWifiLockLocked: WifiLock{NetworkLocationProvider type=2 binder=android.os.Binder@47ebd008}
D/WifiService( 1303): enable and start wifi due to updateWifiState
D/WifiService( 1303): acquireWifiLockLocked: WifiLock{NetworkLocationProvider type=2 binder=android.os.Binder@47ebd008}
D/WifiService( 1303): enable and start wifi due to updateWifiState
D/WifiService( 1303): releaseWifiLockLocked: WifiLock{NetworkLocationProvider type=2 binder=android.os.Binder@47ebd008}
D/WifiService( 1303): enable and start wifi due to updateWifiState
D/WifiService( 1303): acquireWifiLockLocked: WifiLock{NetworkLocationProvider type=2 binder=android.os.Binder@47ebd008}
D/WifiService( 1303): enable and start wifi due to updateWifiState
D/WifiService( 1303): releaseWifiLockLocked: WifiLock{NetworkLocationProvider type=2 binder=android.os.Binder@47ebd008}
D/WifiService( 1303): enable and start wifi due to updateWifiState
D/WifiService( 1303): acquireWifiLockLocked: WifiLock{NetworkLocationProvider type=2 binder=android.os.Binder@47ebd008}
D/WifiService( 1303): enable and start wifi due to updateWifiState
D/WifiService( 1303): releaseWifiLockLocked: WifiLock{NetworkLocationProvider type=2 binder=android.os.Binder@47ebd008}
D/WifiService( 1303): enable and start wifi due to updateWifiState
D/WifiService( 1303): acquireWifiLockLocked: WifiLock{NetworkLocationProvider type=2 binder=android.os.Binder@47ebd008}
D/WifiService( 1303): enable and start wifi due to updateWifiState
D/WifiService( 1303): releaseWifiLockLocked: WifiLock{NetworkLocationProvider type=2 binder=android.os.Binder@47ebd008}
D/WifiService( 1303): enable and start wifi due to updateWifiState
D/WifiService( 1303): acquireWifiLockLocked: WifiLock{NetworkLocationProvider type=2 binder=android.os.Binder@47ebd008}
D/WifiService( 1303): enable and start wifi due to updateWifiState
D/WifiService( 1303): releaseWifiLockLocked: WifiLock{NetworkLocationProvider type=2 binder=android.os.Binder@47ebd008}
D/WifiService( 1303): enable and start wifi due to updateWifiState
D/WifiService( 1303): acquireWifiLockLocked: WifiLock{NetworkLocationProvider type=2 binder=android.os.Binder@47ebd008}
D/WifiService( 1303): enable and start wifi due to updateWifiState
D/WifiService( 1303): releaseWifiLockLocked: WifiLock{NetworkLocationProvider type=2 binder=android.os.Binder@47ebd008}
D/WifiService( 1303): enable and start wifi due to updateWifiState
D/WifiService( 1303): acquireWifiLockLocked: WifiLock{NetworkLocationProvider type=2 binder=android.os.Binder@47ebd008}
D/WifiService( 1303): enable and start wifi due to updateWifiState
D/WifiService( 1303): releaseWifiLockLocked: WifiLock{NetworkLocationProvider type=2 binder=android.os.Binder@47ebd008}
D/WifiService( 1303): enable and start wifi due to updateWifiState
D/WifiService( 1303): acquireWifiLockLocked: WifiLock{NetworkLocationProvider type=2 binder=android.os.Binder@47ebd008}
D/WifiService( 1303): enable and start wifi due to updateWifiState
D/WifiService( 1303): releaseWifiLockLocked: WifiLock{NetworkLocationProvider type=2 binder=android.os.Binder@47ebd008}
D/WifiService( 1303): enable and start wifi due to updateWifiState
D/WifiService( 1303): acquireWifiLockLocked: WifiLock{NetworkLocationProvider type=2 binder=android.os.Binder@47ebd008}
D/WifiService( 1303): enable and start wifi due to updateWifiState
D/WifiService( 1303): releaseWifiLockLocked: WifiLock{NetworkLocationProvider type=2 binder=android.os.Binder@47ebd008}
D/WifiService( 1303): enable and start wifi due to updateWifiState
D/WifiService( 1303): acquireWifiLockLocked: WifiLock{NetworkLocationProvider type=2 binder=android.os.Binder@47ebd008}
D/WifiService( 1303): enable and start wifi due to updateWifiState
D/WifiService( 1303): ACTION_BATTERY_CHANGED pluggedType: 2
D/WifiService( 1303): releaseWifiLockLocked: WifiLock{NetworkLocationProvider type=2 binder=android.os.Binder@47ebd008}
D/WifiService( 1303): enable and start wifi due to updateWifiState
D/WifiService( 1303): acquireWifiLockLocked: WifiLock{NetworkLocationProvider type=2 binder=android.os.Binder@47ebd008}
D/WifiService( 1303): enable and start wifi due to updateWifiState
D/WifiService( 1303): releaseWifiLockLocked: WifiLock{NetworkLocationProvider type=2 binder=android.os.Binder@47ebd008}
D/WifiService( 1303): enable and start wifi due to updateWifiState
D/WifiService( 1303): acquireWifiLockLocked: WifiLock{NetworkLocationProvider type=2 binder=android.os.Binder@47ebd008}
D/WifiService( 1303): enable and start wifi due to updateWifiState
D/WifiService( 1303): releaseWifiLockLocked: WifiLock{NetworkLocationProvider type=2 binder=android.os.Binder@47ebd008}
D/WifiService( 1303): enable and start wifi due to updateWifiState
D/WifiService( 1303): acquireWifiLockLocked: WifiLock{NetworkLocationProvider type=2 binder=android.os.Binder@47ebd008}
D/WifiService( 1303): enable and start wifi due to updateWifiState
D/WifiService( 1303): releaseWifiLockLocked: WifiLock{NetworkLocationProvider type=2 binder=android.os.Binder@47ebd008}
D/WifiService( 1303): enable and start wifi due to updateWifiState
D/WifiService( 1303): acquireWifiLockLocked: WifiLock{NetworkLocationProvider type=2 binder=android.os.Binder@47ebd008}
D/WifiService( 1303): enable and start wifi due to updateWifiState
D/WifiService( 1303): releaseWifiLockLocked: WifiLock{NetworkLocationProvider type=2 binder=android.os.Binder@47ebd008}
