D/WifiService( 1297): enable and start wifi due to updateWifiState
D/WifiService( 1297): acquireWifiLockLocked: WifiLock{NetworkLocationProvider type=2 binder=android.os.Binder@47eacbe0}
D/WifiService( 1297): enable and start wifi due to updateWifiState
D/WifiService( 1297): ACTION_BATTERY_CHANGED pluggedType: 2
D/WifiService( 1297): releaseWifiLockLocked: WifiLock{NetworkLocationProvider type=2 binder=android.os.Binder@47eacbe0}
D/WifiService( 1297): enable and start wifi due to updateWifiState
D/TelephonyRegistry( 1297): notifyDataConnection() state=2isDataConnectivityPossible()true, reason=null
D/TelephonyRegistry( 1297): broadcastDataConnectionStateChanged()  state=CONNECTEDtypes=default,dun,supl, interfaceName=rmnet0
D/TelephonyRegistry( 1297): notifyDataConnection() state=2isDataConnectivityPossible()true, reason=null
D/TelephonyRegistry( 1297): broadcastDataConnectionStateChanged()  state=CONNECTEDtypes=default,dun,supl, interfaceName=rmnet0
D/WifiService( 1297): acquireWifiLockLocked: WifiLock{NetworkLocationProvider type=2 binder=android.os.Binder@47eacbe0}
D/WifiService( 1297): enable and start wifi due to updateWifiState
D/TelephonyRegistry( 1297): notifyDataConnection() state=2isDataConnectivityPossible()true, reason=null
D/TelephonyRegistry( 1297): broadcastDataConnectionStateChanged()  state=CONNECTEDtypes=default,dun,supl, interfaceName=rmnet0
D/WifiService( 1297): releaseWifiLockLocked: WifiLock{NetworkLocationProvider type=2 binder=android.os.Binder@47eacbe0}
D/WifiService( 1297): enable and start wifi due to updateWifiState
D/TelephonyRegistry( 1297): notifyDataConnection() state=2isDataConnectivityPossible()true, reason=null
D/TelephonyRegistry( 1297): broadcastDataConnectionStateChanged()  state=CONNECTEDtypes=default,dun,supl, interfaceName=rmnet0
D/WifiService( 1297): acquireWifiLockLocked: WifiLock{NetworkLocationProvider type=2 binder=android.os.Binder@47eacbe0}
D/WifiService( 1297): enable and start wifi due to updateWifiState
D/WifiService( 1297): releaseWifiLockLocked: WifiLock{NetworkLocationProvider type=2 binder=android.os.Binder@47eacbe0}
D/WifiService( 1297): enable and start wifi due to updateWifiState
D/WifiService( 1297): acquireWifiLockLocked: WifiLock{NetworkLocationProvider type=2 binder=android.os.Binder@47eacbe0}
D/WifiService( 1297): enable and start wifi due to updateWifiState
D/WifiService( 1297): releaseWifiLockLocked: WifiLock{NetworkLocationProvider type=2 binder=android.os.Binder@47eacbe0}
D/WifiService( 1297): enable and start wifi due to updateWifiState
D/WifiService( 1297): acquireWifiLockLocked: WifiLock{NetworkLocationProvider type=2 binder=android.os.Binder@47eacbe0}
D/WifiService( 1297): enable and start wifi due to updateWifiState
D/WifiService( 1297): releaseWifiLockLocked: WifiLock{NetworkLocationProvider type=2 binder=android.os.Binder@47eacbe0}
D/WifiService( 1297): enable and start wifi due to updateWifiState
D/WifiService( 1297): acquireWifiLockLocked: WifiLock{NetworkLocationProvider type=2 binder=android.os.Binder@47eacbe0}
D/WifiService( 1297): enable and start wifi due to updateWifiState
D/WifiService( 1297): releaseWifiLockLocked: WifiLock{NetworkLocationProvider type=2 binder=android.os.Binder@47eacbe0}
D/WifiService( 1297): enable and start wifi due to updateWifiState
D/WifiService( 1297): acquireWifiLockLocked: WifiLock{NetworkLocationProvider type=2 binder=android.os.Binder@47eacbe0}
D/WifiService( 1297): enable and start wifi due to updateWifiState
D/WifiService( 1297): releaseWifiLockLocked: WifiLock{NetworkLocationProvider type=2 binder=android.os.Binder@47eacbe0}
D/WifiService( 1297): enable and start wifi due to updateWifiState
D/WifiService( 1297): acquireWifiLockLocked: WifiLock{NetworkLocationProvider type=2 binder=android.os.Binder@47eacbe0}
D/WifiService( 1297): enable and start wifi due to updateWifiState
D/WifiService( 1297): releaseWifiLockLocked: WifiLock{NetworkLocationProvider type=2 binder=android.os.Binder@47eacbe0}
D/WifiService( 1297): enable and start wifi due to updateWifiState
D/WifiService( 1297): acquireWifiLockLocked: WifiLock{NetworkLocationProvider type=2 binder=android.os.Binder@47eacbe0}
D/WifiService( 1297): enable and start wifi due to updateWifiState
D/WifiService( 1297): releaseWifiLockLocked: WifiLock{NetworkLocationProvider type=2 binder=android.os.Binder@47eacbe0}
D/WifiService( 1297): enable and start wifi due to updateWifiState
D/WifiService( 1297): acquireWifiLockLocked: WifiLock{NetworkLocationProvider type=2 binder=android.os.Binder@47eacbe0}
D/WifiService( 1297): enable and start wifi due to updateWifiState
D/WifiService( 1297): releaseWifiLockLocked: WifiLock{NetworkLocationProvider type=2 binder=android.os.Binder@47eacbe0}
D/WifiService( 1297): enable and start wifi due to updateWifiState
D/TelephonyRegistry( 1297): notifyDataConnection() state=2isDataConnectivityPossible()true, reason=null
D/TelephonyRegistry( 1297): broadcastDataConnectionStateChanged()  state=CONNECTEDtypes=default,dun,supl, interfaceName=rmnet0
D/TelephonyRegistry( 1297): notifyDataConnection() state=2isDataConnectivityPossible()true, reason=null
D/TelephonyRegistry( 1297): broadcastDataConnectionStateChanged()  state=CONNECTEDtypes=default,dun,supl, interfaceName=rmnet0
--------- beginning of /dev/log/main
W/SharedBufferStack( 1650): waitForCondition(LockCondition) timed out (identity=4, status=0). CPU may be pegged. trying again.
W/SharedBufferStack( 1650): waitForCondition(LockCondition) timed out (identity=4, status=0). CPU may be pegged. trying again.
W/SharedBufferStack( 1650): waitForCondition(LockCondition) timed out (identity=4, status=0). CPU may be pegged. trying again.
W/SharedBufferStack( 1650): waitForCondition(LockCondition) timed out (identity=4, status=0). CPU may be pegged. trying again.
W/SharedBufferStack( 1650): waitForCondition(LockCondition) timed out (identity=4, status=0). CPU may be pegged. trying again.
W/SharedBufferStack( 1650): waitForCondition(LockCondition) timed out (identity=4, status=0). CPU may be pegged. trying again.
D/WifiService( 1297): acquireWifiLockLocked: WifiLock{NetworkLocationProvider type=2 binder=android.os.Binder@47eacbe0}
D/WifiService( 1297): enable and start wifi due to updateWifiState
I/wpa_supplicant(13545): Scan requested (ret=0) - scan timeout 30 seconds
W/SharedBufferStack( 1650): waitForCondition(LockCondition) timed out (identity=4, status=0). CPU may be pegged. trying again.
I/wpa_supplicant(13545): got scan complete
I/wpa_supplicant(13545): wpa_supplicant_get_scan_results:return scan results2
I/wpa_supplicant(13545): AP:ssid[Waly-Salsero],rssi[-74],BSSID=00:25:9c:4d:1e:a8
I/wpa_supplicant(13545): Received 375 bytes of scan results (1 BSSes)
I/wpa_supplicant(13545): wpa_driver_wext_get_scan_results---
I/wpa_supplicant(13545): WPS-AP-AVAILABLE 
I/wpa_supplicant(13545): wpa_disabled_ssid_list_clear
I/wpa_supplicant(13545): No suitable AP found.
V/WifiMonitor( 1297): Event [WPS-AP-AVAILABLE ]
V/WifiMonitor( 1297): Event [wpa_disabled_ssid_list_clear]
W/SharedBufferStack( 1650): waitForCondition(LockCondition) timed out (identity=4, status=0). CPU may be pegged. trying again.
W/SharedBufferStack( 1650): waitForCondition(LockCondition) timed out (identity=4, status=0). CPU may be pegged. trying again.
W/SharedBufferStack( 1650): waitForCondition(LockCondition) timed out (identity=4, status=0). CPU may be pegged. trying again.
W/SharedBufferStack( 1650): waitForCondition(LockCondition) timed out (identity=4, status=0). CPU may be pegged. trying again.
D/LocationMasfClient( 1297): getNetworkLocation(): Returning cache location with accuracy 70.0
D/lib_locapi( 1297): loc_eng_inject_location, accuracy = 70.0
W/SharedBufferStack( 1650): waitForCondition(LockCondition) timed out (identity=4, status=0). CPU may be pegged. trying again.
W/SharedBufferStack( 1650): waitForCondition(LockCondition) timed out (identity=4, status=0). CPU may be pegged. trying again.
W/SharedBufferStack( 1650): waitForCondition(LockCondition) timed out (identity=4, status=0). CPU may be pegged. trying again.
W/SharedBufferStack( 1650): waitForCondition(LockCondition) timed out (identity=4, status=0). CPU may be pegged. trying again.
W/SharedBufferStack( 1650): waitForCondition(LockCondition) timed out (identity=4, status=0). CPU may be pegged. trying again.
D/WifiService( 1297): releaseWifiLockLocked: WifiLock{NetworkLocationProvider type=2 binder=android.os.Binder@47eacbe0}
D/WifiService( 1297): enable and start wifi due to updateWifiState
W/SharedBufferStack( 1650): waitForCondition(LockCondition) timed out (identity=4, status=0). CPU may be pegged. trying again.
W/SharedBufferStack( 1650): waitForCondition(LockCondition) timed out (identity=4, status=0). CPU may be pegged. trying again.
W/SharedBufferStack( 1650): waitForCondition(LockCondition) timed out (identity=4, status=0). CPU may be pegged. trying again.
W/SharedBufferStack( 1650): waitForCondition(LockCondition) timed out (identity=4, status=0). CPU may be pegged. trying again.
W/SharedBufferStack( 1650): waitForCondition(LockCondition) timed out (identity=4, status=0). CPU may be pegged. trying again.
I/wpa_supplicant(13545): Scan requested (ret=0) - scan timeout 30 seconds
W/SharedBufferStack( 1650): waitForCondition(LockCondition) timed out (identity=4, status=0). CPU may be pegged. trying again.
D/dalvikvm(15790): GC_EXPLICIT freed 2279 objects / 139896 bytes in 97ms
W/SharedBufferStack( 1650): waitForCondition(LockCondition) timed out (identity=4, status=0). CPU may be pegged. trying again.
I/wpa_supplicant(13545): got scan complete
I/wpa_supplicant(13545): wpa_supplicant_get_scan_results:return scan results2
I/wpa_supplicant(13545): AP:ssid[Waly-Salsero],rssi[-73],BSSID=00:25:9c:4d:1e:a8
I/wpa_supplicant(13545): Received 375 bytes of scan results (1 BSSes)
I/wpa_supplicant(13545): wpa_driver_wext_get_scan_results---
I/wpa_supplicant(13545): WPS-AP-AVAILABLE 
I/wpa_supplicant(13545): wpa_disabled_ssid_list_clear
I/wpa_supplicant(13545): No suitable AP found.
V/WifiMonitor( 1297): Event [WPS-AP-AVAILABLE ]
V/WifiMonitor( 1297): Event [wpa_disabled_ssid_list_clear]
W/SharedBufferStack( 1650): waitForCondition(LockCondition) timed out (identity=4, status=0). CPU may be pegged. trying again.
W/SharedBufferStack( 1650): waitForCondition(LockCondition) timed out (identity=4, status=0). CPU may be pegged. trying again.
W/SharedBufferStack( 1650): waitForCondition(LockCondition) timed out (identity=4, status=0). CPU may be pegged. trying again.
W/SharedBufferStack( 1650): waitForCondition(LockCondition) timed out (identity=4, status=0). CPU may be pegged. trying again.
W/SharedBufferStack( 1650): waitForCondition(LockCondition) timed out (identity=4, status=0). CPU may be pegged. trying again.
W/SharedBufferStack( 1650): waitForCondition(LockCondition) timed out (identity=4, status=0). CPU may be pegged. trying again.
W/SharedBufferStack( 1650): waitForCondition(LockCondition) timed out (identity=4, status=0). CPU may be pegged. trying again.
W/SharedBufferStack( 1650): waitForCondition(LockCondition) timed out (identity=4, status=0). CPU may be pegged. trying again.
W/SharedBufferStack( 1650): waitForCondition(LockCondition) timed out (identity=4, status=0). CPU may be pegged. trying again.
W/SharedBufferStack( 1650): waitForCondition(LockCondition) timed out (identity=4, status=0). CPU may be pegged. trying again.
W/SharedBufferStack( 1650): waitForCondition(LockCondition) timed out (identity=4, status=0). CPU may be pegged. trying again.
W/SharedBufferStack( 1650): waitForCondition(LockCondition) timed out (identity=4, status=0). CPU may be pegged. trying again.
D/dalvikvm(15773): GC_EXPLICIT freed 2305 objects / 85976 bytes in 88ms
W/SharedBufferStack( 1650): waitForCondition(LockCondition) timed out (identity=4, status=0). CPU may be pegged. trying again.
W/SharedBufferStack( 1650): waitForCondition(LockCondition) timed out (identity=4, status=0). CPU may be pegged. trying again.
W/SharedBufferStack( 1650): waitForCondition(LockCondition) timed out (identity=4, status=0). CPU may be pegged. trying again.
I/wpa_supplicant(13545): Scan requested (ret=0) - scan timeout 30 seconds
W/SharedBufferStack( 1650): waitForCondition(LockCondition) timed out (identity=4, status=0). CPU may be pegged. trying again.
I/wpa_supplicant(13545): got scan complete
I/wpa_supplicant(13545): wpa_supplicant_get_scan_results:return scan results2
I/wpa_supplicant(13545): AP:ssid[Waly-Salsero],rssi[-69],BSSID=00:25:9c:4d:1e:a8
I/wpa_supplicant(13545): Received 375 bytes of scan results (1 BSSes)
I/wpa_supplicant(13545): wpa_driver_wext_get_scan_results---
I/wpa_supplicant(13545): WPS-AP-AVAILABLE 
I/wpa_supplicant(13545): wpa_disabled_ssid_list_clear
I/wpa_supplicant(13545): No suitable AP found.
V/WifiMonitor( 1297): Event [WPS-AP-AVAILABLE ]
V/WifiMonitor( 1297): Event [wpa_disabled_ssid_list_clear]
D/LocationMasfClient( 1297): getNetworkLocation(): Returning cache location with accuracy 70.0
D/lib_locapi( 1297): loc_eng_inject_location, accuracy = 70.0
W/SharedBufferStack( 1650): waitForCondition(LockCondition) timed out (identity=4, status=0). CPU may be pegged. trying again.
W/SharedBufferStack( 1650): waitForCondition(LockCondition) timed out (identity=4, status=0). CPU may be pegged. trying again.
W/SharedBufferStack( 1650): waitForCondition(LockCondition) timed out (identity=4, status=0). CPU may be pegged. trying again.
W/SharedBufferStack( 1650): waitForCondition(LockCondition) timed out (identity=4, status=0). CPU may be pegged. trying again.
W/SharedBufferStack( 1650): waitForCondition(LockCondition) timed out (identity=4, status=0). CPU may be pegged. trying again.
W/SharedBufferStack( 1650): waitForCondition(LockCondition) timed out (identity=4, status=0). CPU may be pegged. trying again.
W/SharedBufferStack( 1650): waitForCondition(LockCondition) timed out (identity=4, status=0). CPU may be pegged. trying again.
W/SharedBufferStack( 1650): waitForCondition(LockCondition) timed out (identity=4, status=0). CPU may be pegged. trying again.
W/SharedBufferStack( 1650): waitForCondition(LockCondition) timed out (identity=4, status=0). CPU may be pegged. trying again.
W/SharedBufferStack( 1650): waitForCondition(LockCondition) timed out (identity=4, status=0). CPU may be pegged. trying again.
W/SharedBufferStack( 1650): waitForCondition(LockCondition) timed out (identity=4, status=0). CPU may be pegged. trying again.
W/SharedBufferStack( 1650): waitForCondition(LockCondition) timed out (identity=4, status=0). CPU may be pegged. trying again.
W/SharedBufferStack( 1650): waitForCondition(LockCondition) timed out (identity=4, status=0). CPU may be pegged. trying again.
W/SharedBufferStack( 1650): waitForCondition(LockCondition) timed out (identity=4, status=0). CPU may be pegged. trying again.
W/SharedBufferStack( 1650): waitForCondition(LockCondition) timed out (identity=4, status=0). CPU may be pegged. trying again.
I/wpa_supplicant(13545): Scan requested (ret=0) - scan timeout 30 seconds
W/SharedBufferStack( 1650): waitForCondition(LockCondition) timed out (identity=4, status=0). CPU may be pegged. trying again.
I/wpa_supplicant(13545): got scan complete
I/wpa_supplicant(13545): wpa_supplicant_get_scan_results:return scan results2
I/wpa_supplicant(13545): AP:ssid[Waly-Salsero],rssi[-74],BSSID=00:25:9c:4d:1e:a8
I/wpa_supplicant(13545): Received 375 bytes of scan results (1 BSSes)
I/wpa_supplicant(13545): wpa_driver_wext_get_scan_results---
I/wpa_supplicant(13545): WPS-AP-AVAILABLE 
I/wpa_supplicant(13545): wpa_disabled_ssid_list_clear
I/wpa_supplicant(13545): No suitable AP found.
V/WifiMonitor( 1297): Event [WPS-AP-AVAILABLE ]
V/WifiMonitor( 1297): Event [wpa_disabled_ssid_list_clear]
W/SharedBufferStack( 1650): waitForCondition(LockCondition) timed out (identity=4, status=0). CPU may be pegged. trying again.
W/SharedBufferStack( 1650): waitForCondition(LockCondition) timed out (identity=4, status=0). CPU may be pegged. trying again.
W/SharedBufferStack( 1650): waitForCondition(LockCondition) timed out (identity=4, status=0). CPU may be pegged. trying again.
W/SharedBufferStack( 1650): waitForCondition(LockCondition) timed out (identity=4, status=0). CPU may be pegged. trying again.
W/SharedBufferStack( 1650): waitForCondition(LockCondition) timed out (identity=4, status=0). CPU may be pegged. trying again.
W/SharedBufferStack( 1650): waitForCondition(LockCondition) timed out (identity=4, status=0). CPU may be pegged. trying again.
W/SharedBufferStack( 1650): waitForCondition(LockCondition) timed out (identity=4, status=0). CPU may be pegged. trying again.
W/SharedBufferStack( 1650): waitForCondition(LockCondition) timed out (identity=4, status=0). CPU may be pegged. trying again.
W/SharedBufferStack( 1650): waitForCondition(LockCondition) timed out (identity=4, status=0). CPU may be pegged. trying again.
D/NetworkLocationProvider( 1297): onDataConnectionStateChanged 3
D/TelephonyRegistry( 1297): notifyDataConnection() state=2isDataConnectivityPossible()true, reason=null
D/TelephonyRegistry( 1297): broadcastDataConnectionStateChanged()  state=CONNECTEDtypes=default,dun,supl, interfaceName=rmnet0
D/PendingMsgSendReceiverRegister( 1939): New state: 0
D/PendingMsgSendReceiverRegister( 1939): state in service
D/PendingMsgSendReceiverRegister( 1939): send HANDLER_SEND_QUEUED_MSG to mWorkingHandler
D/MobileDataStateTracker( 1297): replacing old mInterfaceName (rmnet0) with rmnet0 for hipri
D/MobileDataStateTracker( 1297): replacing old mInterfaceName (rmnet0) with rmnet0 for supl
D/MobileDataStateTracker( 1297): replacing old mInterfaceName (rmnet0) with rmnet0 for dun
D/MyHTC   ( 1771): ImmediateModeProxy LastInterval = 1080
D/MyHTC   ( 1771): ImmediateModeProxy Nop: LastInterval = 1080
D/MyHTC   ( 1771): ImmediateModeProxy _setMissedKeepaliveAlarm: offset = 1140000
D/WifiService( 1297): acquireWifiLockLocked: WifiLock{NetworkLocationProvider type=2 binder=android.os.Binder@47eacbe0}
D/WifiService( 1297): enable and start wifi due to updateWifiState
I/wpa_supplicant(13545): Scan requested (ret=0) - scan timeout 30 seconds
W/SharedBufferStack( 1650): waitForCondition(LockCondition) timed out (identity=4, status=0). CPU may be pegged. trying again.
I/wpa_supplicant(13545): got scan complete
I/wpa_supplicant(13545): wpa_supplicant_get_scan_results:return scan results2
I/wpa_supplicant(13545): AP:ssid[Waly-Salsero],rssi[-69],BSSID=00:25:9c:4d:1e:a8
I/wpa_supplicant(13545): Received 375 bytes of scan results (1 BSSes)
I/wpa_supplicant(13545): wpa_driver_wext_get_scan_results---
I/wpa_supplicant(13545): WPS-AP-AVAILABLE 
I/wpa_supplicant(13545): wpa_disabled_ssid_list_clear
I/wpa_supplicant(13545): No suitable AP found.
V/WifiMonitor( 1297): Event [WPS-AP-AVAILABLE ]
V/WifiMonitor( 1297): Event [wpa_disabled_ssid_list_clear]
W/SharedBufferStack( 1650): waitForCondition(LockCondition) timed out (identity=4, status=0). CPU may be pegged. trying again.
W/SharedBufferStack( 1650): waitForCondition(LockCondition) timed out (identity=4, status=0). CPU may be pegged. trying again.
D/PendingMsgSendReceiverRegister( 1939): Enter sendQueuedMessage
D/PendingMsgSendReceiverRegister( 1939): sendQueuedMessage, cursor not null and count: 0
W/SharedBufferStack( 1650): waitForCondition(LockCondition) timed out (identity=4, status=0). CPU may be pegged. trying again.
D/NetworkLocationProvider( 1297): onDataConnectionStateChanged 3
D/TelephonyRegistry( 1297): notifyDataConnection() state=2isDataConnectivityPossible()true, reason=null
D/TelephonyRegistry( 1297): broadcastDataConnectionStateChanged()  state=CONNECTEDtypes=default,dun,supl, interfaceName=rmnet0
D/MobileDataStateTracker( 1297): replacing old mInterfaceName (rmnet0) with rmnet0 for hipri
D/MobileDataStateTracker( 1297): replacing old mInterfaceName (rmnet0) with rmnet0 for supl
D/MobileDataStateTracker( 1297): replacing old mInterfaceName (rmnet0) with rmnet0 for dun
D/PendingMsgSendReceiverRegister( 1939): New state: 0
D/PendingMsgSendReceiverRegister( 1939): state in service
D/PendingMsgSendReceiverRegister( 1939): send HANDLER_SEND_QUEUED_MSG to mWorkingHandler
D/LocationMasfClient( 1297): getNetworkLocation(): Returning cache location with accuracy 70.0
D/lib_locapi( 1297): loc_eng_inject_location, accuracy = 70.0
D/dalvikvm(15769): GC_FOR_MALLOC freed 5696 objects / 502920 bytes in 33ms
W/SharedBufferStack( 1650): waitForCondition(LockCondition) timed out (identity=4, status=0). CPU may be pegged. trying again.
W/SharedBufferStack( 1650): waitForCondition(LockCondition) timed out (identity=4, status=0). CPU may be pegged. trying again.
W/SharedBufferStack( 1650): waitForCondition(LockCondition) timed out (identity=4, status=0). CPU may be pegged. trying again.
W/SharedBufferStack( 1650): waitForCondition(LockCondition) timed out (identity=4, status=0). CPU may be pegged. trying again.
W/SharedBufferStack( 1650): waitForCondition(LockCondition) timed out (identity=4, status=0). CPU may be pegged. trying again.
D/PendingMsgSendReceiverRegister( 1939): Enter sendQueuedMessage
D/dalvikvm( 1939): GC_EXPLICIT freed 4618 objects / 210160 bytes in 66ms
D/PendingMsgSendReceiverRegister( 1939): sendQueuedMessage, cursor not null and count: 0
D/WifiService( 1297): releaseWifiLockLocked: WifiLock{NetworkLocationProvider type=2 binder=android.os.Binder@47eacbe0}
D/WifiService( 1297): enable and start wifi due to updateWifiState
W/SharedBufferStack( 1650): waitForCondition(LockCondition) timed out (identity=4, status=0). CPU may be pegged. trying again.
W/SharedBufferStack( 1650): waitForCondition(LockCondition) timed out (identity=4, status=0). CPU may be pegged. trying again.
W/SharedBufferStack( 1650): waitForCondition(LockCondition) timed out (identity=4, status=0). CPU may be pegged. trying again.
W/SharedBufferStack( 1650): waitForCondition(LockCondition) timed out (identity=4, status=0). CPU may be pegged. trying again.
W/SharedBufferStack( 1650): waitForCondition(LockCondition) timed out (identity=4, status=0). CPU may be pegged. trying again.
D/dalvikvm( 1722): GC_EXPLICIT freed 137 objects / 5752 bytes in 103ms
I/wpa_supplicant(13545): Scan requested (ret=0) - scan timeout 30 seconds
W/SharedBufferStack( 1650): waitForCondition(LockCondition) timed out (identity=4, status=0). CPU may be pegged. trying again.
W/SharedBufferStack( 1650): waitForCondition(LockCondition) timed out (identity=4, status=0). CPU may be pegged. trying again.
I/wpa_supplicant(13545): got scan complete
I/wpa_supplicant(13545): wpa_supplicant_get_scan_results:return scan results2
I/wpa_supplicant(13545): AP:ssid[Waly-Salsero],rssi[-73],BSSID=00:25:9c:4d:1e:a8
I/wpa_supplicant(13545): Received 375 bytes of scan results (1 BSSes)
I/wpa_supplicant(13545): wpa_driver_wext_get_scan_results---
I/wpa_supplicant(13545): WPS-AP-AVAILABLE 
I/wpa_supplicant(13545): wpa_disabled_ssid_list_clear
I/wpa_supplicant(13545): No suitable AP found.
V/WifiMonitor( 1297): Event [WPS-AP-AVAILABLE ]
V/WifiMonitor( 1297): Event [wpa_disabled_ssid_list_clear]
W/SharedBufferStack( 1650): waitForCondition(LockCondition) timed out (identity=4, status=0). CPU may be pegged. trying again.
W/SharedBufferStack( 1650): waitForCondition(LockCondition) timed out (identity=4, status=0). CPU may be pegged. trying again.
W/SharedBufferStack( 1650): waitForCondition(LockCondition) timed out (identity=4, status=0). CPU may be pegged. trying again.
W/SharedBufferStack( 1650): waitForCondition(LockCondition) timed out (identity=4, status=0). CPU may be pegged. trying again.
W/SharedBufferStack( 1650): waitForCondition(LockCondition) timed out (identity=4, status=0). CPU may be pegged. trying again.
D/dalvikvm(15769): GC_EXPLICIT freed 2790 objects / 197912 bytes in 105ms
W/SharedBufferStack( 1650): waitForCondition(LockCondition) timed out (identity=4, status=0). CPU may be pegged. trying again.
W/SharedBufferStack( 1650): waitForCondition(LockCondition) timed out (identity=4, status=0). CPU may be pegged. trying again.
W/SharedBufferStack( 1650): waitForCondition(LockCondition) timed out (identity=4, status=0). CPU may be pegged. trying again.
W/SharedBufferStack( 1650): waitForCondition(LockCondition) timed out (identity=4, status=0). CPU may be pegged. trying again.
W/SharedBufferStack( 1650): waitForCondition(LockCondition) timed out (identity=4, status=0). CPU may be pegged. trying again.
W/SharedBufferStack( 1650): waitForCondition(LockCondition) timed out (identity=4, status=0). CPU may be pegged. trying again.
W/SharedBufferStack( 1650): waitForCondition(LockCondition) timed out (identity=4, status=0). CPU may be pegged. trying again.
W/SharedBufferStack( 1650): waitForCondition(LockCondition) timed out (identity=4, status=0). CPU may be pegged. trying again.
W/SharedBufferStack( 1650): waitForCondition(LockCondition) timed out (identity=4, status=0). CPU may be pegged. trying again.
W/SharedBufferStack( 1650): waitForCondition(LockCondition) timed out (identity=4, status=0). CPU may be pegged. trying again.
I/wpa_supplicant(13545): Scan requested (ret=0) - scan timeout 30 seconds
W/SharedBufferStack( 1650): waitForCondition(LockCondition) timed out (identity=4, status=0). CPU may be pegged. trying again.
I/wpa_supplicant(13545): got scan complete
I/wpa_supplicant(13545): wpa_supplicant_get_scan_results:return scan results2
I/wpa_supplicant(13545): AP:ssid[Waly-Salsero],rssi[-70],BSSID=00:25:9c:4d:1e:a8
I/wpa_supplicant(13545): Received 375 bytes of scan results (1 BSSes)
I/wpa_supplicant(13545): wpa_driver_wext_get_scan_results---
I/wpa_supplicant(13545): WPS-AP-AVAILABLE 
I/wpa_supplicant(13545): wpa_disabled_ssid_list_clear
I/wpa_supplicant(13545): No suitable AP found.
V/WifiMonitor( 1297): Event [WPS-AP-AVAILABLE ]
V/WifiMonitor( 1297): Event [wpa_disabled_ssid_list_clear]
D/LocationMasfClient( 1297): getNetworkLocation(): Returning cache location with accuracy 70.0
D/lib_locapi( 1297): loc_eng_inject_location, accuracy = 70.0
W/SharedBufferStack( 1650): waitForCondition(LockCondition) timed out (identity=4, status=0). CPU may be pegged. trying again.
W/SharedBufferStack( 1650): waitForCondition(LockCondition) timed out (identity=4, status=0). CPU may be pegged. trying again.
W/SharedBufferStack( 1650): waitForCondition(LockCondition) timed out (identity=4, status=0). CPU may be pegged. trying again.
W/SharedBufferStack( 1650): waitForCondition(LockCondition) timed out (identity=4, status=0). CPU may be pegged. trying again.
W/SharedBufferStack( 1650): waitForCondition(LockCondition) timed out (identity=4, status=0). CPU may be pegged. trying again.
W/SharedBufferStack( 1650): waitForCondition(LockCondition) timed out (identity=4, status=0). CPU may be pegged. trying again.
W/SharedBufferStack( 1650): waitForCondition(LockCondition) timed out (identity=4, status=0). CPU may be pegged. trying again.
W/SharedBufferStack( 1650): waitForCondition(LockCondition) timed out (identity=4, status=0). CPU may be pegged. trying again.
W/SharedBufferStack( 1650): waitForCondition(LockCondition) timed out (identity=4, status=0). CPU may be pegged. trying again.
W/SharedBufferStack( 1650): waitForCondition(LockCondition) timed out (identity=4, status=0). CPU may be pegged. trying again.
W/SharedBufferStack( 1650): waitForCondition(LockCondition) timed out (identity=4, status=0). CPU may be pegged. trying again.
W/SharedBufferStack( 1650): waitForCondition(LockCondition) timed out (identity=4, status=0). CPU may be pegged. trying again.
W/SharedBufferStack( 1650): waitForCondition(LockCondition) timed out (identity=4, status=0). CPU may be pegged. trying again.
W/SharedBufferStack( 1650): waitForCondition(LockCondition) timed out (identity=4, status=0). CPU may be pegged. trying again.
I/wpa_supplicant(13545): Scan requested (ret=0) - scan timeout 30 seconds
W/SharedBufferStack( 1650): waitForCondition(LockCondition) timed out (identity=4, status=0). CPU may be pegged. trying again.
I/wpa_supplicant(13545): got scan complete
I/wpa_supplicant(13545): wpa_supplicant_get_scan_results:return scan results2
I/wpa_supplicant(13545): AP:ssid[Waly-Salsero],rssi[-75],BSSID=00:25:9c:4d:1e:a8
I/wpa_supplicant(13545): Received 375 bytes of scan results (1 BSSes)
I/wpa_supplicant(13545): wpa_driver_wext_get_scan_results---
I/wpa_supplicant(13545): WPS-AP-AVAILABLE 
I/wpa_supplicant(13545): wpa_disabled_ssid_list_clear
I/wpa_supplicant(13545): No suitable AP found.
V/WifiMonitor( 1297): Event [WPS-AP-AVAILABLE ]
V/WifiMonitor( 1297): Event [wpa_disabled_ssid_list_clear]
W/SharedBufferStack( 1650): waitForCondition(LockCondition) timed out (identity=4, status=0). CPU may be pegged. trying again.
W/SharedBufferStack( 1650): waitForCondition(LockCondition) timed out (identity=4, status=0). CPU may be pegged. trying again.
W/SharedBufferStack( 1650): waitForCondition(LockCondition) timed out (identity=4, status=0). CPU may be pegged. trying again.
W/SharedBufferStack( 1650): waitForCondition(LockCondition) timed out (identity=4, status=0). CPU may be pegged. trying again.
W/SharedBufferStack( 1650): waitForCondition(LockCondition) timed out (identity=4, status=0). CPU may be pegged. trying again.
W/SharedBufferStack( 1650): waitForCondition(LockCondition) timed out (identity=4, status=0). CPU may be pegged. trying again.
W/SharedBufferStack( 1650): waitForCondition(LockCondition) timed out (identity=4, status=0). CPU may be pegged. trying again.
W/SharedBufferStack( 1650): waitForCondition(LockCondition) timed out (identity=4, status=0). CPU may be pegged. trying again.
W/SharedBufferStack( 1650): waitForCondition(LockCondition) timed out (identity=4, status=0). CPU may be pegged. trying again.
I/ActivityManager( 1297): Start proc com.google.android.apps.maps for service com.google.android.apps.maps/com.google.googlenav.prefetch.android.PrefetcherService: pid=15943 uid=10045 gids={3003, 1015}
D/dalvikvm(15943): GC_FOR_MALLOC freed 2105 objects / 148776 bytes in 27ms
I/ActivityThread(15943): Publishing provider com.google.android.maps.SearchHistoryProvider: com.google.googlenav.provider.SearchHistoryProvider
I/ActivityThread(15943): Publishing provider com.google.android.maps.SuggestionProvider: com.google.googlenav.suggest.android.SuggestProvider
I/ActivityThread(15943): Publishing provider com.google.android.maps.StarredItemProvider: com.google.googlenav.provider.StarredItemProvider
W/SharedBufferStack( 1650): waitForCondition(LockCondition) timed out (identity=4, status=0). CPU may be pegged. trying again.
D/dalvikvm(15943): GC_FOR_MALLOC freed 1937 objects / 137528 bytes in 31ms
I/ActivityThread(15943): Publishing provider com.google.android.maps.LayerInfoProvider: com.google.googlenav.layer.LayerInfoProvider
I/Database(15943): sqlite returned: error code = 0, msg = Recovered 5 frames from WAL file /data/data/com.google.android.apps.maps/databases/LayerInfo-wal
I/ActivityThread(15943): Publishing provider com.google.android.maps.LocalSuggestionProvider: com.google.googlenav.provider.LocalSuggestionProvider
I/ActivityThread(15943): Publishing provider com.google.android.maps.TrafficProvider: com.google.googlenav.appwidget.traffic.TrafficProvider
I/ActivityThread(15943): Publishing provider com.google.android.maps.NavigationAvailabilityProvider: com.google.googlenav.provider.NavigationAvailabilityProvider
D/dalvikvm(15773): GC_EXPLICIT freed 2305 objects / 86128 bytes in 35ms
D/dalvikvm(15943): GC_FOR_MALLOC freed 3206 objects / 266208 bytes in 35ms
D/WifiService( 1297): acquireWifiLockLocked: WifiLock{PrefetcherService type=1 binder=android.os.BinderProxy@47ea4fd0}
D/WifiService( 1297): enable and start wifi due to updateWifiState
D/WifiService( 1297): acquireWifiLockLocked: WifiLock{NetworkLocationProvider type=2 binder=android.os.Binder@47eacbe0}
D/WifiService( 1297): enable and start wifi due to updateWifiState
I/wpa_supplicant(13545): Scan requested (ret=0) - scan timeout 30 seconds
W/SharedBufferStack( 1650): waitForCondition(LockCondition) timed out (identity=4, status=0). CPU may be pegged. trying again.
I/wpa_supplicant(13545): got scan complete
I/wpa_supplicant(13545): wpa_supplicant_get_scan_results:return scan results2
I/wpa_supplicant(13545): AP:ssid[Waly-Salsero],rssi[-74],BSSID=00:25:9c:4d:1e:a8
I/wpa_supplicant(13545): Received 375 bytes of scan results (1 BSSes)
I/wpa_supplicant(13545): wpa_driver_wext_get_scan_results---
I/wpa_supplicant(13545): WPS-AP-AVAILABLE 
I/wpa_supplicant(13545): wpa_disabled_ssid_list_clear
I/wpa_supplicant(13545): No suitable AP found.
V/WifiMonitor( 1297): Event [WPS-AP-AVAILABLE ]
V/WifiMonitor( 1297): Event [wpa_disabled_ssid_list_clear]
W/SharedBufferStack( 1650): waitForCondition(LockCondition) timed out (identity=4, status=0). CPU may be pegged. trying again.
D/AndroidRuntime(15961): 
D/AndroidRuntime(15961): >>>>>>>>>>>>>> AndroidRuntime START <<<<<<<<<<<<<<
D/AndroidRuntime(15961): CheckJNI is OFF
D/dalvikvm(15961): creating instr width table
D/AndroidRuntime(15961): --- registering native functions ---
I/ActivityManager( 1297): Starting activity: Intent { act=android.intent.action.MAIN flg=0x10000000 cmp=com.kingvidbina.test/.Main }
I/[POST_RESELECT]( 1679): [spanChange] (o, oldStart, newStart, oldEnd, newEnd)=(android.text.Selection$START@400f7f80,-1,0,-1,0)
I/[POST_RESELECT]( 1679): [spanChange] (o, oldStart, newStart, oldEnd, newEnd)=(android.text.Selection$END@40121ac0,-1,0,-1,0)
D/AndroidRuntime(15961): Shutting down VM
D/jdwp    (15961): adbd disconnected
I/ActivityManager( 1297): Start proc com.kingvidbina.test for activity com.kingvidbina.test/.Main: pid=15969 uid=10261 gids={1006, 1015}
I/AndroidRuntime(15961): NOTE: attach of thread 'Binder Thread #3' failed
D/Sensors ( 1297): M-Sensor status 32767
D/Sensors ( 1297): open_akm, fd=134
D/AK8975  ( 1220): Compass Start
V/Test    (15969): onCreate app
V/Test    (15969): inflation complete
I/ActivityManager( 1297): Displayed activity com.kingvidbina.test/.Main: 181 ms (total 181 ms)
V/WindowManager( 1297): Remove Window{480fbc50 Starting com.kingvidbina.test paused=false}: mSurface=Surface(name=Starting com.kingvidbina.test, identity=405) mExiting=false isAnimating=false app-animation=null inPendingTransaction=false mDisplayFrozen=false
E/WindowManager( 1297): return in removeWindowLocked
W/SharedBufferStack( 1650): waitForCondition(LockCondition) timed out (identity=4, status=0). CPU may be pegged. trying again.
W/SharedBufferStack( 1650): waitForCondition(LockCondition) timed out (identity=4, status=0). CPU may be pegged. trying again.
D/LocationMasfClient( 1297): getNetworkLocation(): Returning cache location with accuracy 70.0
D/lib_locapi( 1297): loc_eng_inject_location, accuracy = 70.0
W/SharedBufferStack( 1650): waitForCondition(LockCondition) timed out (identity=4, status=0). CPU may be pegged. trying again.
W/SharedBufferStack( 1650): waitForCondition(LockCondition) timed out (identity=4, status=0). CPU may be pegged. trying again.
W/SharedBufferStack( 1650): waitForCondition(LockCondition) timed out (identity=4, status=0). CPU may be pegged. trying again.
V/Test    (15969): startCam
I/ActivityManager( 1297): Starting activity: Intent { cmp=com.kingvidbina.test/.Cam }
V/Test    (15969): app paused
V/Test    (15969): onCreate activity:Cam
V/Test    (15969): activity:Cam - inflate exception: android.view.InflateException: Binary XML file line #11: Error inflating class com.kingvidbina.test.ScopeView
V/Test    (15969): com.kingvidbina.test.Cam@476c9f58
V/Test    (15969): Camera init complete
V/Test    (15969): AsyncTask:InitCamera started
W/CameraSwitch(15969): open main camera
W/CameraSwitch(15969): no file - can't switch camera
D/CameraService( 1215): CameraService::connect E (pid 15969, client 0x45580)
D/CameraService( 1215): Client::Client E (pid 15969)
D/QualcommCameraHardware( 1215): createInstance: E
D/QualcommCameraHardware( 1215):  Storing the current target type as 2 
D/QualcommCameraHardware( 1215): constructor EX
D/QualcommCameraHardware( 1215): startCamera E
I/ActivityManager( 1297): Displayed activity com.kingvidbina.test/.Cam: 93 ms (total 93 ms)
D/QualcommCameraHardware( 1215): loading liboemcamera at 0xb001140c
I/QualcommCameraHardware( 1215): Set main cam and main cam only
I/        ( 1215): set sensor selection :0
I/QualcommCameraHardware( 1215): Open Device node : /dev/msm_camera/control0
I/        ( 1215): Open Device node : /dev/msm_camera/config0 
I/        ( 1215): [AWB Calibration] from kernel: fuse_id: 0x0, 0x0, 0x4, 0xa076f6
I/mm-camera-s5k3h1gx_u( 1215): Inside s5k3h1gx_process_start 
I/        ( 1215): [LSC Calibration]Sensor_set_mesh
I/        ( 1215): [LSC Calibration] : call awb_get_fuseid
I/        ( 1215): Read /data/lsc_cal fail
I/        ( 1215): Read from file OK: /data/lsc_cal or /sys/android_camera_awb_cal/awb_cal
I/        ( 1215): [LSC Calibration]: lsc_checksum=b51aa87, lsc_verify=c1b
I/        ( 1215): [LSC Calibration]: fuseid_1=0,fuseid_2=0,fuseid_3=4,fuseid_4=a076f6, sfuse.fuse_id_word1=0,sfuse.fuse_id_word2=0,sfuse.fuse_id_word3=4,sfuse.fuse_id_word4=a076f6
I/        ( 1215): LSC_Calibration: 	addr=a777b36c, & addr=a777b36c
I/        ( 1215): LSC_Calibration: 	addr=a777c140, & addr=a777c140
I/        ( 1215): LSC_Calibration: 	addr=a777cf14, & addr=a777cf14
I/        ( 1215): LSC_Calibration: 	addr=a777dce8, & addr=a777dce8
I/        ( 1215): LSC_Calibration: 	addr=a777eabc, & addr=a777eabc
I/mm-camera-s5k3h1gx_u( 1215): s5k3h1gx_process_start: [LSC Calibration] LSC is valid and set NEW mesh value
I/        ( 1215): [AWB Calibration] fuse_id : 0x0, 0x0, 0x4, 0xa076f6
I/        ( 1215): [AWB Calibration] fail to read /data/awb_cal, try another file
I/        ( 1215): [AWB Calibration] read from file OK: /sys/android_camera_awb_cal/awb_cal
I/        ( 1215): [AWB Calibration] nandflash data: 0xc1b, 0x30b, 0x297, 0x0, 0x0, 0x4, 0xa076f6, 0x8ce08b9a
I/        ( 1215): [AWB Calibration] check sum=8ce08b9a, OK
I/        ( 1215): [AWB Calibration] valid bit and fuseID pass, use new white points
I/        ( 1215): [AWB Calibration] use light version: v3
I/mm-camera-s5k3h1gx_u( 1215): s5k3h1gx_register: table = 0xa77a9708
I/mm-camera-s5k3h1gx_u( 1215): get snapshot size pointer:0xa7722fd5
D/        ( 1215): sensor_led_ctrl_init: camfd = 25
I/QualcommCameraHardware( 1215): startCamera: camsensor name s5k3h1gx, flash 1
I/        ( 1215): sctrl:0xa77a8b70
I/        ( 1215): sctrl->fn_table:0xa7723a69
I/        ( 1215): sctrl->fn_table.get_snapshot_sizes:0xa7722fd5
I/mm-camera-s5k3h1gx_u( 1215): get table
D/QualcommCameraHardware( 1215): startCamera X
D/QualcommCameraHardware( 1215): loading libposteffect at 0xb001186c
D/QualcommCameraHardware( 1215): static android::sp<android::CameraHardwareInterface> android::QualcommCameraHardware::createInstance(): start GPU manager (0).
D/QualcommCameraHardware( 1215): initDefaultParameters E
D/QualcommCameraHardware( 1215): product 9
D/QualcommCameraHardware( 1215): native_access_parm: fd 18, type 1, length 32
D/GPUPostEffect( 1215): SIMON: void* mlabs::GPUPostEffect::threadMain() E.
I/GEManager( 1215): [GEManager] enter
D/GEManager( 1215): [GEManager] m_eglDisplay successfully
E/QualcommCameraHardware( 1215): native_access_parm: error (No such file or directory): fd 18, type 1, length 32, status 0
D/QualcommCameraHardware( 1215): native_access_parm: fd 18, type 68, length 4
D/QualcommCameraHardware( 1215): native_access_parm: fd 18, type 69, length 4
D/QualcommCameraHardware( 1215): native_access_parm: fd 18, type 70, length 4
D/QualcommCameraHardware( 1215): preview width=1640 preview height=1232
D/QualcommCameraHardware( 1215): panel width=800 panel height=480
D/QualcommCameraHardware( 1215): max_zoom=31 zoom_available=31.068716
D/QualcommCameraHardware( 1215): requested preview size 640 x 480
D/QualcommCameraHardware( 1215): requested picture size 3264 x 2448
D/QualcommCameraHardware( 1215): value:20404, country value:204, country code:204
D/QualcommCameraHardware( 1215): native_access_parm: fd 18, type 21, length 4
D/QualcommCameraHardware( 1215): native_access_parm: fd 18, type 15, length 4
D/QualcommCameraHardware( 1215): native_access_parm: fd 18, type 14, length 4
D/QualcommCameraHardware( 1215): setFlash 0
D/QualcommCameraHardware( 1215): native_access_parm: fd 18, type 49, length 4
D/        ( 1215): In config_proc_CAMERA_SET_PARM_LED_MODE: 0
D/        ( 1215): set_led_mode = 0, led_ctrl_p->led_mode = 0
I/QualcommCameraHardware( 1215): Set zoom=0 30
D/QualcommCameraHardware( 1215): native_access_parm: fd 18, type 2, length 4
I/QualcommCameraHardware( 1215): Setting Contrast is 5
D/QualcommCameraHardware( 1215): native_access_parm: fd 18, type 6, length 4
I/QualcommCameraHardware( 1215): Setting Brightness is 3
D/QualcommCameraHardware( 1215): native_access_parm: fd 18, type 7, length 4
I/QualcommCameraHardware( 1215): Setting Saturation is 5
D/QualcommCameraHardware( 1215): native_access_parm: fd 18, type 11, length 4
I/QualcommCameraHardware( 1215): Setting Sharpness is 10
D/QualcommCameraHardware( 1215): native_access_parm: fd 18, type 9, length 4
D/QualcommCameraHardware( 1215): native_access_parm: fd 18, type 12, length 4
I/QualcommCameraHardware( 1215): xxx set CAF :0
D/QualcommCameraHardware( 1215): native_access_parm: fd 18, type 65, length 4
D/QualcommCameraHardware( 1215): not defined touch-focus yet, or AP without touch-focus function
I/QualcommCameraHardware( 1215): Before Setting coordinate x:320 y:240
I/QualcommCameraHardware( 1215): Setting coordinate x:2 y:2
D/QualcommCameraHardware( 1215): native_access_parm: fd 18, type 64, length 4
D/QualcommCameraHardware( 1215): native_access_parm: fd 18, type 73, length 18
D/QualcommCameraHardware( 1215): native_access_parm: fd 18, type 26, length 4
D/QualcommCameraHardware( 1215): native_access_parm: fd 18, type 62, length 4
D/QualcommCameraHardware( 1215): native_access_parm: fd 18, type 8, length 4
D/QualcommCameraHardware( 1215): virtual android::status_t android::QualcommCameraHardware::setParameters(const android::CameraParameters&), final_rc=0
D/        ( 1215): [GECameraParameters::getGPUEffect] enter
D/        ( 1215): [GECameraParameters::getGPUEffect] leave. no key GPU-effect
D/        ( 1215): [GECameraParameters::getGPUEffectParam] leave. no key GE-param0
D/        ( 1215): [GECameraParameters::getGPUEffectParam] leave. no key GE-param1
D/        ( 1215): [GECameraParameters::getGPUEffectParam] leave. no key GE-param3
D/GEManager( 1215): [GEManager] eglInitialize successfully
D/GEManager( 1215): [GEManager] eglChooseConfig successfully
D/GEManager( 1215): [GEManager] eglCreateContext successfully
D/GEManager( 1215): [GEManager] eglCreatePbufferSurface successfully
D/GEManager( 1215): [GEManager] eglMakeCurrent successfully
I/GEManager( 1215): [GEManager] leave
I/GPUPostEffect( 1215): SIMON: int mlabs::GPUPostEffect::setParameters(mlabs::GPUPostEffect::GPUTask*): old effect = 0, new effect = -1.
D/GPUPostEffect( 1215): SIMON: setParameters: isGEInit == false: no call to ChooseEffect.
D/QualcommCameraHardware( 1215): initDefaultParameters X
D/QualcommCameraHardware( 1215): createInstance: X created hardware=0x35820
D/MediaPlayerService( 1215): player type = VORBIS_PLAYER
D/MediaPlayerService( 1215): player type = VORBIS_PLAYER
D/CameraService( 1215): Client::Client X (pid 15969)
D/CameraService( 1215): CameraService::connect X
V/Test    (15969): pic.format: 256
V/Test    (15969): pic.size: w:3264 h:2448
V/Test    (15969): preview.format: 17
V/Test    (15969): preview.fps: 15
V/Test    (15969): preview.size: w:640 h:640
V/Test    (15969): post AsyncTask:InitCamera
V/Test    (15969): com.kingvidbina.test.Cam$InitCamera@476cea60
V/Test    (15969): setView
V/Test    (15969): cam: android.hardware.Camera@476d0920
V/Test    (15969): scope exception: java.lang.NullPointerException
W/SharedBufferStack( 1650): waitForCondition(LockCondition) timed out (identity=4, status=0). CPU may be pegged. trying again.
D/WifiService( 1297): releaseWifiLockLocked: WifiLock{NetworkLocationProvider type=2 binder=android.os.Binder@47eacbe0}
D/WifiService( 1297): enable and start wifi due to updateWifiState
W/SharedBufferStack( 1650): waitForCondition(LockCondition) timed out (identity=4, status=0). CPU may be pegged. trying again.
W/SharedBufferStack( 1650): waitForCondition(LockCondition) timed out (identity=4, status=0). CPU may be pegged. trying again.
D/skia    ( 1679): purging 343K from font cache [40 entries]
D/dalvikvm( 1679): GC_EXPLICIT freed 34181 objects / 1276120 bytes in 82ms
W/SharedBufferStack( 1650): waitForCondition(LockCondition) timed out (identity=4, status=0). CPU may be pegged. trying again.
W/SharedBufferStack( 1650): waitForCondition(LockCondition) timed out (identity=4, status=0). CPU may be pegged. trying again.
W/SharedBufferStack( 1650): waitForCondition(LockCondition) timed out (identity=4, status=0). CPU may be pegged. trying again.
W/SharedBufferStack( 1650): waitForCondition(LockCondition) timed out (identity=4, status=0). CPU may be pegged. trying again.
I/wpa_supplicant(13545): Scan requested (ret=0) - scan timeout 30 seconds
W/SharedBufferStack( 1650): waitForCondition(LockCondition) timed out (identity=4, status=0). CPU may be pegged. trying again.
W/SharedBufferStack( 1650): waitForCondition(LockCondition) timed out (identity=4, status=0). CPU may be pegged. trying again.
I/wpa_supplicant(13545): got scan complete
I/wpa_supplicant(13545): wpa_supplicant_get_scan_results:return scan results2
I/wpa_supplicant(13545): AP:ssid[Waly-Salsero],rssi[-74],BSSID=00:25:9c:4d:1e:a8
I/wpa_supplicant(13545): Received 375 bytes of scan results (1 BSSes)
I/wpa_supplicant(13545): wpa_driver_wext_get_scan_results---
I/wpa_supplicant(13545): WPS-AP-AVAILABLE 
I/wpa_supplicant(13545): wpa_disabled_ssid_list_clear
I/wpa_supplicant(13545): No suitable AP found.
V/WifiMonitor( 1297): Event [WPS-AP-AVAILABLE ]
V/WifiMonitor( 1297): Event [wpa_disabled_ssid_list_clear]
W/SharedBufferStack( 1650): waitForCondition(LockCondition) timed out (identity=4, status=0). CPU may be pegged. trying again.
W/SharedBufferStack( 1650): waitForCondition(LockCondition) timed out (identity=4, status=0). CPU may be pegged. trying again.
D/WifiService( 1297): releaseWifiLockLocked: WifiLock{PrefetcherService type=1 binder=android.os.BinderProxy@47ea4fd0}
D/WifiService( 1297): enable and start wifi due to updateWifiState
W/SharedBufferStack( 1650): waitForCondition(LockCondition) timed out (identity=4, status=0). CPU may be pegged. trying again.
W/SharedBufferStack( 1650): waitForCondition(LockCondition) timed out (identity=4, status=0). CPU may be pegged. trying again.
W/SharedBufferStack( 1650): waitForCondition(LockCondition) timed out (identity=4, status=0). CPU may be pegged. trying again.
D/dalvikvm(15790): GC_EXPLICIT freed 2279 objects / 139968 bytes in 28ms
W/SharedBufferStack( 1650): waitForCondition(LockCondition) timed out (identity=4, status=0). CPU may be pegged. trying again.
W/SharedBufferStack( 1650): waitForCondition(LockCondition) timed out (identity=4, status=0). CPU may be pegged. trying again.
W/SharedBufferStack( 1650): waitForCondition(LockCondition) timed out (identity=4, status=0). CPU may be pegged. trying again.
W/SharedBufferStack( 1650): waitForCondition(LockCondition) timed out (identity=4, status=0). CPU may be pegged. trying again.
W/SharedBufferStack( 1650): waitForCondition(LockCondition) timed out (identity=4, status=0). CPU may be pegged. trying again.
W/SharedBufferStack( 1650): waitForCondition(LockCondition) timed out (identity=4, status=0). CPU may be pegged. trying again.
W/SharedBufferStack( 1650): waitForCondition(LockCondition) timed out (identity=4, status=0). CPU may be pegged. trying again.
W/SharedBufferStack( 1650): waitForCondition(LockCondition) timed out (identity=4, status=0). CPU may be pegged. trying again.
W/SharedBufferStack( 1650): waitForCondition(LockCondition) timed out (identity=4, status=0). CPU may be pegged. trying again.
I/wpa_supplicant(13545): Scan requested (ret=0) - scan timeout 30 seconds
W/SharedBufferStack( 1650): waitForCondition(LockCondition) timed out (identity=4, status=0). CPU may be pegged. trying again.
I/wpa_supplicant(13545): got scan complete
I/wpa_supplicant(13545): wpa_supplicant_get_scan_results:return scan results2
I/wpa_supplicant(13545): AP:ssid[Waly-Salsero],rssi[-70],BSSID=00:25:9c:4d:1e:a8
I/wpa_supplicant(13545): Received 375 bytes of scan results (1 BSSes)
I/wpa_supplicant(13545): wpa_driver_wext_get_scan_results---
I/wpa_supplicant(13545): WPS-AP-AVAILABLE 
I/wpa_supplicant(13545): wpa_disabled_ssid_list_clear
I/wpa_supplicant(13545): No suitable AP found.
V/WifiMonitor( 1297): Event [WPS-AP-AVAILABLE ]
V/WifiMonitor( 1297): Event [wpa_disabled_ssid_list_clear]
D/LocationMasfClient( 1297): getNetworkLocation(): Returning cache location with accuracy 70.0
D/lib_locapi( 1297): loc_eng_inject_location, accuracy = 70.0
D/dalvikvm(15769): GC_FOR_MALLOC freed 4574 objects / 445264 bytes in 35ms
V/SyncManager( 1297): runstateidle: nonHTCActiveCount++ :1
W/SharedBufferStack( 1650): waitForCondition(LockCondition) timed out (identity=4, status=0). CPU may be pegged. trying again.
D/NetworkLocationProvider( 1297): onDataConnectionStateChanged 3
D/TelephonyRegistry( 1297): notifyDataConnection() state=2isDataConnectivityPossible()true, reason=null
D/TelephonyRegistry( 1297): broadcastDataConnectionStateChanged()  state=CONNECTEDtypes=default,dun,supl, interfaceName=rmnet0
D/PendingMsgSendReceiverRegister( 1939): New state: 0
D/MobileDataStateTracker( 1297): replacing old mInterfaceName (rmnet0) with rmnet0 for hipri
D/MobileDataStateTracker( 1297): replacing old mInterfaceName (rmnet0) with rmnet0 for supl
D/MobileDataStateTracker( 1297): replacing old mInterfaceName (rmnet0) with rmnet0 for dun
D/PendingMsgSendReceiverRegister( 1939): state in service
D/PendingMsgSendReceiverRegister( 1939): send HANDLER_SEND_QUEUED_MSG to mWorkingHandler
