D/WifiService( 1303): enable and start wifi due to updateWifiState
D/WifiService( 1303): acquireWifiLockLocked: WifiLock{NetworkLocationProvider type=2 binder=android.os.Binder@47ebd008}
D/WifiService( 1303): enable and start wifi due to updateWifiState
D/WifiService( 1303): releaseWifiLockLocked: WifiLock{NetworkLocationProvider type=2 binder=android.os.Binder@47ebd008}
D/WifiService( 1303): enable and start wifi due to updateWifiState
D/WifiService( 1303): acquireWifiLockLocked: WifiLock{NetworkLocationProvider type=2 binder=android.os.Binder@47ebd008}
D/WifiService( 1303): enable and start wifi due to updateWifiState
D/WifiService( 1303): releaseWifiLockLocked: WifiLock{NetworkLocationProvider type=2 binder=android.os.Binder@47ebd008}
D/WifiService( 1303): enable and start wifi due to updateWifiState
D/WifiService( 1303): acquireWifiLockLocked: WifiLock{NetworkLocationProvider type=2 binder=android.os.Binder@47ebd008}
D/WifiService( 1303): enable and start wifi due to updateWifiState
D/WifiService( 1303): releaseWifiLockLocked: WifiLock{NetworkLocationProvider type=2 binder=android.os.Binder@47ebd008}
D/WifiService( 1303): enable and start wifi due to updateWifiState
D/WifiService( 1303): acquireWifiLockLocked: WifiLock{PrefetcherService type=1 binder=android.os.BinderProxy@480d5650}
D/WifiService( 1303): enable and start wifi due to updateWifiState
D/WifiService( 1303): acquireWifiLockLocked: WifiLock{NetworkLocationProvider type=2 binder=android.os.Binder@47ebd008}
D/WifiService( 1303): enable and start wifi due to updateWifiState
D/WifiService( 1303): releaseWifiLockLocked: WifiLock{NetworkLocationProvider type=2 binder=android.os.Binder@47ebd008}
D/WifiService( 1303): enable and start wifi due to updateWifiState
D/WifiService( 1303): releaseWifiLockLocked: WifiLock{PrefetcherService type=1 binder=android.os.BinderProxy@480d5650}
D/WifiService( 1303): enable and start wifi due to updateWifiState
D/WifiService( 1303): acquireWifiLockLocked: WifiLock{NetworkLocationProvider type=2 binder=android.os.Binder@47ebd008}
D/WifiService( 1303): enable and start wifi due to updateWifiState
D/WifiService( 1303): releaseWifiLockLocked: WifiLock{NetworkLocationProvider type=2 binder=android.os.Binder@47ebd008}
D/WifiService( 1303): enable and start wifi due to updateWifiState
D/WifiService( 1303): acquireWifiLockLocked: WifiLock{NetworkLocationProvider type=2 binder=android.os.Binder@47ebd008}
D/WifiService( 1303): enable and start wifi due to updateWifiState
D/WifiService( 1303): releaseWifiLockLocked: WifiLock{NetworkLocationProvider type=2 binder=android.os.Binder@47ebd008}
D/WifiService( 1303): enable and start wifi due to updateWifiState
D/WifiService( 1303): acquireWifiLockLocked: WifiLock{NetworkLocationProvider type=2 binder=android.os.Binder@47ebd008}
D/WifiService( 1303): enable and start wifi due to updateWifiState
D/WifiService( 1303): releaseWifiLockLocked: WifiLock{NetworkLocationProvider type=2 binder=android.os.Binder@47ebd008}
D/WifiService( 1303): enable and start wifi due to updateWifiState
D/WifiService( 1303): acquireWifiLockLocked: WifiLock{NetworkLocationProvider type=2 binder=android.os.Binder@47ebd008}
D/WifiService( 1303): enable and start wifi due to updateWifiState
D/WifiService( 1303): releaseWifiLockLocked: WifiLock{NetworkLocationProvider type=2 binder=android.os.Binder@47ebd008}
D/WifiService( 1303): enable and start wifi due to updateWifiState
D/WifiService( 1303): acquireWifiLockLocked: WifiLock{NetworkLocationProvider type=2 binder=android.os.Binder@47ebd008}
D/WifiService( 1303): enable and start wifi due to updateWifiState
D/WifiService( 1303): releaseWifiLockLocked: WifiLock{NetworkLocationProvider type=2 binder=android.os.Binder@47ebd008}
D/WifiService( 1303): enable and start wifi due to updateWifiState
D/WifiService( 1303): acquireWifiLockLocked: WifiLock{NetworkLocationProvider type=2 binder=android.os.Binder@47ebd008}
D/WifiService( 1303): enable and start wifi due to updateWifiState
D/WifiService( 1303): releaseWifiLockLocked: WifiLock{NetworkLocationProvider type=2 binder=android.os.Binder@47ebd008}
D/WifiService( 1303): enable and start wifi due to updateWifiState
D/WifiService( 1303): acquireWifiLockLocked: WifiLock{NetworkLocationProvider type=2 binder=android.os.Binder@47ebd008}
D/WifiService( 1303): enable and start wifi due to updateWifiState
D/WifiService( 1303): releaseWifiLockLocked: WifiLock{NetworkLocationProvider type=2 binder=android.os.Binder@47ebd008}
D/WifiService( 1303): enable and start wifi due to updateWifiState
D/WifiService( 1303): acquireWifiLockLocked: WifiLock{NetworkLocationProvider type=2 binder=android.os.Binder@47ebd008}
D/WifiService( 1303): enable and start wifi due to updateWifiState
D/WifiService( 1303): releaseWifiLockLocked: WifiLock{NetworkLocationProvider type=2 binder=android.os.Binder@47ebd008}
D/WifiService( 1303): enable and start wifi due to updateWifiState
D/WifiService( 1303): acquireWifiLockLocked: WifiLock{NetworkLocationProvider type=2 binder=android.os.Binder@47ebd008}
D/WifiService( 1303): enable and start wifi due to updateWifiState
D/WifiService( 1303): releaseWifiLockLocked: WifiLock{NetworkLocationProvider type=2 binder=android.os.Binder@47ebd008}
D/WifiService( 1303): enable and start wifi due to updateWifiState
D/WifiService( 1303): acquireWifiLockLocked: WifiLock{NetworkLocationProvider type=2 binder=android.os.Binder@47ebd008}
D/WifiService( 1303): enable and start wifi due to updateWifiState
D/WifiService( 1303): releaseWifiLockLocked: WifiLock{NetworkLocationProvider type=2 binder=android.os.Binder@47ebd008}
D/WifiService( 1303): enable and start wifi due to updateWifiState
D/InputManagerService( 1303): Starting input on non-focused client com.android.internal.view.IInputMethodClient$Stub$Proxy@48000138 (uid=10046 pid=1985)
I/InputManagerService( 1303): Receive : Intent.ACTION_SCREEN_ON
I/InputManagerService( 1303): Enable input method client.
D/WifiService( 1303): ACTION_SCREEN_ON
D/WifiService( 1303): cancelling DHCP renew timer
D/WifiService( 1303): enable and start wifi due to updateWifiState
D/ConnectivityService( 1303): getMobileDataEnabled returning true
D/ConnectivityService( 1303): getMobileDataEnabled returning true
D/ConnectivityService( 1303): getMobileDataEnabled returning true
E/touch   ( 1303): dump windows for ace freeze ========
E/touch   ( 1303): Window{47d85720 Keyguard paused=false}
E/touch   ( 1303): Window{47aacf58 StatusBar paused=false}
E/touch   ( 1303): Window{47eeb628 com.android.internal.service.wallpaper.ImageWallpaper paused=false}
E/touch   ( 1303): Window{47e792b0 StatusBarExpanded paused=false}
E/touch   ( 1303): Window{47b06318 TrackingView paused=false}
E/touch   ( 1303): Window{47dc6788 com.htc.searchanywhere/com.htc.searchanywhere.SearchActivity paused=false}
E/touch   ( 1303): Window{47ee06d0 com.htc.launcher/com.htc.launcher.Launcher paused=false}
E/touch   ( 1303): Window{47e12eb8 com.htc.music/com.htc.music.HtcMusic paused=false}
E/touch   ( 1303): Window{47e9fe90 SurfaceView paused=false}
E/touch   ( 1303): Window{47d21938 com.google.android.gm/com.google.android.gm.ConversationListActivity paused=false}
E/touch   ( 1303): Window{481acfb8 com.android.htcdialer/com.android.htcdialer.Dialer paused=false}
E/touch   ( 1303): Window{481a7980 com.android.htccontacts/com.android.htccontacts.BrowseLayerCarouselActivity paused=false}
E/touch   ( 1303): Window{47d1bb18 com.android.camera/com.android.camera.CameraEntry paused=false}
E/touch   ( 1303): Window{47ede698 SurfaceView paused=false}
E/touch   ( 1303): Window{479d9640 com.android.phone/com.android.phone.InCallScreen paused=false}
E/touch   ( 1303): Window{47ef4430 InputMethod paused=false}
E/touch   ( 1303): Window{47fe6cc0 mobi.mgeek.TunnyBrowser/mobi.mgeek.TunnyBrowser.BrowserActivity paused=false}
E/touch   ( 1303): End dump windows for ace freeze
E/touch   ( 1303): Checking dispatch to: Window{47d85720 Keyguard paused=false}
E/touch   ( 1303): Using this target!
E/touch   ( 1303): target is Window{47d85720 Keyguard paused=false}
E/touch   ( 1303): target is Window{47d85720 Keyguard paused=false}
E/touch   ( 1303): target is Window{47d85720 Keyguard paused=false}
E/touch   ( 1303): target is Window{47d85720 Keyguard paused=false}
E/touch   ( 1303): target is Window{47d85720 Keyguard paused=false}
D/InputManagerService( 1303): Starting input on non-focused client android.view.inputmethod.InputMethodManager$1@47afc630 (uid=1000 pid=1303)
D/InputManagerService( 1303): Starting input on non-focused client android.view.inputmethod.InputMethodManager$1@47afc630 (uid=1000 pid=1303)
D/InputManagerService( 1303): Window already focused, ignoring focus gain of: com.android.internal.view.IInputMethodClient$Stub$Proxy@47e12ca0
D/WifiService( 1303): acquireWifiLockLocked: WifiLock{NetworkLocationProvider type=2 binder=android.os.Binder@47ebd008}
D/WifiService( 1303): enable and start wifi due to updateWifiState
V/NotificationService( 1303): Battery Full, Charging
V/NotificationService( 1303): Battery Full, Charging
I/ActivityManager( 1303): Starting activity: Intent { act=android.intent.action.MAIN flg=0x10100000 cmp=com.kingvidbina.test/.Main }
I/ActivityManager( 1303): Start proc com.kingvidbina.test for activity com.kingvidbina.test/.Main: pid=11259 uid=10261 gids={1006, 1015}
V/WindowManager( 1303): Remove Window{47ef30a0 Starting com.kingvidbina.test paused=false}: mSurface=Surface(name=Starting com.kingvidbina.test, identity=539) mExiting=false isAnimating=false app-animation=null inPendingTransaction=false mDisplayFrozen=false
E/WindowManager( 1303): return in removeWindowLocked
D/TelephonyRegistry( 1303): notifyDataConnection() state=2isDataConnectivityPossible()true, reason=null
D/TelephonyRegistry( 1303): broadcastDataConnectionStateChanged()  state=CONNECTEDtypes=default,dun,supl, interfaceName=rmnet0
I/ActivityManager( 1303): Starting activity: Intent { cmp=com.kingvidbina.test/.Cam }
I/WindowManager( 1303): Setting rotation to 1, animFlags=0
I/ActivityManager( 1303): Config changed: { scale=1.0 imsi=204/4 loc=en_NL touch=3 keys=1/1/2 nav=1/1 orien=2 layout=34 uiMode=17 seq=26 skin=com.htc.skin.Slate}
I/UsageStats( 1303): Unexpected resume of com.kingvidbina.test while already resumed in com.kingvidbina.test
V/WindowManager( 1303): Remove Window{47e6ff00 SurfaceView paused=false}: mSurface=null mExiting=false isAnimating=false app-animation=null inPendingTransaction=false mDisplayFrozen=true
V/WindowManager( 1303): Remove Window{48142560 com.kingvidbina.test/com.kingvidbina.test.Cam paused=false}: mSurface=Surface(name=com.kingvidbina.test/com.kingvidbina.test.Cam, identity=541) mExiting=false isAnimating=false app-animation=null inPendingTransaction=false mDisplayFrozen=true
E/AndroidRuntime(11259): FATAL EXCEPTION: main
E/AndroidRuntime(11259): java.lang.RuntimeException: Method called after release()
E/AndroidRuntime(11259): 	at android.hardware.Camera.setHasPreviewCallback(Native Method)
E/AndroidRuntime(11259): 	at android.hardware.Camera.access$600(Camera.java:58)
E/AndroidRuntime(11259): 	at android.hardware.Camera$EventHandler.handleMessage(Camera.java:344)
E/AndroidRuntime(11259): 	at android.os.Handler.dispatchMessage(Handler.java:99)
E/AndroidRuntime(11259): 	at android.os.Looper.loop(Looper.java:143)
E/AndroidRuntime(11259): 	at android.app.ActivityThread.main(ActivityThread.java:5068)
E/AndroidRuntime(11259): 	at java.lang.reflect.Method.invokeNative(Native Method)
E/AndroidRuntime(11259): 	at java.lang.reflect.Method.invoke(Method.java:521)
E/AndroidRuntime(11259): 	at com.android.internal.os.ZygoteInit$MethodAndArgsCaller.run(ZygoteInit.java:858)
E/AndroidRuntime(11259): 	at com.android.internal.os.ZygoteInit.main(ZygoteInit.java:616)
E/AndroidRuntime(11259): 	at dalvik.system.NativeStart.main(Native Method)
W/ActivityManager( 1303):   Force finishing activity com.kingvidbina.test/.Cam
W/ActivityManager( 1303): Activity pause timeout for HistoryRecord{481a2188 com.kingvidbina.test/.Cam}
V/WindowManager( 1303): Remove Window{47d6de08 Sorry! paused=false}: mSurface=Surface(name=Sorry!, identity=543) mExiting=false isAnimating=false app-animation=null inPendingTransaction=false mDisplayFrozen=false
E/WindowManager( 1303): return in removeWindowLocked
I/ActivityManager( 1303): Process com.kingvidbina.test (pid 11259) has died.
I/WindowManager( 1303): WIN DEATH: Window{47d52840 com.kingvidbina.test/com.kingvidbina.test.Cam paused=false}
V/WindowManager( 1303): Remove Window{47d52840 com.kingvidbina.test/com.kingvidbina.test.Cam paused=false}: mSurface=null mExiting=false isAnimating=false app-animation=null inPendingTransaction=false mDisplayFrozen=false
I/WindowManager( 1303): WIN DEATH: Window{47f88d90 com.kingvidbina.test/com.kingvidbina.test.Main paused=false}
V/WindowManager( 1303): Remove Window{47f88d90 com.kingvidbina.test/com.kingvidbina.test.Main paused=false}: mSurface=null mExiting=false isAnimating=true app-animation=com.android.server.WindowManagerService$DummyAnimation@47a52438 inPendingTransaction=true mDisplayFrozen=false
I/ActivityManager( 1303): Start proc com.kingvidbina.test for activity com.kingvidbina.test/.Main: pid=11282 uid=10261 gids={1006, 1015}
I/UsageStats( 1303): Unexpected resume of com.kingvidbina.test while already resumed in com.kingvidbina.test
V/WindowManager( 1303): Remove Window{47dca0d8 Starting com.kingvidbina.test paused=false}: mSurface=Surface(name=Starting com.kingvidbina.test, identity=544) mExiting=false isAnimating=false app-animation=null inPendingTransaction=false mDisplayFrozen=false
E/WindowManager( 1303): return in removeWindowLocked
D/InputManagerService( 1303): Got RemoteException sending setActive(false) notification to pid 11259 uid 10261
D/TelephonyRegistry( 1303): notifyDataConnection() state=2isDataConnectivityPossible()true, reason=null
D/TelephonyRegistry( 1303): broadcastDataConnectionStateChanged()  state=CONNECTEDtypes=default,dun,supl, interfaceName=rmnet0
D/WifiService( 1303): releaseWifiLockLocked: WifiLock{NetworkLocationProvider type=2 binder=android.os.Binder@47ebd008}
D/WifiService( 1303): enable and start wifi due to updateWifiState
I/ActivityManager( 1303): Starting activity: Intent { cmp=com.kingvidbina.test/.Cam }
I/WindowManager( 1303): Setting rotation to 0, animFlags=0
I/ActivityManager( 1303): Config changed: { scale=1.0 imsi=204/4 loc=en_NL touch=3 keys=1/1/2 nav=1/1 orien=1 layout=34 uiMode=17 seq=27 skin=com.htc.skin.Slate}
I/UsageStats( 1303): Unexpected resume of com.kingvidbina.test while already resumed in com.kingvidbina.test
V/WindowManager( 1303): Remove Window{47e61880 SurfaceView paused=false}: mSurface=null mExiting=false isAnimating=false app-animation=null inPendingTransaction=false mDisplayFrozen=true
V/WindowManager( 1303): Remove Window{47e5e308 com.kingvidbina.test/com.kingvidbina.test.Cam paused=false}: mSurface=Surface(name=com.kingvidbina.test/com.kingvidbina.test.Cam, identity=546) mExiting=false isAnimating=false app-animation=null inPendingTransaction=false mDisplayFrozen=true
I/WindowManager( 1303): Setting rotation to 1, animFlags=0
I/ActivityManager( 1303): Config changed: { scale=1.0 imsi=204/4 loc=en_NL touch=3 keys=1/1/2 nav=1/1 orien=2 layout=34 uiMode=17 seq=28 skin=com.htc.skin.Slate}
I/UsageStats( 1303): Unexpected resume of com.kingvidbina.test while already resumed in com.kingvidbina.test
V/WindowManager( 1303): Remove Window{47e79aa8 SurfaceView paused=false}: mSurface=null mExiting=false isAnimating=false app-animation=null inPendingTransaction=false mDisplayFrozen=true
V/WindowManager( 1303): Remove Window{47e6bb90 com.kingvidbina.test/com.kingvidbina.test.Cam paused=false}: mSurface=Surface(name=com.kingvidbina.test/com.kingvidbina.test.Cam, identity=548) mExiting=false isAnimating=false app-animation=null inPendingTransaction=false mDisplayFrozen=true
E/AndroidRuntime(11282): FATAL EXCEPTION: main
E/AndroidRuntime(11282): java.lang.RuntimeException: Method called after release()
E/AndroidRuntime(11282): 	at android.hardware.Camera.setHasPreviewCallback(Native Method)
E/AndroidRuntime(11282): 	at android.hardware.Camera.access$600(Camera.java:58)
E/AndroidRuntime(11282): 	at android.hardware.Camera$EventHandler.handleMessage(Camera.java:344)
E/AndroidRuntime(11282): 	at android.os.Handler.dispatchMessage(Handler.java:99)
E/AndroidRuntime(11282): 	at android.os.Looper.loop(Looper.java:143)
E/AndroidRuntime(11282): 	at android.app.ActivityThread.main(ActivityThread.java:5068)
E/AndroidRuntime(11282): 	at java.lang.reflect.Method.invokeNative(Native Method)
E/AndroidRuntime(11282): 	at java.lang.reflect.Method.invoke(Method.java:521)
E/AndroidRuntime(11282): 	at com.android.internal.os.ZygoteInit$MethodAndArgsCaller.run(ZygoteInit.java:858)
E/AndroidRuntime(11282): 	at com.android.internal.os.ZygoteInit.main(ZygoteInit.java:616)
E/AndroidRuntime(11282): 	at dalvik.system.NativeStart.main(Native Method)
W/ActivityManager( 1303):   Force finishing activity com.kingvidbina.test/.Cam
W/ActivityManager( 1303): Activity pause timeout for HistoryRecord{47e73510 com.kingvidbina.test/.Cam}
V/WindowManager( 1303): Remove Window{47ee1010 Sorry! paused=false}: mSurface=Surface(name=Sorry!, identity=550) mExiting=false isAnimating=false app-animation=null inPendingTransaction=false mDisplayFrozen=false
E/WindowManager( 1303): return in removeWindowLocked
I/WindowManager( 1303): WIN DEATH: Window{47e8c888 com.kingvidbina.test/com.kingvidbina.test.Cam paused=false}
I/ActivityManager( 1303): Process com.kingvidbina.test (pid 11282) has died.
V/WindowManager( 1303): Remove Window{47e8c888 com.kingvidbina.test/com.kingvidbina.test.Cam paused=false}: mSurface=null mExiting=false isAnimating=false app-animation=null inPendingTransaction=false mDisplayFrozen=false
I/WindowManager( 1303): WIN DEATH: Window{47e4ca38 com.kingvidbina.test/com.kingvidbina.test.Main paused=false}
V/WindowManager( 1303): Remove Window{47e4ca38 com.kingvidbina.test/com.kingvidbina.test.Main paused=false}: mSurface=null mExiting=false isAnimating=true app-animation=com.android.server.WindowManagerService$DummyAnimation@47a52438 inPendingTransaction=true mDisplayFrozen=false
I/UsageStats( 1303): Unexpected resume of com.htc.searchanywhere while already resumed in com.kingvidbina.test
D/InputManagerService( 1303): Ignoring showSoftInput of: com.android.internal.view.IInputMethodClient$Stub$Proxy@481199f0
D/InputManagerService( 1303): Starting input on non-focused client com.android.internal.view.IInputMethodClient$Stub$Proxy@48000138 (uid=10046 pid=1985)
D/InputManagerService( 1303): Got RemoteException sending setActive(false) notification to pid 11282 uid 10261
I/WindowManager( 1303): Setting rotation to 0, animFlags=1
I/ActivityManager( 1303): Config changed: { scale=1.0 imsi=204/4 loc=en_NL touch=3 keys=1/1/2 nav=1/1 orien=1 layout=34 uiMode=17 seq=29 skin=com.htc.skin.Slate}
V/WindowManager( 1303): Remove Window{47dc6788 com.htc.searchanywhere/com.htc.searchanywhere.SearchActivity paused=false}: mSurface=Surface(name=com.htc.searchanywhere/com.htc.searchanywhere.SearchActivity, identity=551) mExiting=false isAnimating=false app-animation=null inPendingTransaction=false mDisplayFrozen=false
I/InputManagerService( 1303): Receive : Intent.ACTION_SCREEN_OFF
I/InputManagerService( 1303): Disable input method client.
D/StatusBar( 1303): DISABLE_EXPAND: yes
D/WifiService( 1303): ACTION_SCREEN_OFF
D/ConnectivityService( 1303): getMobileDataEnabled returning true
D/ConnectivityService( 1303): getMobileDataEnabled returning true
D/ConnectivityService( 1303): getMobileDataEnabled returning true
D/WifiService( 1303): acquireWifiLockLocked: WifiLock{NetworkLocationProvider type=2 binder=android.os.Binder@47ebd008}
D/WifiService( 1303): enable and start wifi due to updateWifiState
D/WifiService( 1303): releaseWifiLockLocked: WifiLock{NetworkLocationProvider type=2 binder=android.os.Binder@47ebd008}
D/WifiService( 1303): enable and start wifi due to updateWifiState
D/WifiService( 1303): acquireWifiLockLocked: WifiLock{NetworkLocationProvider type=2 binder=android.os.Binder@47ebd008}
D/WifiService( 1303): enable and start wifi due to updateWifiState
D/WifiService( 1303): releaseWifiLockLocked: WifiLock{NetworkLocationProvider type=2 binder=android.os.Binder@47ebd008}
D/WifiService( 1303): enable and start wifi due to updateWifiState
D/WifiService( 1303): acquireWifiLockLocked: WifiLock{NetworkLocationProvider type=2 binder=android.os.Binder@47ebd008}
D/WifiService( 1303): enable and start wifi due to updateWifiState
D/WifiService( 1303): releaseWifiLockLocked: WifiLock{NetworkLocationProvider type=2 binder=android.os.Binder@47ebd008}
D/WifiService( 1303): enable and start wifi due to updateWifiState
D/WifiService( 1303): acquireWifiLockLocked: WifiLock{NetworkLocationProvider type=2 binder=android.os.Binder@47ebd008}
D/WifiService( 1303): enable and start wifi due to updateWifiState
D/WifiService( 1303): releaseWifiLockLocked: WifiLock{NetworkLocationProvider type=2 binder=android.os.Binder@47ebd008}
D/WifiService( 1303): enable and start wifi due to updateWifiState
I/InputManagerService( 1303): Receive : Intent.ACTION_SCREEN_ON
I/InputManagerService( 1303): Enable input method client.
D/WifiService( 1303): ACTION_SCREEN_ON
D/WifiService( 1303): cancelling DHCP renew timer
D/WifiService( 1303): enable and start wifi due to updateWifiState
D/ConnectivityService( 1303): getMobileDataEnabled returning true
D/ConnectivityService( 1303): getMobileDataEnabled returning true
D/ConnectivityService( 1303): getMobileDataEnabled returning true
E/touch   ( 1303): dump windows for ace freeze ========
E/touch   ( 1303): Window{47d85720 Keyguard paused=false}
E/touch   ( 1303): Window{47aacf58 StatusBar paused=false}
E/touch   ( 1303): Window{47eeb628 com.android.internal.service.wallpaper.ImageWallpaper paused=false}
E/touch   ( 1303): Window{47e792b0 StatusBarExpanded paused=false}
E/touch   ( 1303): Window{47b06318 TrackingView paused=false}
E/touch   ( 1303): Window{47ef4430 InputMethod paused=false}
E/touch   ( 1303): Window{47ee06d0 com.htc.launcher/com.htc.launcher.Launcher paused=false}
E/touch   ( 1303): Window{47e12eb8 com.htc.music/com.htc.music.HtcMusic paused=false}
E/touch   ( 1303): Window{47e9fe90 SurfaceView paused=false}
E/touch   ( 1303): Window{47d21938 com.google.android.gm/com.google.android.gm.ConversationListActivity paused=false}
E/touch   ( 1303): Window{481acfb8 com.android.htcdialer/com.android.htcdialer.Dialer paused=false}
E/touch   ( 1303): Window{481a7980 com.android.htccontacts/com.android.htccontacts.BrowseLayerCarouselActivity paused=false}
E/touch   ( 1303): Window{47d1bb18 com.android.camera/com.android.camera.CameraEntry paused=false}
E/touch   ( 1303): Window{47ede698 SurfaceView paused=false}
E/touch   ( 1303): Window{479d9640 com.android.phone/com.android.phone.InCallScreen paused=false}
E/touch   ( 1303): Window{47fe6cc0 mobi.mgeek.TunnyBrowser/mobi.mgeek.TunnyBrowser.BrowserActivity paused=false}
E/touch   ( 1303): End dump windows for ace freeze
E/touch   ( 1303): Checking dispatch to: Window{47d85720 Keyguard paused=false}
E/touch   ( 1303): Using this target!
E/touch   ( 1303): target is Window{47d85720 Keyguard paused=false}
E/touch   ( 1303): target is Window{47d85720 Keyguard paused=false}
E/touch   ( 1303): target is Window{47d85720 Keyguard paused=false}
E/touch   ( 1303): target is Window{47d85720 Keyguard paused=false}
E/touch   ( 1303): target is Window{47d85720 Keyguard paused=false}
D/InputManagerService( 1303): Window already focused, ignoring focus gain of: com.android.internal.view.IInputMethodClient$Stub$Proxy@47ef8db0
D/TelephonyRegistry( 1303): notifyDataConnection() state=2isDataConnectivityPossible()true, reason=null
D/TelephonyRegistry( 1303): broadcastDataConnectionStateChanged()  state=CONNECTEDtypes=default,dun,supl, interfaceName=rmnet0
D/TelephonyRegistry( 1303): notifyDataConnection() state=2isDataConnectivityPossible()true, reason=null
D/TelephonyRegistry( 1303): broadcastDataConnectionStateChanged()  state=CONNECTEDtypes=default,dun,supl, interfaceName=rmnet0
D/WifiService( 1303): acquireWifiLockLocked: WifiLock{NetworkLocationProvider type=2 binder=android.os.Binder@47ebd008}
D/WifiService( 1303): enable and start wifi due to updateWifiState
D/WifiService( 1303): releaseWifiLockLocked: WifiLock{NetworkLocationProvider type=2 binder=android.os.Binder@47ebd008}
D/WifiService( 1303): enable and start wifi due to updateWifiState
D/TelephonyRegistry( 1303): notifyDataConnection() state=2isDataConnectivityPossible()true, reason=null
D/TelephonyRegistry( 1303): broadcastDataConnectionStateChanged()  state=CONNECTEDtypes=default,dun,supl, interfaceName=rmnet0
I/ActivityManager( 1303): Start proc com.android.defcontainer for service com.android.defcontainer/.DefaultContainerService: pid=11360 uid=10069 gids={1015, 2001}
I/ActivityManager( 1303): Force stopping package com.kingvidbina.test uid=10261
I/PackageManager( 1303): Package com.kingvidbina.test codePath changed from /data/app/com.kingvidbina.test-2.apk to /data/app/com.kingvidbina.test-1.apk; Retaining data and using new
I/ActivityManager( 1303): Force stopping package com.kingvidbina.test uid=10261
W/PackageManager( 1303): Code path for pkg : com.kingvidbina.test changing from /data/app/com.kingvidbina.test-2.apk to /data/app/com.kingvidbina.test-1.apk
W/PackageManager( 1303): Resource path for pkg : com.kingvidbina.test changing from /data/app/com.kingvidbina.test-2.apk to /data/app/com.kingvidbina.test-1.apk
D/TelephonyRegistry( 1303): notifyDataConnection() state=2isDataConnectivityPossible()true, reason=null
D/TelephonyRegistry( 1303): broadcastDataConnectionStateChanged()  state=CONNECTEDtypes=default,dun,supl, interfaceName=rmnet0
I/ActivityManager( 1303): Force stopping package com.kingvidbina.test uid=10261
I/ActivityManager( 1303): Start proc com.htc.RosieUtility for broadcast com.htc.AddProgramWidget/.HtcWidgetScanner: pid=11376 uid=10047 gids={3003, 2001, 1015}
I/ActivityManager( 1303): Start proc com.htc.opensense for broadcast com.htc.opensense/.pluginmanager.RegisterReceiver: pid=11384 uid=10006 gids={3003, 1006, 2001, 1015}
I/ActivityManager( 1303): Start proc com.htc.searchanywhere.widget for broadcast com.htc.searchanywhere.widget/.SearchAnywhere3rdDelete: pid=11391 uid=9999 gids={3003, 3002, 3001, 1015, 2001}
D/TelephonyRegistry( 1303): notifyDataConnection() state=2isDataConnectivityPossible()true, reason=null
D/TelephonyRegistry( 1303): broadcastDataConnectionStateChanged()  state=CONNECTEDtypes=default,dun,supl, interfaceName=rmnet0
D/WifiService( 1303): acquireWifiLockLocked: WifiLock{NetworkLocationProvider type=2 binder=android.os.Binder@47ebd008}
D/WifiService( 1303): enable and start wifi due to updateWifiState
D/WifiService( 1303): releaseWifiLockLocked: WifiLock{NetworkLocationProvider type=2 binder=android.os.Binder@47ebd008}
D/WifiService( 1303): enable and start wifi due to updateWifiState
I/ActivityManager( 1303): Starting activity: Intent { act=android.intent.action.MAIN flg=0x10000000 cmp=com.kingvidbina.test/.Main }
I/ActivityManager( 1303): Start proc com.kingvidbina.test for activity com.kingvidbina.test/.Main: pid=11426 uid=10261 gids={1006, 1015}
I/WindowManager( 1303): Setting rotation to 1, animFlags=1
I/ActivityManager( 1303): Config changed: { scale=1.0 imsi=204/4 loc=en_NL touch=3 keys=1/1/2 nav=1/1 orien=2 layout=34 uiMode=17 seq=30 skin=com.htc.skin.Slate}
D/TelephonyRegistry( 1303): notifyDataConnection() state=2isDataConnectivityPossible()true, reason=null
D/TelephonyRegistry( 1303): broadcastDataConnectionStateChanged()  state=CONNECTEDtypes=default,dun,supl, interfaceName=rmnet0
W/WindowManager( 1303): Window freeze timeout expired.
W/WindowManager( 1303): Force clearing orientation change: Window{47aacf58 StatusBar paused=false}
W/WindowManager( 1303): Force clearing orientation change: Window{47e792b0 StatusBarExpanded paused=false}
V/WindowManager( 1303): Remove Window{4813ead0 Starting com.kingvidbina.test paused=false}: mSurface=Surface(name=Starting com.kingvidbina.test, identity=555) mExiting=false isAnimating=false app-animation=null inPendingTransaction=false mDisplayFrozen=true
I/WindowManager( 1303): Setting rotation to 0, animFlags=0
I/ActivityManager( 1303): Config changed: { scale=1.0 imsi=204/4 loc=en_NL touch=3 keys=1/1/2 nav=1/1 orien=1 layout=34 uiMode=17 seq=31 skin=com.htc.skin.Slate}
V/WindowManager( 1303): Remove Window{481a0048 com.kingvidbina.test/com.kingvidbina.test.Main paused=false}: mSurface=Surface(name=com.kingvidbina.test/com.kingvidbina.test.Main, identity=556) mExiting=false isAnimating=false app-animation=null inPendingTransaction=false mDisplayFrozen=true
I/UsageStats( 1303): Unexpected resume of com.kingvidbina.test while already resumed in com.kingvidbina.test
D/TelephonyRegistry( 1303): notifyDataConnection() state=2isDataConnectivityPossible()true, reason=null
D/TelephonyRegistry( 1303): broadcastDataConnectionStateChanged()  state=CONNECTEDtypes=default,dun,supl, interfaceName=rmnet0
I/ActivityManager( 1303): Starting activity: Intent { cmp=com.kingvidbina.test/.Cam }
I/ActivityManager( 1303): No longer want com.android.defcontainer (pid 11360): hidden #16
I/ActivityManager( 1303): No longer want com.twitter.android (pid 9613): hidden #16
I/ActivityManager( 1303): No longer want com.htc.bg (pid 10564): hidden #16
I/ActivityManager( 1303): No longer want com.htc.android.Stock (pid 11020): hidden #16
I/ActivityManager( 1303): No longer want lwhapps.stock (pid 10355): hidden #16
I/ActivityManager( 1303): No longer want de.ub0r.de.android.callMeterNG (pid 10860): hidden #16
W/ActivityManager( 1303): Scheduling restart of crashed service lwhapps.stock/.PriceService in 5000ms
W/ActivityManager( 1303): Scheduling restart of crashed service com.twitter.android/.service.TwitterService in 14939ms
I/WindowManager( 1303): Setting rotation to 1, animFlags=0
I/ActivityManager( 1303): Config changed: { scale=1.0 imsi=204/4 loc=en_NL touch=3 keys=1/1/2 nav=1/1 orien=2 layout=34 uiMode=17 seq=32 skin=com.htc.skin.Slate}
I/UsageStats( 1303): Unexpected resume of com.kingvidbina.test while already resumed in com.kingvidbina.test
V/WindowManager( 1303): Remove Window{47f8c368 SurfaceView paused=false}: mSurface=null mExiting=false isAnimating=false app-animation=null inPendingTransaction=false mDisplayFrozen=true
V/WindowManager( 1303): Remove Window{47f73e20 com.kingvidbina.test/com.kingvidbina.test.Cam paused=false}: mSurface=Surface(name=com.kingvidbina.test/com.kingvidbina.test.Cam, identity=558) mExiting=false isAnimating=false app-animation=null inPendingTransaction=false mDisplayFrozen=true
I/ActivityManager( 1303): Start proc lwhapps.stock for service lwhapps.stock/.PriceService: pid=11446 uid=10214 gids={3003, 1015}
D/TelephonyRegistry( 1303): notifyDataConnection() state=2isDataConnectivityPossible()true, reason=null
D/TelephonyRegistry( 1303): broadcastDataConnectionStateChanged()  state=CONNECTEDtypes=default,dun,supl, interfaceName=rmnet0
I/WindowManager( 1303): Setting rotation to 0, animFlags=0
I/ActivityManager( 1303): Config changed: { scale=1.0 imsi=204/4 loc=en_NL touch=3 keys=1/1/2 nav=1/1 orien=1 layout=34 uiMode=17 seq=33 skin=com.htc.skin.Slate}
I/UsageStats( 1303): Unexpected resume of com.kingvidbina.test while already resumed in com.kingvidbina.test
V/WindowManager( 1303): Remove Window{48051348 SurfaceView paused=false}: mSurface=null mExiting=false isAnimating=false app-animation=null inPendingTransaction=false mDisplayFrozen=true
V/WindowManager( 1303): Remove Window{47faa3d8 com.kingvidbina.test/com.kingvidbina.test.Cam paused=false}: mSurface=Surface(name=com.kingvidbina.test/com.kingvidbina.test.Cam, identity=560) mExiting=false isAnimating=false app-animation=null inPendingTransaction=false mDisplayFrozen=true
E/AndroidRuntime(11426): FATAL EXCEPTION: main
E/AndroidRuntime(11426): java.lang.RuntimeException: Method called after release()
E/AndroidRuntime(11426): 	at android.hardware.Camera.setHasPreviewCallback(Native Method)
E/AndroidRuntime(11426): 	at android.hardware.Camera.access$600(Camera.java:58)
E/AndroidRuntime(11426): 	at android.hardware.Camera$EventHandler.handleMessage(Camera.java:344)
E/AndroidRuntime(11426): 	at android.os.Handler.dispatchMessage(Handler.java:99)
E/AndroidRuntime(11426): 	at android.os.Looper.loop(Looper.java:143)
E/AndroidRuntime(11426): 	at android.app.ActivityThread.main(ActivityThread.java:5068)
E/AndroidRuntime(11426): 	at java.lang.reflect.Method.invokeNative(Native Method)
E/AndroidRuntime(11426): 	at java.lang.reflect.Method.invoke(Method.java:521)
E/AndroidRuntime(11426): 	at com.android.internal.os.ZygoteInit$MethodAndArgsCaller.run(ZygoteInit.java:858)
E/AndroidRuntime(11426): 	at com.android.internal.os.ZygoteInit.main(ZygoteInit.java:616)
E/AndroidRuntime(11426): 	at dalvik.system.NativeStart.main(Native Method)
W/ActivityManager( 1303):   Force finishing activity com.kingvidbina.test/.Cam
W/ActivityManager( 1303): Activity pause timeout for HistoryRecord{47d37998 com.kingvidbina.test/.Cam}
V/WindowManager( 1303): Remove Window{480c7b98 Sorry! paused=false}: mSurface=Surface(name=Sorry!, identity=562) mExiting=false isAnimating=false app-animation=null inPendingTransaction=false mDisplayFrozen=false
E/WindowManager( 1303): return in removeWindowLocked
I/WindowManager( 1303): WIN DEATH: Window{480c6ff8 com.kingvidbina.test/com.kingvidbina.test.Cam paused=false}
I/ActivityManager( 1303): Process com.kingvidbina.test (pid 11426) has died.
V/WindowManager( 1303): Remove Window{480c6ff8 com.kingvidbina.test/com.kingvidbina.test.Cam paused=false}: mSurface=null mExiting=false isAnimating=false app-animation=null inPendingTransaction=false mDisplayFrozen=false
I/WindowManager( 1303): WIN DEATH: Window{47e6bef8 com.kingvidbina.test/com.kingvidbina.test.Main paused=false}
V/WindowManager( 1303): Remove Window{47e6bef8 com.kingvidbina.test/com.kingvidbina.test.Main paused=false}: mSurface=null mExiting=false isAnimating=true app-animation=com.android.server.WindowManagerService$DummyAnimation@47a52438 inPendingTransaction=true mDisplayFrozen=false
I/UsageStats( 1303): Unexpected resume of com.htc.launcher while already resumed in com.kingvidbina.test
D/InputManagerService( 1303): Got RemoteException sending setActive(false) notification to pid 11426 uid 10261
D/WifiService( 1303): acquireWifiLockLocked: WifiLock{NetworkLocationProvider type=2 binder=android.os.Binder@47ebd008}
D/WifiService( 1303): enable and start wifi due to updateWifiState
D/WifiService( 1303): releaseWifiLockLocked: WifiLock{NetworkLocationProvider type=2 binder=android.os.Binder@47ebd008}
D/WifiService( 1303): enable and start wifi due to updateWifiState
D/WifiService( 1303): ACTION_BATTERY_CHANGED pluggedType: 2
D/WifiService( 1303): acquireWifiLockLocked: WifiLock{NetworkLocationProvider type=2 binder=android.os.Binder@47ebd008}
D/WifiService( 1303): enable and start wifi due to updateWifiState
D/WifiService( 1303): releaseWifiLockLocked: WifiLock{NetworkLocationProvider type=2 binder=android.os.Binder@47ebd008}
D/WifiService( 1303): enable and start wifi due to updateWifiState
D/WifiService( 1303): acquireWifiLockLocked: WifiLock{NetworkLocationProvider type=2 binder=android.os.Binder@47ebd008}
D/WifiService( 1303): enable and start wifi due to updateWifiState
D/TelephonyRegistry( 1303): notifyDataConnection() state=2isDataConnectivityPossible()true, reason=null
D/TelephonyRegistry( 1303): broadcastDataConnectionStateChanged()  state=CONNECTEDtypes=default,dun,supl, interfaceName=rmnet0
D/WifiService( 1303): releaseWifiLockLocked: WifiLock{NetworkLocationProvider type=2 binder=android.os.Binder@47ebd008}
D/WifiService( 1303): enable and start wifi due to updateWifiState
D/TelephonyRegistry( 1303): notifyDataConnection() state=2isDataConnectivityPossible()true, reason=null
D/TelephonyRegistry( 1303): broadcastDataConnectionStateChanged()  state=CONNECTEDtypes=default,dun,supl, interfaceName=rmnet0
I/ActivityManager( 1303): Start proc com.android.defcontainer for service com.android.defcontainer/.DefaultContainerService: pid=11495 uid=10069 gids={1015, 2001}
I/ActivityManager( 1303): Force stopping package com.kingvidbina.test uid=10261
I/PackageManager( 1303): Package com.kingvidbina.test codePath changed from /data/app/com.kingvidbina.test-1.apk to /data/app/com.kingvidbina.test-2.apk; Retaining data and using new
I/ActivityManager( 1303): Force stopping package com.kingvidbina.test uid=10261
W/PackageManager( 1303): Code path for pkg : com.kingvidbina.test changing from /data/app/com.kingvidbina.test-1.apk to /data/app/com.kingvidbina.test-2.apk
W/PackageManager( 1303): Resource path for pkg : com.kingvidbina.test changing from /data/app/com.kingvidbina.test-1.apk to /data/app/com.kingvidbina.test-2.apk
I/ActivityManager( 1303): Force stopping package com.kingvidbina.test uid=10261
D/WifiService( 1303): acquireWifiLockLocked: WifiLock{NetworkLocationProvider type=2 binder=android.os.Binder@47ebd008}
D/WifiService( 1303): enable and start wifi due to updateWifiState
D/WifiService( 1303): releaseWifiLockLocked: WifiLock{NetworkLocationProvider type=2 binder=android.os.Binder@47ebd008}
D/WifiService( 1303): enable and start wifi due to updateWifiState
D/TelephonyRegistry( 1303): notifyDataConnection() state=2isDataConnectivityPossible()true, reason=null
D/TelephonyRegistry( 1303): broadcastDataConnectionStateChanged()  state=CONNECTEDtypes=default,dun,supl, interfaceName=rmnet0
I/ActivityManager( 1303): Starting activity: Intent { act=android.intent.action.MAIN flg=0x10000000 cmp=com.kingvidbina.test/.Main }
I/ActivityManager( 1303): Start proc com.kingvidbina.test for activity com.kingvidbina.test/.Main: pid=11534 uid=10261 gids={1006, 1015}
V/WindowManager( 1303): Remove Window{480fbbb0 Starting com.kingvidbina.test paused=false}: mSurface=Surface(name=Starting com.kingvidbina.test, identity=564) mExiting=false isAnimating=false app-animation=null inPendingTransaction=false mDisplayFrozen=false
E/WindowManager( 1303): return in removeWindowLocked
D/TelephonyRegistry( 1303): notifyDataConnection() state=2isDataConnectivityPossible()true, reason=null
D/TelephonyRegistry( 1303): broadcastDataConnectionStateChanged()  state=CONNECTEDtypes=default,dun,supl, interfaceName=rmnet0
I/ActivityManager( 1303): Starting activity: Intent { cmp=com.kingvidbina.test/.Cam }
--------- beginning of /dev/log/main
D/QualcommCameraHardware( 1218): native_access_parm: fd 13, type 15, length 4
D/QualcommCameraHardware( 1218): native_access_parm: fd 13, type 14, length 4
D/QualcommCameraHardware( 1218): setFlash 0
D/QualcommCameraHardware( 1218): native_access_parm: fd 13, type 49, length 4
D/        ( 1218): In config_proc_CAMERA_SET_PARM_LED_MODE: 0
D/        ( 1218): set_led_mode = 0, led_ctrl_p->led_mode = 0
I/QualcommCameraHardware( 1218): Set zoom=0 30
D/QualcommCameraHardware( 1218): native_access_parm: fd 13, type 2, length 4
I/QualcommCameraHardware( 1218): Setting Contrast is 5
D/QualcommCameraHardware( 1218): native_access_parm: fd 13, type 6, length 4
I/QualcommCameraHardware( 1218): Setting Brightness is 3
D/QualcommCameraHardware( 1218): native_access_parm: fd 13, type 7, length 4
I/QualcommCameraHardware( 1218): Setting Saturation is 5
D/QualcommCameraHardware( 1218): native_access_parm: fd 13, type 11, length 4
I/QualcommCameraHardware( 1218): Setting Sharpness is 10
D/QualcommCameraHardware( 1218): native_access_parm: fd 13, type 9, length 4
D/QualcommCameraHardware( 1218): native_access_parm: fd 13, type 12, length 4
I/QualcommCameraHardware( 1218): xxx set CAF :0
D/QualcommCameraHardware( 1218): native_access_parm: fd 13, type 65, length 4
D/QualcommCameraHardware( 1218): not defined touch-focus yet, or AP without touch-focus function
I/QualcommCameraHardware( 1218): Before Setting coordinate x:240 y:160
I/QualcommCameraHardware( 1218): Setting coordinate x:2 y:2
D/QualcommCameraHardware( 1218): native_access_parm: fd 13, type 64, length 4
D/QualcommCameraHardware( 1218): native_access_parm: fd 13, type 73, length 18
D/QualcommCameraHardware( 1218): native_access_parm: fd 13, type 26, length 4
D/QualcommCameraHardware( 1218): native_access_parm: fd 13, type 62, length 4
D/QualcommCameraHardware( 1218): native_access_parm: fd 13, type 8, length 4
D/QualcommCameraHardware( 1218): virtual android::status_t android::QualcommCameraHardware::setParameters(const android::CameraParameters&), final_rc=0
D/        ( 1218): [GECameraParameters::getGPUEffect] enter
D/        ( 1218): [GECameraParameters::getGPUEffect] leave. no key GPU-effect
D/        ( 1218): [GECameraParameters::getGPUEffectParam] leave. no key GE-param0
D/        ( 1218): [GECameraParameters::getGPUEffectParam] leave. no key GE-param1
D/        ( 1218): [GECameraParameters::getGPUEffectParam] leave. no key GE-param3
I/GPUPostEffect( 1218): SIMON: int mlabs::GPUPostEffect::setParameters(mlabs::GPUPostEffect::GPUTask*): old effect = -1, new effect = -1.
D/GPUPostEffect( 1218): SIMON: setParameters: isGEInit == false: no call to ChooseEffect.
V/Test    (11534): post AsyncTask:InitCamera
D/CameraService( 1218): setPreviewDisplay(0x2b0f0) (pid 11534)
I/CameraService( 1218): mUseOverlay:1
D/CameraService( 1218): setOverlay
I/CameraService( 1218): setOverlay use previe size: w 480 h 320
D/CameraService( 1218): w 480 h 320 mOverlayW 0 mOverlayH 0
E/QualcommCameraHardware( 1218):  Overlay object NULL. returning 
D/CameraService( 1218): startCameraMode(0) (pid 11534)
D/CameraService( 1218): startPreviewMode (pid 11534)
D/CameraService( 1218): setOverlay
I/CameraService( 1218): setOverlay use previe size: w 480 h 320
D/QualcommCameraHardware( 1218): startPreview E
D/QualcommCameraHardware( 1218): initPreview E: preview size=480x320
D/QualcommCameraHardware( 1218): initPreview E: preview size=480x320 videosize = 480 x 320
D/QualcommCameraHardware( 1218): initPreview : preview size=480x320 videosize = 480 x 320
D/QualcommCameraHardware( 1218): initPreview: mFrameThreadWaitLock.lock()
D/QualcommCameraHardware( 1218): initPreview: mFrameThreadWaitLock.unlock()
D/QualcommCameraHardware( 1218): native_access_parm: fd 13, type 1, length 32
D/QualcommCameraHardware( 1218): initpreview before cam_frame thread carete , video frame  buffer=1101131776 fd=57 y_off=0 cbcr_off=153600 
D/QualcommCameraHardware( 1218): initPreview X: 1
D/GPUPostEffect( 1218): SIMON: virtual int mlabs::GPUPostEffect::startPreview(int, int) E.
D/GPUPostEffect( 1218): SIMON: int mlabs::GPUPostEffect::startPreview(mlabs::GPUPostEffect::GPUTask*) E.
D/GPUPostEffect( 1218): SIMON: int mlabs::GPUPostEffect::startPreview(mlabs::GPUPostEffect::GPUTask*): preview 480 x 320 started ok.
D/GPUPostEffect( 1218): SIMON: int mlabs::GPUPostEffect::startPreview(mlabs::GPUPostEffect::GPUTask*) X.
D/GPUPostEffect( 1218): SIMON: virtual int mlabs::GPUPostEffect::startPreview(int, int) X.
D/QualcommCameraHardware( 1218): android::status_t android::QualcommCameraHardware::startPreviewInternal(): startPreview 480 x 320 (0)
E/        ( 1218): config_proc_CAMERA_START_VIDEO:Line:1307 This ioctl can fail if pp_mask is zero. 
E/        ( 1218): config_proc_CAMERA_START_VIDEO:Line:1309 ioctl MSM_CAM_IOCTL_PICT_PP_DONE is failed...
D/QualcommCameraHardware( 1218): frame_thread E
I/CAMFRAME:( 1218): Open Device node : /dev/msm_camera/frame0 
D/        ( 1218): preview delay Dig_gain =1.000000, sparam->preview_fps 7685
D/QualcommCameraHardware( 1218): startPreview X
V/Test    (11534): PVCallback set
E/        ( 1218): TRIGGER_OUTDOOR
I/CameraService( 1218): [Camera KPI] 1st preview frame
E/        ( 1218): TRIGGER_NORMAL
D/dalvikvm(11534): GC_FOR_MALLOC freed 2986 objects / 185376 bytes in 63ms
D/dalvikvm(11534): GC_FOR_MALLOC freed 125 objects / 237240 bytes in 37ms
D/dalvikvm(11534): GC_FOR_MALLOC freed 3 objects / 230472 bytes in 35ms
D/dalvikvm(11534): GC_FOR_MALLOC freed 3 objects / 230472 bytes in 30ms
D/dalvikvm(11534): GC_FOR_MALLOC freed 3 objects / 230472 bytes in 29ms
D/dalvikvm(11534): GC_FOR_MALLOC freed 3 objects / 230472 bytes in 35ms
D/dalvikvm(11534): GC_FOR_MALLOC freed 3 objects / 230472 bytes in 34ms
D/dalvikvm(11534): GC_FOR_MALLOC freed 3 objects / 230472 bytes in 37ms
D/dalvikvm(11534): GC_FOR_MALLOC freed 3 objects / 230472 bytes in 36ms
D/dalvikvm(11534): GC_FOR_MALLOC freed 3 objects / 230472 bytes in 33ms
D/dalvikvm(11534): GC_FOR_MALLOC freed 3 objects / 230472 bytes in 38ms
D/dalvikvm(11534): GC_FOR_MALLOC freed 3 objects / 230472 bytes in 37ms
E/        ( 1218): TRIGGER_OUTDOOR
D/dalvikvm(11534): GC_FOR_MALLOC freed 3 objects / 230472 bytes in 35ms
D/dalvikvm(11534): GC_FOR_MALLOC freed 3 objects / 230472 bytes in 34ms
D/dalvikvm(11534): GC_FOR_MALLOC freed 3 objects / 230472 bytes in 37ms
D/dalvikvm(11534): GC_FOR_MALLOC freed 3 objects / 230472 bytes in 56ms
D/dalvikvm(11534): GC_FOR_MALLOC freed 3 objects / 230472 bytes in 45ms
I/HtcAlertDialog( 6207): onOrientationChanged: rotate from P to L = + Orientaion = 1
I/HtcAlertDialog( 6207): onOrientationChanged: rotate from P to L = + Orientaion = 1
D/dalvikvm(11534): GC_FOR_MALLOC freed 3 objects / 230472 bytes in 28ms
E/        ( 1218): TRIGGER_NORMAL
D/dalvikvm(11534): GC_FOR_MALLOC freed 3 objects / 230472 bytes in 31ms
D/dalvikvm(11534): GC_FOR_MALLOC freed 3 objects / 230472 bytes in 31ms
D/dalvikvm(11534): GC_FOR_MALLOC freed 3 objects / 230472 bytes in 36ms
I/WindowManager( 1303): Setting rotation to 1, animFlags=0
I/ActivityManager( 1303): Config changed: { scale=1.0 imsi=204/4 loc=en_NL touch=3 keys=1/1/2 nav=1/1 orien=2 layout=34 uiMode=17 seq=34 skin=com.htc.skin.Slate}
I/UsageStats( 1303): Unexpected resume of com.kingvidbina.test while already resumed in com.kingvidbina.test
D/dalvikvm(11534): GC_FOR_MALLOC freed 3 objects / 230472 bytes in 72ms
D/CameraService( 1218): Client::disconnect() E (pid 11534 client 0x6b7e0)
D/CameraService( 1218): hardware teardown
D/QualcommCameraHardware( 1218): stopPreview: E
D/QualcommCameraHardware( 1218): stopPreviewInternal E: 1
D/QualcommCameraHardware( 1218): cancelAutoFocusInternal E
D/QualcommCameraHardware( 1218): cancelAutoFocusInternal X: 0
E/        ( 1218): IOCTL MSM_CAM_IOCTL_CTRL_CMD_DONE type 51 failed
E/        ( 1218): VFE_RESET_ACK illegal ctrl->state 25
I/QualcommCameraHardware( 1218): deinitPreview E
D/QualcommCameraHardware( 1218): frame_thread X
E/CAMFRAME:( 1218): MSM_CAM_IOCTL_UNBLOCK_POLL_FRAME failed (Bad file number), frame thread may not exit.
I/QualcommCameraHardware( 1218): deinitPreview X
D/GPUPostEffect( 1218): SIMON: virtual int mlabs::GPUPostEffect::stopPreview() E.
D/GPUPostEffect( 1218): SIMON: int mlabs::GPUPostEffect::stopPreview(mlabs::GPUPostEffect::GPUTask*) E.
D/GPUPostEffect( 1218): SIMON: int mlabs::GPUPostEffect::stopPreview(mlabs::GPUPostEffect::GPUTask*) X.
D/GPUPostEffect( 1218): SIMON: virtual int mlabs::GPUPostEffect::stopPreview() X.
D/QualcommCameraHardware( 1218): void android::QualcommCameraHardware::stopPreviewInternal(): stopPreview done.
D/QualcommCameraHardware( 1218): stopPreviewInternal X: 0
D/QualcommCameraHardware( 1218): stopPreview: X
E/        ( 1218): config_proc_CAMERA_STOP_SNAPSHOT: state is not correct ctrl->state = 25
E/        ( 1218): VFE_RESET_ACK illegal ctrl->state 24
D/QualcommCameraHardware( 1218): release E
D/        ( 1218): SIMON:GM: mlabs::GPUPostEffect::GPUTask* mlabs::GPUPostEffect::get(): cancel 0 tasks.
I/GEManager( 1218): [~GEManager] enter
I/GEManager( 1218): [Deinit] enter
I/GEManager( 1218): [Deinit] delete m_pCurrShader
I/GEManager( 1218): [Deinit] delete m_pShaderBypass
I/GEManager( 1218): [Deinit] delete m_pSrcTexture
I/GEManager( 1218): [Deinit] delete m_pDstFbo
I/GEManager( 1218): [Deinit] leave
I/GEManager( 1218): [~GEManager] eglMakeCurrent
I/GEManager( 1218): [~GEManager] eglDestroySurface
I/GEManager( 1218): [~GEManager] eglDestroyContext
I/GEManager( 1218): [~GEManager] eglTerminate
I/GEManager( 1218): [~GEManager] leave
D/GPUPostEffect( 1218): SIMON: void* mlabs::GPUPostEffect::threadMain() X.
D/QualcommCameraHardware( 1218): libposteffect at 0xb001186c unloaded.
D/QualcommCameraHardware( 1218): virtual void android::QualcommCameraHardware::release(): GPU manager stopped.
D/QualcommCameraHardware( 1218): deinitRaw E
D/QualcommCameraHardware( 1218): deinitRaw X
D/        ( 1218): set_led_mode = 0, led_ctrl_p->led_mode = 0
D/QualcommCameraHardware( 1218): dlclose(libqcamera)
D/QualcommCameraHardware( 1218): release X
D/QualcommCameraHardware( 1218): ~QualcommCameraHardware E
D/QualcommCameraHardware( 1218): ~QualcommCameraHardware X
D/CameraService( 1218): removeClient (pid 11534) done
D/CameraService( 1218): Client::disconnect() X (pid 11534)
D/CameraService( 1218): Client::~Client E (pid 1218, client 0x6b7e0)
D/CameraService( 1218): Client::disconnect() E (pid 1218 client 0x6b7e0)
V/WindowManager( 1303): Remove Window{47d51d40 SurfaceView paused=false}: mSurface=null mExiting=false isAnimating=false app-animation=null inPendingTransaction=false mDisplayFrozen=true
D/CameraService( 1218): Client::~Client X (pid 1218)
V/WindowManager( 1303): Remove Window{48180ac8 com.kingvidbina.test/com.kingvidbina.test.Cam paused=false}: mSurface=Surface(name=com.kingvidbina.test/com.kingvidbina.test.Cam, identity=566) mExiting=false isAnimating=false app-animation=null inPendingTransaction=false mDisplayFrozen=true
V/Test    (11534): com.kingvidbina.test.Cam@476a39a8
V/Test    (11534): AsyncTask:InitCamera started
W/CameraSwitch(11534): open main camera
W/CameraSwitch(11534): no file - can't switch camera
D/CameraService( 1218): CameraService::connect E (pid 11534, client 0x6b7e0)
D/CameraService( 1218): Client::Client E (pid 11534)
D/QualcommCameraHardware( 1218): createInstance: E
D/QualcommCameraHardware( 1218):  Storing the current target type as 2 
D/QualcommCameraHardware( 1218): constructor EX
D/QualcommCameraHardware( 1218): startCamera E
